BL51 BANKED LINKER/LOCATER V6.22.2.0                                                    03/28/2021  17:37:58  PAGE 1


BL51 BANKED LINKER/LOCATER V6.22.2.0, INVOKED BY:
C:\KEIL_V5\C51\BIN\BL51.EXE .\Objects\STARTUP.obj, .\Objects\user_main.obj, .\Objects\remote.obj, .\Objects\e2prom.obj, 
>> .\Objects\gpio.obj, .\Objects\hw_timer.obj, .\Objects\uart.obj, .\Objects\rcc.obj, .\Objects\adc.obj, .\Objects\sleep
>> .obj, .\Objects\ev1527.obj, .\Objects\soft_timer.obj, .\Objects\button.obj, .\Objects\main.obj TO .\Objects\20ma_remo
>> te PRINT (.\Listings\20ma_remote.m51) RAMSIZE (256)


MEMORY MODEL: LARGE


INPUT MODULES INCLUDED:
  .\Objects\STARTUP.obj (?C_STARTUP)
  .\Objects\user_main.obj (USER_MAIN)
  .\Objects\remote.obj (REMOTE)
  .\Objects\e2prom.obj (E2PROM)
  .\Objects\gpio.obj (GPIO)
  .\Objects\hw_timer.obj (HW_TIMER)
  .\Objects\uart.obj (UART)
  .\Objects\rcc.obj (RCC)
  .\Objects\adc.obj (ADC)
  .\Objects\sleep.obj (SLEEP)
  .\Objects\ev1527.obj (EV1527)
  .\Objects\soft_timer.obj (SOFT_TIMER)
  .\Objects\button.obj (BUTTON)
  .\Objects\main.obj (MAIN)
  C:\KEIL_V5\C51\LIB\C51L.LIB (?C_INIT)
  C:\KEIL_V5\C51\LIB\C51L.LIB (?C?COPY)
  C:\KEIL_V5\C51\LIB\C51L.LIB (?C?CLDPTR)
  C:\KEIL_V5\C51\LIB\C51L.LIB (?C?CLDOPTR)
  C:\KEIL_V5\C51\LIB\C51L.LIB (?C?CSTPTR)
  C:\KEIL_V5\C51\LIB\C51L.LIB (?C?CSTOPTR)
  C:\KEIL_V5\C51\LIB\C51L.LIB (?C?IMUL)
  C:\KEIL_V5\C51\LIB\C51L.LIB (?C?UIDIV)
  C:\KEIL_V5\C51\LIB\C51L.LIB (?C?IILDX)
  C:\KEIL_V5\C51\LIB\C51L.LIB (?C?ILDOPTR)
  C:\KEIL_V5\C51\LIB\C51L.LIB (?C?IILDOPTR)
  C:\KEIL_V5\C51\LIB\C51L.LIB (?C?ISTOPTR)
  C:\KEIL_V5\C51\LIB\C51L.LIB (?C?LMUL)
  C:\KEIL_V5\C51\LIB\C51L.LIB (?C?ULDIV)
  C:\KEIL_V5\C51\LIB\C51L.LIB (?C?LNOT)
  C:\KEIL_V5\C51\LIB\C51L.LIB (?C?ULCMP)
  C:\KEIL_V5\C51\LIB\C51L.LIB (?C?LLDOPTR)
  C:\KEIL_V5\C51\LIB\C51L.LIB (?C?LSTOPTR)
  C:\KEIL_V5\C51\LIB\C51L.LIB (?C?LLDOPTR0)
  C:\KEIL_V5\C51\LIB\C51L.LIB (?C?LSTXDATA)
  C:\KEIL_V5\C51\LIB\C51L.LIB (?C?LSTKXDATA)
  C:\KEIL_V5\C51\LIB\C51L.LIB (?C?LSTKOPTR)
  C:\KEIL_V5\C51\LIB\C51L.LIB (?C?PLDPTR)
  C:\KEIL_V5\C51\LIB\C51L.LIB (?C?PSTPTR)
  C:\KEIL_V5\C51\LIB\C51L.LIB (?C?PLDOPTR)
  C:\KEIL_V5\C51\LIB\C51L.LIB (?C?PSTOPTR)
  C:\KEIL_V5\C51\LIB\C51L.LIB (?C?CCASE)
  C:\KEIL_V5\C51\LIB\C51L.LIB (?C?ICALL)
  C:\KEIL_V5\C51\LIB\C51L.LIB (?C?LIMUL)
  C:\KEIL_V5\C51\LIB\C51L.LIB (?C?MEMSET)
  C:\KEIL_V5\C51\LIB\C51L.LIB (?C?LLDIDATA)
  C:\KEIL_V5\C51\LIB\C51L.LIB (?C?LLDXDATA)
  C:\KEIL_V5\C51\LIB\C51L.LIB (?C?LLDPDATA)
BL51 BANKED LINKER/LOCATER V6.22.2.0                                                  03/28/2021  17:37:58  PAGE 2


  C:\KEIL_V5\C51\LIB\C51L.LIB (?C?LLDCODE)
  C:\KEIL_V5\C51\LIB\C51L.LIB (?C?LLDIDATA0)
  C:\KEIL_V5\C51\LIB\C51L.LIB (?C?LLDXDATA0)
  C:\KEIL_V5\C51\LIB\C51L.LIB (?C?LLDPDATA0)
  C:\KEIL_V5\C51\LIB\C51L.LIB (?C?LLDCODE0)
  C:\KEIL_V5\C51\LIB\C51L.LIB (?C?LSTIDATA)
  C:\KEIL_V5\C51\LIB\C51L.LIB (?C?LSTPDATA)
  C:\KEIL_V5\C51\LIB\C51L.LIB (?C?LSTKIDATA)
  C:\KEIL_V5\C51\LIB\C51L.LIB (?C?LSTKPDATA)
  C:\KEIL_V5\C51\LIB\C51L.LIB (?C?PLDIDATA)
  C:\KEIL_V5\C51\LIB\C51L.LIB (?C?PSTIDATA)
  C:\KEIL_V5\C51\LIB\C51L.LIB (?C?PLDXDATA)
  C:\KEIL_V5\C51\LIB\C51L.LIB (?C?PSTXDATA)
  C:\KEIL_V5\C51\LIB\C51L.LIB (?C?PLDPDATA)
  C:\KEIL_V5\C51\LIB\C51L.LIB (?C?PSTPDATA)
  C:\KEIL_V5\C51\LIB\C51L.LIB (?C?PLDCODE)


LINK MAP OF MODULE:  .\Objects\20ma_remote (?C_STARTUP)


            TYPE    BASE      LENGTH    RELOCATION   SEGMENT NAME
            -----------------------------------------------------

            * * * * * * *   D A T A   M E M O R Y   * * * * * * *
            REG     0000H     0008H     ABSOLUTE     "REG BANK 0"
                    0008H     0018H                  *** GAP ***
            BIT     0020H.0   0000H.1   UNIT         ?BI?UART
                    0020H.1   0000H.7                *** GAP ***
            IDATA   0021H     0001H     UNIT         ?STACK

            * * * * * * *  X D A T A   M E M O R Y  * * * * * * *
            XDATA   0000H     0117H     UNIT         ?XD?REMOTE
            XDATA   0117H     0040H     UNIT         ?XD?EV1527
            XDATA   0157H     002AH     UNIT         ?XD?SOFT_TIMER
            XDATA   0181H     0020H     UNIT         ?XD?BUTTON
            XDATA   01A1H     0014H     UNIT         ?XD?USER_MAIN
            XDATA   01B5H     000BH     UNIT         ?XD?_EV1527_ENCODE_POST?EV1527
            XDATA   01C0H     0009H     UNIT         ?XD?_CALC_CRC?REMOTE
            XDATA   01C9H     0009H     UNIT         ?XD?HW_TIMER
            XDATA   01D2H     0008H     UNIT         ?XD?_TIMER0_INIT?HW_TIMER
            XDATA   01DAH     0008H     UNIT         ?XD?_TIMER1_INIT?HW_TIMER
            XDATA   01E2H     0008H     UNIT         ?XD?_TIMER3_INIT?HW_TIMER
            XDATA   01EAH     0008H     UNIT         ?XD?_HW_TIMER_INIT?HW_TIMER
            XDATA   01F2H     0008H     UNIT         ?XD?_TK_TIMER_START?SOFT_TIMER
            XDATA   01FAH     0008H     UNIT         ?XD?_SOFT_TIMER_START?SOFT_TIMER
            XDATA   0202H     0008H     UNIT         ?XD?FLEX_BUTTON_READ?BUTTON
            XDATA   020AH     0007H     UNIT         ?XD?_COMMON_BTN_READ?REMOTE
            XDATA   0211H     0007H     UNIT         ?XD?_E2PROM_READ?E2PROM
            XDATA   0218H     0007H     UNIT         ?XD?_E2PROM_WRITE?E2PROM
            XDATA   021FH     0007H     UNIT         ?XD?_GET_ADC_RESULT?ADC
            XDATA   0226H     0006H     UNIT         ?XD?_EEPROM_READ_N?E2PROM
            XDATA   022CH     0006H     UNIT         ?XD?E2PROM
            XDATA   0232H     0006H     UNIT         ?XD?_EEPROM_WRITE_N?E2PROM
            XDATA   0238H     0006H     UNIT         ?XD?_EV1527_DECODE_INIT?EV1527
            XDATA   023EH     0006H     UNIT         ?XD?_TK_TIMER_INIT?SOFT_TIMER
            XDATA   0244H     0006H     UNIT         ?XD?_SOFT_TIMER_REGISTER?SOFT_TIMER
BL51 BANKED LINKER/LOCATER V6.22.2.0                                                  03/28/2021  17:37:58  PAGE 3


            XDATA   024AH     0006H     UNIT         ?XD?_FLEX_BUTTON_REGISTER?BUTTON
            XDATA   0250H     0005H     UNIT         ?XD?_UART_HW_INIT?UART
            XDATA   0255H     0005H     UNIT         ?XD?_PRINT_HEX?UART
            XDATA   025AH     0005H     UNIT         ?XD?FLEX_BUTTON_PROCESS?BUTTON
            XDATA   025FH     0004H     UNIT         ?XD?_ALLOW_RANGE?EV1527
            XDATA   0263H     0004H     UNIT         ?XD?_EV1527_STATUS_PARSE?EV1527
            XDATA   0267H     0004H     UNIT         ?XD?_ENCODE_TIMER_RESTART?EV1527
            XDATA   026BH     0003H     UNIT         ?XD?_TIMER_LOG_HANDLE?USER_MAIN
            XDATA   026EH     0003H     UNIT         ?XD?_USER_MAIN?USER_MAIN
            XDATA   0271H     0003H     UNIT         ?XD?_RF_POST?REMOTE
            XDATA   0274H     0003H     UNIT         ?XD?_TIMER_LOW_HANDLE?REMOTE
            XDATA   0277H     0003H     UNIT         ?XD?READ_CHIP_ID?REMOTE
            XDATA   027AH     0003H     UNIT         ?XD?_COMMON_BTN_EVT_CB?REMOTE
            XDATA   027DH     0003H     UNIT         ?XD?_TIMER_SLEEP_HANDLE?REMOTE
            XDATA   0280H     0003H     UNIT         ?XD?_TIMER_MATCH_HANDLE?REMOTE
            XDATA   0283H     0003H     UNIT         ?XD?_GPIO_HW_INIT?GPIO
            XDATA   0286H     0003H     UNIT         ?XD?_GPIO_READ?GPIO
            XDATA   0289H     0003H     UNIT         ?XD?_GPIO_WRITE?GPIO
            XDATA   028CH     0003H     UNIT         ?XD?_PRINT_STR?UART
            XDATA   028FH     0003H     UNIT         ?XD?_EV1527_DECODE_HANDLE?EV1527
            XDATA   0292H     0003H     UNIT         ?XD?_EV1527_ENCODE_HANDLE?EV1527
            XDATA   0295H     0003H     UNIT         ?XD?__TK_TIMER_FIND_NODE_TAIL?SOFT_TIMER
            XDATA   0298H     0003H     UNIT         ?XD?__TK_TIMER_INSERT_NODE_TO_LIST?SOFT_TIMER
            XDATA   029BH     0003H     UNIT         ?XD?_TK_TIMER_FUNC_INIT?SOFT_TIMER
            XDATA   029EH     0003H     UNIT         ?XD?_TK_TIMER_DETACH?SOFT_TIMER
            XDATA   02A1H     0003H     UNIT         ?XD?__TK_TIMER_SET_START_PARAM?SOFT_TIMER
            XDATA   02A4H     0003H     UNIT         ?XD?_TK_TIMER_STOP?SOFT_TIMER
            XDATA   02A7H     0003H     UNIT         ?XD?_TK_TIMER_CONTINUE?SOFT_TIMER
            XDATA   02AAH     0003H     UNIT         ?XD?_TK_TIMER_RESTART?SOFT_TIMER
            XDATA   02ADH     0003H     UNIT         ?XD?_TK_TIMER_GET_MODE?SOFT_TIMER
            XDATA   02B0H     0003H     UNIT         ?XD?_TK_TIMER_GET_STATE?SOFT_TIMER
            XDATA   02B3H     0003H     UNIT         ?XD?_HW_TIMER_HANDLE?SOFT_TIMER
            XDATA   02B6H     0003H     UNIT         ?XD?_SOFT_TIMER_STOP?SOFT_TIMER
            XDATA   02B9H     0003H     UNIT         ?XD?_FLEX_BUTTON_EVENT_READ?BUTTON
            XDATA   02BCH     0003H     UNIT         ?XD?_BTN_TIMER_LOOP?BUTTON
            XDATA   02BFH     0003H     UNIT         ?XD?_BUTTON_REGISTER?BUTTON
            XDATA   02C2H     0003H     UNIT         ?XD?_BUTTON_EVENT?BUTTON
            XDATA   02C5H     0002H     UNIT         ?XD?USER_INIT?USER_MAIN
            XDATA   02C7H     0002H     UNIT         ?XD?LOW_POWER_READ?REMOTE
            XDATA   02C9H     0002H     UNIT         ?XD?_LED_STATUS_CHANGE?REMOTE
            XDATA   02CBH     0002H     UNIT         ?XD?_EEPROM_SECTORERASE?E2PROM
            XDATA   02CDH     0002H     UNIT         ?XD?_SETTIMER2BAUDRAYE?UART
            XDATA   02CFH     0002H     UNIT         ?XD?EV1527_ENCODE?EV1527
            XDATA   02D1H     0001H     UNIT         ?XD?_IO_WRTIE?REMOTE
            XDATA   02D2H     0001H     UNIT         ?XD?_REMOTE_POWER_LIGHT?REMOTE
            XDATA   02D3H     0001H     UNIT         ?XD?REMOTE_USER_INIT?REMOTE
            XDATA   02D4H     0001H     UNIT         ?XD?_HW_TIMER_STOP?HW_TIMER
            XDATA   02D5H     0001H     UNIT         ?XD?_RCC_HW_INIT?RCC
            XDATA   02D6H     0001H     UNIT         ?XD?_ADC_TRANS?ADC
            XDATA   02D7H     0001H     UNIT         ?XD?_ADC_HW_INIT?ADC
            XDATA   02D8H     0001H     UNIT         ?XD?EV1527_DECODE?EV1527

            * * * * * * *   C O D E   M E M O R Y   * * * * * * *
            CODE    0000H     0003H     ABSOLUTE     
            CODE    0003H     0003H     ABSOLUTE     
            CODE    0006H     0005H     UNIT         ?PR?INT0_INT?SLEEP
            CODE    000BH     0003H     ABSOLUTE     
BL51 BANKED LINKER/LOCATER V6.22.2.0                                                  03/28/2021  17:37:58  PAGE 4


            CODE    000EH     0005H     UNIT         ?PR?INT1_INT?SLEEP
            CODE    0013H     0003H     ABSOLUTE     
            CODE    0016H     0004H     UNIT         ?PR?TIMER3_STOP?HW_TIMER
            CODE    001AH     0001H     UNIT         ?PR?REMOTE_LOOP?REMOTE
            CODE    001BH     0003H     ABSOLUTE     
            CODE    001EH     0004H     UNIT         ?PR?INT2_INT?SLEEP
            CODE    0022H     0001H     UNIT         ?PR?E2PROM_HW_INIT?E2PROM
            CODE    0023H     0003H     ABSOLUTE     
            CODE    0026H     002CH     UNIT         ?PR?MATCH_REMOTE_STOP?REMOTE
            CODE    0052H     0001H     UNIT         ?PR?UART2_CONFIG?UART
            CODE    0053H     0003H     ABSOLUTE     
            CODE    0056H     0004H     UNIT         ?PR?INT3_INT?SLEEP
                    005AH     0001H                  *** GAP ***
            CODE    005BH     0003H     ABSOLUTE     
            CODE    005EH     0021H     UNIT         ?PR?_TK_TIMER_GET_MODE?SOFT_TIMER
            CODE    007FH     0004H     UNIT         ?PR?INT4_INT?SLEEP
            CODE    0083H     0003H     ABSOLUTE     
            CODE    0086H     0015H     UNIT         ?PR?_TIMER_LOG_HANDLE?USER_MAIN
            CODE    009BH     0003H     ABSOLUTE     
            CODE    009EH     0988H     UNIT         ?PR?FLEX_BUTTON_PROCESS?BUTTON
            CODE    0A26H     0732H     UNIT         ?C?LIB_CODE
            CODE    1158H     04FBH     UNIT         ?PR?EV1527_ENCODE?EV1527
            CODE    1653H     0333H     UNIT         ?PR?REMOTE_USER_INIT?REMOTE
            CODE    1986H     02C7H     UNIT         ?PR?EV1527_DECODE?EV1527
            CODE    1C4DH     01F5H     UNIT         ?PR?_LED_STATUS_CHANGE?REMOTE
            CODE    1E42H     01C1H     UNIT         ?PR?_FLEX_BUTTON_REGISTER?BUTTON
            CODE    2003H     0181H     UNIT         ?PR?_COMMON_BTN_EVT_CB?REMOTE
            CODE    2184H     0179H     UNIT         ?CO?REMOTE
            CODE    22FDH     016AH     UNIT         ?PR?_GPIO_HW_INIT?GPIO
            CODE    2467H     0165H     UNIT         ?PR?TK_TIMER_LOOP_HANDLER?SOFT_TIMER
            CODE    25CCH     0160H     UNIT         ?PR?_EV1527_ENCODE_POST?EV1527
            CODE    272CH     0146H     UNIT         ?PR?_EEPROM_WRITE_N?E2PROM
            CODE    2872H     013FH     UNIT         ?PR?_GET_ADC_RESULT?ADC
            CODE    29B1H     013BH     UNIT         ?PR?_TIMER0_INIT?HW_TIMER
            CODE    2AECH     0131H     UNIT         ?PR?_TIMER1_INIT?HW_TIMER
            CODE    2C1DH     0124H     UNIT         ?PR?_TIMER3_INIT?HW_TIMER
            CODE    2D41H     0123H     UNIT         ?PR?FLEX_BUTTON_READ?BUTTON
            CODE    2E64H     0113H     UNIT         ?PR?_TK_TIMER_INIT?SOFT_TIMER
            CODE    2F77H     0110H     UNIT         ?PR?_GPIO_WRITE?GPIO
            CODE    3087H     00FAH     UNIT         ?C_INITSEG
            CODE    3181H     00F9H     UNIT         ?PR?_PRINT_HEX?UART
            CODE    327AH     00ADH     UNIT         ?PR?__TK_TIMER_SET_START_PARAM?SOFT_TIMER
            CODE    3327H     00A6H     UNIT         ?PR?_EV1527_STATUS_PARSE?EV1527
            CODE    33CDH     009CH     UNIT         ?PR?_COMMON_BTN_READ?REMOTE
            CODE    3469H     009CH     UNIT         ?PR?_GPIO_READ?GPIO
            CODE    3505H     0098H     UNIT         ?PR?_TK_TIMER_DETACH?SOFT_TIMER
            CODE    359DH     0097H     UNIT         ?PR?_EV1527_DECODE_INIT?EV1527
            CODE    3634H     0093H     UNIT         ?PR?_HW_TIMER_INIT?HW_TIMER
            CODE    36C7H     008CH     UNIT         ?C_C51STARTUP
            CODE    3753H     008BH     UNIT         ?PR?__TK_TIMER_FIND_NODE_TAIL?SOFT_TIMER
            CODE    37DEH     0088H     UNIT         ?PR?_CALC_CRC?REMOTE
            CODE    3866H     0083H     UNIT         ?PR?WRITE_REMOTE_PARAMS?REMOTE
            CODE    38E9H     0082H     UNIT         ?PR?READ_REMOTE_PARAMS?REMOTE
            CODE    396BH     007FH     UNIT         ?PR?_RF_POST?REMOTE
            CODE    39EAH     007EH     UNIT         ?PR?_REMOTE_POWER_LIGHT?REMOTE
            CODE    3A68H     007DH     UNIT         ?PR?_ALLOW_RANGE?EV1527
            CODE    3AE5H     0075H     UNIT         ?PR?_TK_TIMER_FUNC_INIT?SOFT_TIMER
BL51 BANKED LINKER/LOCATER V6.22.2.0                                                  03/28/2021  17:37:58  PAGE 5


            CODE    3B5AH     0074H     UNIT         ?PR?_RCC_HW_INIT?RCC
            CODE    3BCEH     0071H     UNIT         ?PR?__TK_TIMER_INSERT_NODE_TO_LIST?SOFT_TIMER
            CODE    3C3FH     006FH     UNIT         ?PR?_EEPROM_READ_N?E2PROM
            CODE    3CAEH     006FH     UNIT         ?PR?TIMER0_INT?HW_TIMER
            CODE    3D1DH     006FH     UNIT         ?PR?TIMER1_INT?HW_TIMER
            CODE    3D8CH     006FH     UNIT         ?PR?TIMER3_INT?HW_TIMER
            CODE    3DFBH     006EH     UNIT         ?PR?_TIMER_LOW_HANDLE?REMOTE
            CODE    3E69H     006BH     UNIT         ?PR?POWER_REMOTE_POST?REMOTE
            CODE    3ED4H     0063H     UNIT         ?PR?MOTOR_REMOTE_POST?REMOTE
            CODE    3F37H     0063H     UNIT         ?PR?AIR_REMOTE_POST?REMOTE
            CODE    3F9AH     0062H     UNIT         ?PR?_E2PROM_WRITE?E2PROM
            CODE    3FFCH     005BH     UNIT         ?PR?USER_INIT?USER_MAIN
            CODE    4057H     005BH     UNIT         ?PR?_UART_HW_INIT?UART
            CODE    40B2H     005BH     UNIT         ?PR?_TK_TIMER_START?SOFT_TIMER
            CODE    410DH     005AH     UNIT         ?PR?_HW_TIMER_STOP?HW_TIMER
            CODE    4167H     0057H     UNIT         ?PR?_TIMER_MATCH_HANDLE?REMOTE
            CODE    41BEH     004EH     UNIT         ?PR?HOT_REMOTE_POST?REMOTE
            CODE    420CH     0047H     UNIT         ?PR?READ_CHIP_ID?REMOTE
            CODE    4253H     0046H     UNIT         ?PR?TIMER_REMOTE_POST?REMOTE
            CODE    4299H     0043H     UNIT         ?PR?_PRINT_STR?UART
            CODE    42DCH     0042H     UNIT         ?PR?_ADC_TRANS?ADC
            CODE    431EH     0040H     UNIT         ?PR?BUTTON_INIT?BUTTON
            CODE    435EH     003FH     UNIT         ?PR?_ADC_HW_INIT?ADC
            CODE    439DH     003EH     UNIT         ?PR?_SOFT_TIMER_REGISTER?SOFT_TIMER
            CODE    43DBH     003EH     UNIT         ?PR?_SOFT_TIMER_START?SOFT_TIMER
            CODE    4419H     0037H     UNIT         ?PR?_E2PROM_READ?E2PROM
            CODE    4450H     0034H     UNIT         ?PR?_HW_TIMER_HANDLE?SOFT_TIMER
            CODE    4484H     0033H     UNIT         ?PR?_ENCODE_TIMER_RESTART?EV1527
            CODE    44B7H     0033H     UNIT         ?PR?_TK_TIMER_STOP?SOFT_TIMER
            CODE    44EAH     0033H     UNIT         ?PR?_TK_TIMER_CONTINUE?SOFT_TIMER
            CODE    451DH     0032H     UNIT         ?CO?USER_MAIN
            CODE    454FH     0032H     UNIT         ?PR?_EEPROM_SECTORERASE?E2PROM
            CODE    4581H     0032H     UNIT         ?PR?_SETTIMER2BAUDRAYE?UART
            CODE    45B3H     002FH     UNIT         ?PR?LOW_POWER_READ?REMOTE
            CODE    45E2H     002FH     UNIT         ?PR?EV_PARAMS_RESET?EV1527
            CODE    4611H     002EH     UNIT         ?PR?MATCH_REMOTE_POST?REMOTE
            CODE    463FH     0027H     UNIT         ?PR?MAIN?MAIN
            CODE    4666H     0021H     UNIT         ?PR?_TK_TIMER_GET_STATE?SOFT_TIMER
            CODE    4687H     0021H     UNIT         ?PR?SOFT_TIMER_UPDATE?SOFT_TIMER
            CODE    46A8H     0021H     UNIT         ?PR?_FLEX_BUTTON_EVENT_READ?BUTTON
            CODE    46C9H     0020H     UNIT         ?PR?_USER_MAIN?USER_MAIN
            CODE    46E9H     0020H     UNIT         ?PR?_TIMER_SLEEP_HANDLE?REMOTE
            CODE    4709H     001FH     UNIT         ?CO?UART
            CODE    4728H     001EH     UNIT         ?PR?REMOTE_STATUS_INIT?REMOTE
            CODE    4746H     001CH     UNIT         ?PR?_SOFT_TIMER_STOP?SOFT_TIMER
            CODE    4762H     001AH     UNIT         ?PR?_TK_TIMER_RESTART?SOFT_TIMER
            CODE    477CH     001AH     UNIT         ?PR?_BUTTON_REGISTER?BUTTON
            CODE    4796H     001AH     UNIT         ?PR?_BUTTON_EVENT?BUTTON
            CODE    47B0H     0017H     UNIT         ?PR?UART1_CONFIG?UART
            CODE    47C7H     0017H     UNIT         ?PR?SYS_ENTER_SLEEP?SLEEP
            CODE    47DEH     0016H     UNIT         ?PR?SLEEP_TIMER_START?REMOTE
            CODE    47F4H     0014H     UNIT         ?PR?_IO_WRTIE?REMOTE
            CODE    4808H     0014H     UNIT         ?PR?EEPROM_TRIG?E2PROM
            CODE    481CH     0014H     UNIT         ?CO?MAIN
            CODE    4830H     0010H     UNIT         ?PR?DISABLEEEPROM?E2PROM
            CODE    4840H     000FH     UNIT         ?PR?_EV1527_DECODE_HANDLE?EV1527
            CODE    484FH     000FH     UNIT         ?PR?_EV1527_ENCODE_HANDLE?EV1527
BL51 BANKED LINKER/LOCATER V6.22.2.0                                                  03/28/2021  17:37:58  PAGE 6


            CODE    485EH     000FH     UNIT         ?PR?GET_TIMER_TICK?SOFT_TIMER
            CODE    486DH     000FH     UNIT         ?PR?SOFT_TIMER_INIT?SOFT_TIMER
            CODE    487CH     000FH     UNIT         ?PR?_BTN_TIMER_LOOP?BUTTON
            CODE    488BH     000DH     UNIT         ?PR?UART1_INT?UART
            CODE    4898H     0008H     UNIT         ?PR?ENCODE_TIMER_STOP?EV1527
            CODE    48A0H     0007H     UNIT         ?PR?FLEX_BUTTON_SCAN?BUTTON
            CODE    48A7H     0006H     UNIT         ?PR?SOFT_TIMER_LOOP?SOFT_TIMER
            CODE    48ADH     0003H     UNIT         ?PR?TIMER0_STOP?HW_TIMER
            CODE    48B0H     0003H     UNIT         ?PR?TIMER1_STOP?HW_TIMER



OVERLAY MAP OF MODULE:   .\Objects\20ma_remote (?C_STARTUP)


SEGMENT
  +--> CALLED SEGMENT
---------------------
?C_C51STARTUP
  +--> ?PR?MAIN?MAIN
  +--> ?C_INITSEG

?PR?MAIN?MAIN
  +--> ?PR?_UART_HW_INIT?UART
  +--> ?CO?MAIN
  +--> ?PR?_PRINT_STR?UART
  +--> ?PR?_USER_MAIN?USER_MAIN

?PR?_UART_HW_INIT?UART
  +--> ?PR?_SETTIMER2BAUDRAYE?UART
  +--> ?PR?UART1_CONFIG?UART
  +--> ?PR?UART2_CONFIG?UART
  +--> ?CO?UART
  +--> ?PR?_PRINT_STR?UART

?PR?_USER_MAIN?USER_MAIN
  +--> ?CO?USER_MAIN
  +--> ?PR?_PRINT_STR?UART
  +--> ?PR?USER_INIT?USER_MAIN
  +--> ?PR?SOFT_TIMER_LOOP?SOFT_TIMER
  +--> ?PR?REMOTE_LOOP?REMOTE

?PR?USER_INIT?USER_MAIN
  +--> ?PR?SOFT_TIMER_INIT?SOFT_TIMER
  +--> ?PR?BUTTON_INIT?BUTTON
  +--> ?PR?REMOTE_USER_INIT?REMOTE
  +--> ?PR?_TIMER_LOG_HANDLE?USER_MAIN
  +--> ?PR?_SOFT_TIMER_REGISTER?SOFT_TIMER
  +--> ?PR?_SOFT_TIMER_START?SOFT_TIMER
  +--> ?CO?USER_MAIN
  +--> ?PR?_PRINT_STR?UART

?PR?SOFT_TIMER_INIT?SOFT_TIMER
  +--> ?PR?SOFT_TIMER_UPDATE?SOFT_TIMER
  +--> ?PR?GET_TIMER_TICK?SOFT_TIMER
  +--> ?PR?_TK_TIMER_FUNC_INIT?SOFT_TIMER

BL51 BANKED LINKER/LOCATER V6.22.2.0                                                  03/28/2021  17:37:58  PAGE 7


?PR?SOFT_TIMER_UPDATE?SOFT_TIMER
  +--> ?PR?_HW_TIMER_HANDLE?SOFT_TIMER
  +--> ?PR?_HW_TIMER_INIT?HW_TIMER

?PR?_HW_TIMER_INIT?HW_TIMER
  +--> ?PR?_TIMER0_INIT?HW_TIMER
  +--> ?PR?_TIMER1_INIT?HW_TIMER
  +--> ?PR?_TIMER3_INIT?HW_TIMER

?PR?BUTTON_INIT?BUTTON
  +--> ?PR?_BTN_TIMER_LOOP?BUTTON
  +--> ?PR?_SOFT_TIMER_REGISTER?SOFT_TIMER
  +--> ?PR?_SOFT_TIMER_START?SOFT_TIMER

?PR?_BTN_TIMER_LOOP?BUTTON
  +--> ?PR?FLEX_BUTTON_SCAN?BUTTON

?PR?FLEX_BUTTON_SCAN?BUTTON
  +--> ?PR?FLEX_BUTTON_READ?BUTTON
  +--> ?PR?FLEX_BUTTON_PROCESS?BUTTON

?PR?_SOFT_TIMER_REGISTER?SOFT_TIMER
  +--> ?PR?_TK_TIMER_INIT?SOFT_TIMER

?PR?_TK_TIMER_INIT?SOFT_TIMER
  +--> ?PR?__TK_TIMER_INSERT_NODE_TO_LIST?SO...

?PR?__TK_TIMER_INSERT_NODE_TO_LIST?SO...
  +--> ?PR?__TK_TIMER_FIND_NODE_TAIL?SOFT_TIMER

?PR?_SOFT_TIMER_START?SOFT_TIMER
  +--> ?PR?_TK_TIMER_START?SOFT_TIMER

?PR?_TK_TIMER_START?SOFT_TIMER
  +--> ?PR?__TK_TIMER_SET_START_PARAM?SOFT_T...

?PR?REMOTE_USER_INIT?REMOTE
  +--> ?PR?_GPIO_HW_INIT?GPIO
  +--> ?PR?_GPIO_WRITE?GPIO
  +--> ?PR?_ADC_HW_INIT?ADC
  +--> ?PR?_COMMON_BTN_READ?REMOTE
  +--> ?PR?_COMMON_BTN_EVT_CB?REMOTE
  +--> ?PR?_BUTTON_REGISTER?BUTTON
  +--> ?PR?_TIMER_LOW_HANDLE?REMOTE
  +--> ?PR?_SOFT_TIMER_REGISTER?SOFT_TIMER
  +--> ?PR?_TIMER_SLEEP_HANDLE?REMOTE
  +--> ?PR?_TIMER_MATCH_HANDLE?REMOTE
  +--> ?CO?REMOTE
  +--> ?PR?_PRINT_STR?UART
  +--> ?PR?REMOTE_STATUS_INIT?REMOTE

?PR?_COMMON_BTN_READ?REMOTE
  +--> ?PR?_GPIO_READ?GPIO

?PR?_COMMON_BTN_EVT_CB?REMOTE
  +--> ?PR?_BUTTON_EVENT?BUTTON
  +--> ?PR?MATCH_REMOTE_POST?REMOTE
BL51 BANKED LINKER/LOCATER V6.22.2.0                                                  03/28/2021  17:37:58  PAGE 8


  +--> ?CO?REMOTE
  +--> ?PR?_PRINT_STR?UART
  +--> ?PR?MATCH_REMOTE_STOP?REMOTE
  +--> ?PR?POWER_REMOTE_POST?REMOTE
  +--> ?PR?TIMER_REMOTE_POST?REMOTE
  +--> ?PR?SLEEP_TIMER_START?REMOTE
  +--> ?PR?MOTOR_REMOTE_POST?REMOTE
  +--> ?PR?HOT_REMOTE_POST?REMOTE
  +--> ?PR?AIR_REMOTE_POST?REMOTE

?PR?_BUTTON_EVENT?BUTTON
  +--> ?PR?_FLEX_BUTTON_EVENT_READ?BUTTON

?PR?MATCH_REMOTE_POST?REMOTE
  +--> ?PR?_GPIO_WRITE?GPIO
  +--> ?PR?_SOFT_TIMER_START?SOFT_TIMER

?PR?MATCH_REMOTE_STOP?REMOTE
  +--> ?PR?_SOFT_TIMER_STOP?SOFT_TIMER
  +--> ?PR?_GPIO_WRITE?GPIO

?PR?_SOFT_TIMER_STOP?SOFT_TIMER
  +--> ?PR?_TK_TIMER_STOP?SOFT_TIMER

?PR?POWER_REMOTE_POST?REMOTE
  +--> ?CO?REMOTE
  +--> ?PR?_PRINT_STR?UART
  +--> ?PR?_REMOTE_POWER_LIGHT?REMOTE
  +--> ?PR?WRITE_REMOTE_PARAMS?REMOTE
  +--> ?PR?_RF_POST?REMOTE

?PR?_REMOTE_POWER_LIGHT?REMOTE
  +--> ?CO?REMOTE
  +--> ?PR?_PRINT_STR?UART
  +--> ?PR?_LED_STATUS_CHANGE?REMOTE
  +--> ?PR?SLEEP_TIMER_START?REMOTE

?PR?_LED_STATUS_CHANGE?REMOTE
  +--> ?PR?LOW_POWER_READ?REMOTE
  +--> ?PR?_GPIO_WRITE?GPIO
  +--> ?PR?_SOFT_TIMER_START?SOFT_TIMER

?PR?LOW_POWER_READ?REMOTE
  +--> ?PR?_GET_ADC_RESULT?ADC
  +--> ?PR?_PRINT_HEX?UART

?PR?_GET_ADC_RESULT?ADC
  +--> ?PR?_ADC_TRANS?ADC

?PR?SLEEP_TIMER_START?REMOTE
  +--> ?PR?_SOFT_TIMER_START?SOFT_TIMER

?PR?WRITE_REMOTE_PARAMS?REMOTE
  +--> ?PR?_CALC_CRC?REMOTE
  +--> ?PR?_PRINT_HEX?UART
  +--> ?PR?_E2PROM_WRITE?E2PROM
  +--> ?CO?REMOTE
BL51 BANKED LINKER/LOCATER V6.22.2.0                                                  03/28/2021  17:37:58  PAGE 9


  +--> ?PR?_PRINT_STR?UART

?PR?_E2PROM_WRITE?E2PROM
  +--> ?PR?_EEPROM_SECTORERASE?E2PROM
  +--> ?PR?_EEPROM_WRITE_N?E2PROM

?PR?_EEPROM_SECTORERASE?E2PROM
  +--> ?PR?EEPROM_TRIG?E2PROM
  +--> ?PR?DISABLEEEPROM?E2PROM

?PR?_EEPROM_WRITE_N?E2PROM
  +--> ?PR?EEPROM_TRIG?E2PROM
  +--> ?PR?DISABLEEEPROM?E2PROM

?PR?_RF_POST?REMOTE
  +--> ?PR?_CALC_CRC?REMOTE
  +--> ?PR?_IO_WRTIE?REMOTE
  +--> ?PR?_EV1527_ENCODE_POST?EV1527

?PR?_IO_WRTIE?REMOTE
  +--> ?PR?_GPIO_WRITE?GPIO

?PR?_EV1527_ENCODE_POST?EV1527
  +--> ?PR?_ENCODE_TIMER_RESTART?EV1527
  +--> ?PR?ENCODE_TIMER_STOP?EV1527

?PR?_ENCODE_TIMER_RESTART?EV1527
  +--> ?PR?_EV1527_ENCODE_HANDLE?EV1527
  +--> ?PR?_HW_TIMER_INIT?HW_TIMER

?PR?_EV1527_ENCODE_HANDLE?EV1527
  +--> ?PR?EV1527_ENCODE?EV1527

?PR?ENCODE_TIMER_STOP?EV1527
  +--> ?PR?_HW_TIMER_STOP?HW_TIMER

?PR?_HW_TIMER_STOP?HW_TIMER
  +--> ?PR?TIMER0_STOP?HW_TIMER
  +--> ?PR?TIMER1_STOP?HW_TIMER
  +--> ?PR?TIMER3_STOP?HW_TIMER

?PR?TIMER_REMOTE_POST?REMOTE
  +--> ?CO?REMOTE
  +--> ?PR?_PRINT_STR?UART
  +--> ?PR?_LED_STATUS_CHANGE?REMOTE
  +--> ?PR?_RF_POST?REMOTE

?PR?MOTOR_REMOTE_POST?REMOTE
  +--> ?CO?REMOTE
  +--> ?PR?_PRINT_STR?UART
  +--> ?PR?_LED_STATUS_CHANGE?REMOTE
  +--> ?PR?WRITE_REMOTE_PARAMS?REMOTE
  +--> ?PR?_RF_POST?REMOTE

?PR?HOT_REMOTE_POST?REMOTE
  +--> ?CO?REMOTE
  +--> ?PR?_PRINT_STR?UART
BL51 BANKED LINKER/LOCATER V6.22.2.0                                                  03/28/2021  17:37:58  PAGE 10


  +--> ?PR?_LED_STATUS_CHANGE?REMOTE
  +--> ?PR?WRITE_REMOTE_PARAMS?REMOTE
  +--> ?PR?_RF_POST?REMOTE

?PR?AIR_REMOTE_POST?REMOTE
  +--> ?CO?REMOTE
  +--> ?PR?_PRINT_STR?UART
  +--> ?PR?_LED_STATUS_CHANGE?REMOTE
  +--> ?PR?WRITE_REMOTE_PARAMS?REMOTE
  +--> ?PR?_RF_POST?REMOTE

?PR?_BUTTON_REGISTER?BUTTON
  +--> ?PR?_FLEX_BUTTON_REGISTER?BUTTON

?PR?_TIMER_LOW_HANDLE?REMOTE
  +--> ?CO?REMOTE
  +--> ?PR?_PRINT_STR?UART
  +--> ?PR?_GPIO_WRITE?GPIO
  +--> ?PR?_SOFT_TIMER_STOP?SOFT_TIMER

?PR?_TIMER_SLEEP_HANDLE?REMOTE
  +--> ?CO?REMOTE
  +--> ?PR?_PRINT_STR?UART
  +--> ?PR?_REMOTE_POWER_LIGHT?REMOTE

?PR?_TIMER_MATCH_HANDLE?REMOTE
  +--> ?CO?REMOTE
  +--> ?PR?_PRINT_STR?UART
  +--> ?PR?_GPIO_WRITE?GPIO
  +--> ?PR?_RF_POST?REMOTE

?PR?REMOTE_STATUS_INIT?REMOTE
  +--> ?PR?READ_CHIP_ID?REMOTE
  +--> ?PR?READ_REMOTE_PARAMS?REMOTE
  +--> ?PR?_REMOTE_POWER_LIGHT?REMOTE

?PR?READ_CHIP_ID?REMOTE
  +--> ?PR?_PRINT_HEX?UART

?PR?READ_REMOTE_PARAMS?REMOTE
  +--> ?PR?_E2PROM_READ?E2PROM
  +--> ?PR?_PRINT_HEX?UART
  +--> ?PR?_CALC_CRC?REMOTE
  +--> ?CO?REMOTE
  +--> ?PR?_PRINT_STR?UART

?PR?_E2PROM_READ?E2PROM
  +--> ?PR?_EEPROM_READ_N?E2PROM

?PR?_EEPROM_READ_N?E2PROM
  +--> ?PR?EEPROM_TRIG?E2PROM
  +--> ?PR?DISABLEEEPROM?E2PROM

?PR?_TIMER_LOG_HANDLE?USER_MAIN
  +--> ?CO?USER_MAIN
  +--> ?PR?_PRINT_STR?UART

BL51 BANKED LINKER/LOCATER V6.22.2.0                                                  03/28/2021  17:37:58  PAGE 11


?PR?SOFT_TIMER_LOOP?SOFT_TIMER
  +--> ?PR?TK_TIMER_LOOP_HANDLER?SOFT_TIMER

?PR?TK_TIMER_LOOP_HANDLER?SOFT_TIMER
  +--> ?PR?_TK_TIMER_RESTART?SOFT_TIMER

?PR?_TK_TIMER_RESTART?SOFT_TIMER
  +--> ?PR?__TK_TIMER_SET_START_PARAM?SOFT_T...



SYMBOL TABLE OF MODULE:  .\Objects\20ma_remote (?C_STARTUP)

  VALUE           TYPE          NAME
  ----------------------------------

  -------         MODULE        ?C_STARTUP
  C:36C7H         SEGMENT       ?C_C51STARTUP
  I:0021H         SEGMENT       ?STACK
  C:0000H         PUBLIC        ?C_STARTUP
  D:00E0H         SYMBOL        ACC
  D:00F0H         SYMBOL        B
  D:0083H         SYMBOL        DPH
  D:0082H         SYMBOL        DPL
  N:0000H         SYMBOL        IBPSTACK
  N:0100H         SYMBOL        IBPSTACKTOP
  N:0080H         SYMBOL        IDATALEN
  C:36CAH         SYMBOL        IDATALOOP
  N:0000H         SYMBOL        PBPSTACK
  N:0100H         SYMBOL        PBPSTACKTOP
  N:0000H         SYMBOL        PDATALEN
  N:0000H         SYMBOL        PDATASTART
  N:0000H         SYMBOL        PPAGE
  N:0000H         SYMBOL        PPAGEENABLE
  D:00A0H         SYMBOL        PPAGE_SFR
  D:0081H         SYMBOL        SP
  C:36C7H         SYMBOL        STARTUP1
  N:0000H         SYMBOL        XBPSTACK
  N:0000H         SYMBOL        XBPSTACKTOP
  N:0000H         SYMBOL        XDATALEN
  N:0000H         SYMBOL        XDATASTART
  C:0000H         LINE#         126
  C:36C7H         LINE#         133
  C:36C9H         LINE#         134
  C:36CAH         LINE#         135
  C:36CBH         LINE#         136
  C:36CDH         LINE#         185
  C:36D0H         LINE#         196
  -------         ENDMOD        ?C_STARTUP

  -------         MODULE        USER_MAIN
  C:0000H         SYMBOL        _ICE_DUMMY_
  C:0086H         SYMBOL        _timer_log_handle
  X:01A1H         SYMBOL        timer_log
  C:46C9H         PUBLIC        _user_main
  C:3FFCH         SYMBOL        user_init
  -------         PROC          _TIMER_LOG_HANDLE
BL51 BANKED LINKER/LOCATER V6.22.2.0                                                  03/28/2021  17:37:58  PAGE 12


  X:026BH         SYMBOL        timer
  C:0086H         LINE#         36
  C:0091H         LINE#         37
  C:0091H         LINE#         38
  C:009AH         LINE#         39
  -------         ENDPROC       _TIMER_LOG_HANDLE
  -------         PROC          USER_INIT
  -------         DO            
  X:02C5H         SYMBOL        ret
  -------         ENDDO         
  C:3FFCH         LINE#         41
  C:3FFCH         LINE#         42
  C:3FFCH         LINE#         43
  C:4004H         LINE#         45
  C:4007H         LINE#         47
  C:400AH         LINE#         49
  C:400DH         LINE#         51
  C:4033H         LINE#         52
  C:4048H         LINE#         54
  C:4051H         LINE#         56
  C:4056H         LINE#         57
  -------         ENDPROC       USER_INIT
  -------         PROC          _USER_MAIN
  X:026EH         SYMBOL        p
  C:46C9H         LINE#         66
  C:46D4H         LINE#         67
  C:46D4H         LINE#         68
  C:46DDH         LINE#         70
  C:46E0H         LINE#         72
  C:46E0H         LINE#         74
  C:46E3H         LINE#         76
  C:46E6H         LINE#         77
  -------         ENDPROC       _USER_MAIN
  -------         ENDMOD        USER_MAIN

  -------         MODULE        REMOTE
  C:0000H         SYMBOL        _ICE_DUMMY_
  C:396BH         PUBLIC        _rf_post
  C:3866H         SYMBOL        write_remote_params
  C:1C4DH         SYMBOL        _led_status_change
  C:2003H         SYMBOL        _common_btn_evt_cb
  X:0004H         SYMBOL        match_timer
  C:39EAH         PUBLIC        _remote_power_light
  X:0018H         SYMBOL        sleep_timer
  C:3DFBH         SYMBOL        _timer_low_handle
  C:0026H         SYMBOL        match_remote_stop
  C:4611H         SYMBOL        match_remote_post
  C:001AH         PUBLIC        remote_loop
  C:37DEH         SYMBOL        _calc_crc
  C:4728H         SYMBOL        remote_status_init
  C:33CDH         SYMBOL        _common_btn_read
  C:47DEH         SYMBOL        sleep_timer_start
  X:002CH         SYMBOL        e2_buf
  X:0032H         SYMBOL        rmt_params
  C:4253H         SYMBOL        timer_remote_post
  X:0042H         SYMBOL        user_button
  C:1653H         PUBLIC        remote_user_init
BL51 BANKED LINKER/LOCATER V6.22.2.0                                                  03/28/2021  17:37:58  PAGE 13


  C:3E69H         SYMBOL        power_remote_post
  X:00C9H         SYMBOL        key
  C:3ED4H         SYMBOL        motor_remote_post
  C:420CH         SYMBOL        read_chip_id
  X:00CDH         SYMBOL        motor_map
  C:3F37H         SYMBOL        air_remote_post
  X:00DFH         SYMBOL        low_timer
  X:00F3H         SYMBOL        air_map
  C:45B3H         SYMBOL        low_power_read
  C:4167H         SYMBOL        _timer_match_handle
  C:41BEH         SYMBOL        hot_remote_post
  C:47F4H         SYMBOL        _io_wrtie
  X:0105H         SYMBOL        hot_map
  C:46E9H         SYMBOL        _timer_sleep_handle
  C:38E9H         SYMBOL        read_remote_params
  -------         PROC          _IO_WRTIE
  X:02D1H         SYMBOL        level
  C:47F4H         LINE#         121
  C:47F9H         LINE#         122
  C:47F9H         LINE#         123
  C:4805H         LINE#         125
  C:4807H         LINE#         126
  -------         ENDPROC       _IO_WRTIE
  -------         PROC          _CALC_CRC
  X:01C0H         SYMBOL        buf
  X:01C3H         SYMBOL        len
  -------         DO            
  X:01C5H         SYMBOL        i
  X:01C7H         SYMBOL        crc
  -------         ENDDO         
  C:37DEH         LINE#         128
  C:37F1H         LINE#         129
  C:37F1H         LINE#         130
  C:37F9H         LINE#         131
  C:3801H         LINE#         132
  C:3820H         LINE#         133
  C:3849H         LINE#         134
  C:3859H         LINE#         136
  C:3865H         LINE#         137
  -------         ENDPROC       _CALC_CRC
  -------         PROC          _RF_POST
  X:0271H         SYMBOL        mode
  X:0272H         SYMBOL        level
  -------         DO            
  X:0273H         SYMBOL        ret
  -------         ENDDO         
  C:396BH         LINE#         141
  C:3975H         LINE#         142
  C:3975H         LINE#         151
  C:397BH         LINE#         152
  C:3985H         LINE#         153
  C:398FH         LINE#         154
  C:39A1H         LINE#         156
  C:39E9H         LINE#         158
  -------         ENDPROC       _RF_POST
  -------         PROC          _TIMER_LOW_HANDLE
  X:0274H         SYMBOL        timer
BL51 BANKED LINKER/LOCATER V6.22.2.0                                                  03/28/2021  17:37:58  PAGE 14


  C:3DFBH         LINE#         160
  C:3E06H         LINE#         161
  C:3E06H         LINE#         162
  C:3E0FH         LINE#         164
  C:3E1EH         LINE#         165
  C:3E1EH         LINE#         166
  C:3E27H         LINE#         167
  C:3E29H         LINE#         169
  C:3E29H         LINE#         170
  C:3E32H         LINE#         171
  C:3E32H         LINE#         173
  C:3E38H         LINE#         175
  C:3E4AH         LINE#         176
  C:3E4AH         LINE#         177
  C:3E5FH         LINE#         178
  C:3E68H         LINE#         179
  C:3E68H         LINE#         180
  -------         ENDPROC       _TIMER_LOW_HANDLE
  -------         PROC          LOW_POWER_READ
  -------         DO            
  X:02C7H         SYMBOL        adc_ref
  -------         ENDDO         
  C:45B3H         LINE#         182
  C:45B3H         LINE#         183
  C:45B3H         LINE#         184
  C:45C0H         LINE#         185
  C:45CBH         LINE#         187
  C:45DCH         LINE#         188
  C:45DCH         LINE#         189
  C:45DFH         LINE#         190
  C:45DFH         LINE#         192
  C:45E1H         LINE#         193
  -------         ENDPROC       LOW_POWER_READ
  -------         PROC          _LED_STATUS_CHANGE
  X:02C9H         SYMBOL        mode
  X:02CAH         SYMBOL        level
  -------         DO            
  X:0000H         SYMBOL        i
  -------         ENDDO         
  C:1C4DH         LINE#         195
  C:1C57H         LINE#         196
  C:1C57H         LINE#         199
  C:1C73H         LINE#         200
  C:1C73H         LINE#         201
  C:1C73H         LINE#         203
  C:1C7EH         LINE#         204
  C:1C7EH         LINE#         205
  C:1C87H         LINE#         206
  C:1C8CH         LINE#         207
  C:1CA1H         LINE#         208
  C:1CA2H         LINE#         210
  C:1CA2H         LINE#         211
  C:1CB7H         LINE#         212
  C:1CB7H         LINE#         213
  C:1CB8H         LINE#         215
  C:1CB8H         LINE#         217
  C:1CCDH         LINE#         218
BL51 BANKED LINKER/LOCATER V6.22.2.0                                                  03/28/2021  17:37:58  PAGE 15


  C:1CCEH         LINE#         220
  C:1CCEH         LINE#         222
  C:1CE8H         LINE#         223
  C:1CE8H         LINE#         224
  C:1D42H         LINE#         225
  C:1D4AH         LINE#         226
  C:1D4BH         LINE#         228
  C:1D4BH         LINE#         230
  C:1D65H         LINE#         231
  C:1D65H         LINE#         232
  C:1DBFH         LINE#         233
  C:1DC7H         LINE#         234
  C:1DC8H         LINE#         236
  C:1DC8H         LINE#         238
  C:1DDFH         LINE#         239
  C:1DDFH         LINE#         240
  C:1E39H         LINE#         241
  C:1E41H         LINE#         242
  C:1E41H         LINE#         244
  C:1E41H         LINE#         245
  C:1E41H         LINE#         246
  C:1E41H         LINE#         247
  -------         ENDPROC       _LED_STATUS_CHANGE
  -------         PROC          MOTOR_REMOTE_POST
  C:3ED4H         LINE#         249
  C:3ED4H         LINE#         250
  C:3ED4H         LINE#         251
  C:3EE1H         LINE#         252
  C:3EE1H         LINE#         253
  C:3EEBH         LINE#         255
  C:3EEBH         LINE#         257
  C:3EF6H         LINE#         258
  C:3EF6H         LINE#         259
  C:3F00H         LINE#         261
  C:3F00H         LINE#         263
  C:3F12H         LINE#         264
  C:3F12H         LINE#         265
  C:3F17H         LINE#         266
  C:3F19H         LINE#         268
  C:3F19H         LINE#         269
  C:3F1FH         LINE#         270
  C:3F1FH         LINE#         272
  C:3F29H         LINE#         273
  C:3F2CH         LINE#         274
  C:3F36H         LINE#         275
  -------         ENDPROC       MOTOR_REMOTE_POST
  -------         PROC          AIR_REMOTE_POST
  C:3F37H         LINE#         277
  C:3F37H         LINE#         278
  C:3F37H         LINE#         279
  C:3F44H         LINE#         280
  C:3F44H         LINE#         281
  C:3F4EH         LINE#         283
  C:3F4EH         LINE#         285
  C:3F59H         LINE#         286
  C:3F59H         LINE#         287
  C:3F63H         LINE#         289
BL51 BANKED LINKER/LOCATER V6.22.2.0                                                  03/28/2021  17:37:58  PAGE 16


  C:3F63H         LINE#         291
  C:3F75H         LINE#         292
  C:3F75H         LINE#         293
  C:3F7AH         LINE#         294
  C:3F7CH         LINE#         296
  C:3F7CH         LINE#         297
  C:3F82H         LINE#         298
  C:3F82H         LINE#         300
  C:3F8CH         LINE#         301
  C:3F8FH         LINE#         302
  C:3F99H         LINE#         303
  -------         ENDPROC       AIR_REMOTE_POST
  -------         PROC          HOT_REMOTE_POST
  C:41BEH         LINE#         305
  C:41BEH         LINE#         306
  C:41BEH         LINE#         307
  C:41CBH         LINE#         308
  C:41CBH         LINE#         309
  C:41D5H         LINE#         311
  C:41D5H         LINE#         313
  C:41E7H         LINE#         314
  C:41E7H         LINE#         315
  C:41ECH         LINE#         316
  C:41EEH         LINE#         318
  C:41EEH         LINE#         319
  C:41F4H         LINE#         320
  C:41F4H         LINE#         322
  C:41FEH         LINE#         323
  C:4201H         LINE#         324
  C:420BH         LINE#         325
  -------         ENDPROC       HOT_REMOTE_POST
  -------         PROC          _REMOTE_POWER_LIGHT
  X:02D2H         SYMBOL        level
  C:39EAH         LINE#         327
  C:39EFH         LINE#         328
  C:39EFH         LINE#         329
  C:39FCH         LINE#         330
  C:39FCH         LINE#         331
  C:3A05H         LINE#         332
  C:3A0FH         LINE#         333
  C:3A19H         LINE#         334
  C:3A23H         LINE#         335
  C:3A2DH         LINE#         336
  C:3A37H         LINE#         338
  C:3A3AH         LINE#         339
  C:3A3BH         LINE#         341
  C:3A3BH         LINE#         342
  C:3A44H         LINE#         343
  C:3A4BH         LINE#         344
  C:3A52H         LINE#         345
  C:3A59H         LINE#         346
  C:3A60H         LINE#         347
  C:3A67H         LINE#         348
  C:3A67H         LINE#         349
  -------         ENDPROC       _REMOTE_POWER_LIGHT
  -------         PROC          POWER_REMOTE_POST
  C:3E69H         LINE#         351
BL51 BANKED LINKER/LOCATER V6.22.2.0                                                  03/28/2021  17:37:58  PAGE 17


  C:3E69H         LINE#         352
  C:3E69H         LINE#         353
  C:3E83H         LINE#         354
  C:3E83H         LINE#         355
  C:3E8CH         LINE#         356
  C:3E91H         LINE#         357
  C:3E99H         LINE#         358
  C:3E9AH         LINE#         360
  C:3E9AH         LINE#         361
  C:3E9FH         LINE#         362
  C:3EACH         LINE#         363
  C:3EACH         LINE#         364
  C:3EB1H         LINE#         365
  C:3EB6H         LINE#         366
  C:3EB8H         LINE#         368
  C:3EB8H         LINE#         369
  C:3EBEH         LINE#         370
  C:3EBEH         LINE#         373
  C:3EC6H         LINE#         374
  C:3EC9H         LINE#         375
  C:3ED3H         LINE#         376
  C:3ED3H         LINE#         377
  -------         ENDPROC       POWER_REMOTE_POST
  -------         PROC          TIMER_REMOTE_POST
  C:4253H         LINE#         379
  C:4253H         LINE#         380
  C:4253H         LINE#         381
  C:4260H         LINE#         382
  C:4260H         LINE#         383
  C:426AH         LINE#         385
  C:426AH         LINE#         387
  C:4277H         LINE#         388
  C:4277H         LINE#         389
  C:427CH         LINE#         390
  C:427EH         LINE#         392
  C:427EH         LINE#         393
  C:4284H         LINE#         394
  C:4284H         LINE#         396
  C:428EH         LINE#         398
  C:4298H         LINE#         399
  -------         ENDPROC       TIMER_REMOTE_POST
  -------         PROC          MATCH_REMOTE_POST
  C:4611H         LINE#         401
  C:4611H         LINE#         402
  C:4611H         LINE#         403
  C:461AH         LINE#         404
  C:4623H         LINE#         405
  C:4629H         LINE#         406
  C:463EH         LINE#         407
  -------         ENDPROC       MATCH_REMOTE_POST
  -------         PROC          MATCH_REMOTE_STOP
  C:0026H         LINE#         409
  C:0026H         LINE#         410
  C:0026H         LINE#         411
  C:0031H         LINE#         412
  C:0031H         LINE#         414
  C:0031H         LINE#         416
BL51 BANKED LINKER/LOCATER V6.22.2.0                                                  03/28/2021  17:37:58  PAGE 18


  C:0036H         LINE#         417
  C:003FH         LINE#         418
  C:0048H         LINE#         419
  C:0051H         LINE#         420
  -------         ENDPROC       MATCH_REMOTE_STOP
  -------         PROC          READ_CHIP_ID
  -------         DO            
  X:0277H         SYMBOL        id_buf
  -------         ENDDO         
  C:420CH         LINE#         422
  C:420CH         LINE#         423
  C:420CH         LINE#         426
  C:421DH         LINE#         428
  C:4247H         LINE#         430
  C:4252H         LINE#         431
  -------         ENDPROC       READ_CHIP_ID
  -------         PROC          READ_REMOTE_PARAMS
  C:38E9H         LINE#         436
  C:38E9H         LINE#         437
  C:38E9H         LINE#         438
  C:38F8H         LINE#         439
  C:390EH         LINE#         441
  C:3919H         LINE#         443
  C:392FH         LINE#         444
  C:392FH         LINE#         445
  C:3939H         LINE#         447
  C:3939H         LINE#         449
  C:3943H         LINE#         451
  C:394DH         LINE#         452
  C:3957H         LINE#         453
  C:3961H         LINE#         455
  C:396AH         LINE#         456
  -------         ENDPROC       READ_REMOTE_PARAMS
  -------         PROC          WRITE_REMOTE_PARAMS
  C:3866H         LINE#         458
  C:3866H         LINE#         459
  C:3866H         LINE#         460
  C:3875H         LINE#         462
  C:387FH         LINE#         464
  C:3889H         LINE#         465
  C:3893H         LINE#         466
  C:389DH         LINE#         467
  C:38AFH         LINE#         469
  C:38BAH         LINE#         471
  C:38D6H         LINE#         472
  C:38D6H         LINE#         473
  C:38DFH         LINE#         474
  C:38DFH         LINE#         476
  C:38E8H         LINE#         477
  -------         ENDPROC       WRITE_REMOTE_PARAMS
  -------         PROC          REMOTE_STATUS_INIT
  C:4728H         LINE#         479
  C:4728H         LINE#         480
  C:4728H         LINE#         481
  C:4737H         LINE#         484
  C:473AH         LINE#         486
  C:473DH         LINE#         487
BL51 BANKED LINKER/LOCATER V6.22.2.0                                                  03/28/2021  17:37:58  PAGE 19


  C:4745H         LINE#         488
  -------         ENDPROC       REMOTE_STATUS_INIT
  -------         PROC          _COMMON_BTN_READ
  X:020AH         SYMBOL        arg
  -------         DO            
  X:020DH         SYMBOL        value
  X:020EH         SYMBOL        btn
  -------         ENDDO         
  C:33CDH         LINE#         490
  C:33D8H         LINE#         491
  C:33D8H         LINE#         492
  C:33DDH         LINE#         494
  C:33F3H         LINE#         496
  C:341FH         LINE#         497
  C:341FH         LINE#         498
  C:341FH         LINE#         499
  C:342BH         LINE#         500
  C:342DH         LINE#         502
  C:342DH         LINE#         503
  C:3439H         LINE#         504
  C:343BH         LINE#         506
  C:343BH         LINE#         507
  C:3447H         LINE#         508
  C:3449H         LINE#         510
  C:3449H         LINE#         511
  C:3455H         LINE#         512
  C:3457H         LINE#         514
  C:3457H         LINE#         515
  C:3463H         LINE#         516
  C:3463H         LINE#         518
  C:3463H         LINE#         519
  C:3463H         LINE#         520
  C:3463H         LINE#         522
  C:3468H         LINE#         523
  -------         ENDPROC       _COMMON_BTN_READ
  -------         PROC          SLEEP_TIMER_START
  C:47DEH         LINE#         525
  C:47DEH         LINE#         526
  C:47DEH         LINE#         527
  C:47F3H         LINE#         528
  -------         ENDPROC       SLEEP_TIMER_START
  -------         PROC          _COMMON_BTN_EVT_CB
  X:027AH         SYMBOL        arg
  -------         DO            
  X:0001H         SYMBOL        btn
  -------         ENDDO         
  C:2003H         LINE#         530
  C:200EH         LINE#         531
  C:200EH         LINE#         534
  C:2024H         LINE#         536
  C:2068H         LINE#         540
  C:2068H         LINE#         541
  C:206BH         LINE#         542
  C:2074H         LINE#         543
  C:2074H         LINE#         545
  C:20B8H         LINE#         549
  C:20B8H         LINE#         550
BL51 BANKED LINKER/LOCATER V6.22.2.0                                                  03/28/2021  17:37:58  PAGE 20


  C:20BBH         LINE#         551
  C:20C4H         LINE#         552
  C:20C4H         LINE#         554
  C:20D5H         LINE#         555
  C:20D5H         LINE#         556
  C:20D8H         LINE#         557
  C:20E1H         LINE#         558
  C:20E1H         LINE#         560
  C:20F9H         LINE#         561
  C:20F9H         LINE#         562
  C:2103H         LINE#         564
  C:2103H         LINE#         566
  C:2114H         LINE#         567
  C:2114H         LINE#         568
  C:2117H         LINE#         569
  C:211AH         LINE#         570
  C:2123H         LINE#         571
  C:2123H         LINE#         573
  C:2134H         LINE#         574
  C:2134H         LINE#         575
  C:2137H         LINE#         576
  C:213AH         LINE#         577
  C:2143H         LINE#         578
  C:2143H         LINE#         580
  C:2154H         LINE#         581
  C:2154H         LINE#         582
  C:2157H         LINE#         583
  C:215AH         LINE#         584
  C:2163H         LINE#         585
  C:2163H         LINE#         587
  C:2174H         LINE#         588
  C:2174H         LINE#         589
  C:2177H         LINE#         590
  C:217AH         LINE#         591
  C:2183H         LINE#         592
  C:2183H         LINE#         593
  -------         ENDPROC       _COMMON_BTN_EVT_CB
  -------         PROC          _TIMER_SLEEP_HANDLE
  X:027DH         SYMBOL        timer
  C:46E9H         LINE#         595
  C:46F4H         LINE#         596
  C:46F4H         LINE#         597
  C:46FDH         LINE#         600
  C:4702H         LINE#         601
  C:4708H         LINE#         602
  -------         ENDPROC       _TIMER_SLEEP_HANDLE
  -------         PROC          _TIMER_MATCH_HANDLE
  X:0280H         SYMBOL        timer
  C:4167H         LINE#         604
  C:4172H         LINE#         605
  C:4172H         LINE#         606
  C:417BH         LINE#         608
  C:418AH         LINE#         609
  C:418AH         LINE#         610
  C:4193H         LINE#         611
  C:419CH         LINE#         612
  C:419EH         LINE#         614
BL51 BANKED LINKER/LOCATER V6.22.2.0                                                  03/28/2021  17:37:58  PAGE 21


  C:419EH         LINE#         615
  C:41A7H         LINE#         616
  C:41B0H         LINE#         617
  C:41B0H         LINE#         619
  C:41B6H         LINE#         620
  C:41BDH         LINE#         621
  -------         ENDPROC       _TIMER_MATCH_HANDLE
  -------         PROC          REMOTE_USER_INIT
  -------         DO            
  X:02D3H         SYMBOL        i
  -------         ENDDO         
  C:1653H         LINE#         623
  C:1653H         LINE#         624
  C:1653H         LINE#         625
  C:1658H         LINE#         628
  C:1661H         LINE#         629
  C:166AH         LINE#         630
  C:1673H         LINE#         631
  C:167CH         LINE#         632
  C:1685H         LINE#         635
  C:168EH         LINE#         636
  C:1697H         LINE#         639
  C:16A0H         LINE#         640
  C:16A9H         LINE#         641
  C:16B2H         LINE#         642
  C:16BBH         LINE#         644
  C:16D5H         LINE#         645
  C:16D5H         LINE#         646
  C:1704H         LINE#         647
  C:1733H         LINE#         648
  C:1762H         LINE#         649
  C:1791H         LINE#         650
  C:17C0H         LINE#         651
  C:17EFH         LINE#         652
  C:17F8H         LINE#         655
  C:17FDH         LINE#         657
  C:180CH         LINE#         659
  C:1826H         LINE#         660
  C:1826H         LINE#         661
  C:1840H         LINE#         662
  C:1861H         LINE#         663
  C:1882H         LINE#         664
  C:1898H         LINE#         665
  C:18B1H         LINE#         666
  C:18CAH         LINE#         667
  C:18E3H         LINE#         669
  C:18FEH         LINE#         670
  C:1907H         LINE#         672
  C:192DH         LINE#         673
  C:1953H         LINE#         674
  C:1979H         LINE#         676
  C:1982H         LINE#         678
  C:1985H         LINE#         679
  -------         ENDPROC       REMOTE_USER_INIT
  -------         PROC          REMOTE_LOOP
  C:001AH         LINE#         681
  C:001AH         LINE#         682
BL51 BANKED LINKER/LOCATER V6.22.2.0                                                  03/28/2021  17:37:58  PAGE 22


  C:001AH         LINE#         684
  -------         ENDPROC       REMOTE_LOOP
  -------         ENDMOD        REMOTE

  -------         MODULE        E2PROM
  C:0000H         SYMBOL        _ICE_DUMMY_
  D:0080H         PUBLIC        P0
  D:0090H         PUBLIC        P1
  D:00A0H         PUBLIC        P2
  D:00B0H         PUBLIC        P3
  C:4830H         SYMBOL        DisableEEPROM
  D:00C0H         PUBLIC        P4
  D:00C8H         PUBLIC        P5
  D:00E8H         PUBLIC        P6
  B:00A8H.7       PUBLIC        EA
  D:00F8H         PUBLIC        P7
  D:00A8H         PUBLIC        IE
  D:00C5H         PUBLIC        IAP_CMD
  C:454FH         SYMBOL        _EEPROM_SectorErase
  C:3C3FH         SYMBOL        _EEPROM_read_n
  D:00B8H         PUBLIC        IP
  D:00C3H         PUBLIC        IAP_ADDRH
  D:00C4H         PUBLIC        IAP_ADDRL
  C:272CH         SYMBOL        _EEPROM_write_n
  C:0022H         PUBLIC        e2prom_hw_init
  D:00F5H         PUBLIC        IAP_TPS
  D:0098H         PUBLIC        SCON
  D:0088H         PUBLIC        TCON
  C:4808H         SYMBOL        EEPROM_Trig
  D:00C7H         PUBLIC        IAP_CONTR
  D:00C2H         PUBLIC        IAP_DATA
  C:4419H         PUBLIC        _e2prom_read
  C:3F9AH         PUBLIC        _e2prom_write
  D:00C6H         PUBLIC        IAP_TRIG
  B:00D0H.5       PUBLIC        F0
  D:00D0H         PUBLIC        PSW
  -------         PROC          DISABLEEEPROM
  C:4830H         LINE#         49
  C:4830H         LINE#         50
  C:4830H         LINE#         51
  C:4833H         LINE#         52
  C:4836H         LINE#         53
  C:4839H         LINE#         54
  C:483CH         LINE#         55
  C:483FH         LINE#         56
  -------         ENDPROC       DISABLEEEPROM
  -------         PROC          EEPROM_TRIG
  C:4808H         LINE#         65
  C:4808H         LINE#         66
  C:4808H         LINE#         67
  C:480CH         LINE#         68
  C:480EH         LINE#         69
  C:4811H         LINE#         70
  C:4814H         LINE#         73
  C:4815H         LINE#         74
  C:4816H         LINE#         75
  C:4817H         LINE#         76
BL51 BANKED LINKER/LOCATER V6.22.2.0                                                  03/28/2021  17:37:58  PAGE 23


  C:481BH         LINE#         77
  -------         ENDPROC       EEPROM_TRIG
  -------         PROC          _EEPROM_SECTORERASE
  X:02CBH         SYMBOL        EE_address
  C:454FH         LINE#         86
  C:4557H         LINE#         87
  C:4557H         LINE#         88
  C:455DH         LINE#         89
  C:4560H         LINE#         92
  C:456EH         LINE#         93
  C:457AH         LINE#         94
  C:457DH         LINE#         95
  C:4580H         LINE#         96
  -------         ENDPROC       _EEPROM_SECTORERASE
  -------         PROC          _EEPROM_READ_N
  X:0226H         SYMBOL        EE_address
  X:0228H         SYMBOL        DataAddress
  X:022BH         SYMBOL        length
  C:3C3FH         LINE#         107
  C:3C52H         LINE#         108
  C:3C52H         LINE#         109
  C:3C58H         LINE#         110
  C:3C5BH         LINE#         112
  C:3C5BH         LINE#         113
  C:3C69H         LINE#         114
  C:3C75H         LINE#         115
  C:3C78H         LINE#         116
  C:3C88H         LINE#         117
  C:3C96H         LINE#         118
  C:3CA0H         LINE#         119
  C:3CAAH         LINE#         121
  C:3CADH         LINE#         122
  -------         ENDPROC       _EEPROM_READ_N
  -------         PROC          _EEPROM_WRITE_N
  X:0232H         SYMBOL        EE_address
  X:0234H         SYMBOL        DataAddress
  X:0237H         SYMBOL        length
  -------         DO            
  X:022CH         SYMBOL        i
  X:022DH         SYMBOL        j
  X:022FH         SYMBOL        p
  -------         ENDDO         
  C:272CH         LINE#         134
  C:273FH         LINE#         135
  C:273FH         LINE#         140
  C:274DH         LINE#         142
  C:2753H         LINE#         143
  C:275DH         LINE#         144
  C:276DH         LINE#         145
  C:2783H         LINE#         146
  C:2786H         LINE#         148
  C:2786H         LINE#         149
  C:2794H         LINE#         150
  C:27A0H         LINE#         151
  C:27B1H         LINE#         152
  C:27B4H         LINE#         153
  C:27C2H         LINE#         154
BL51 BANKED LINKER/LOCATER V6.22.2.0                                                  03/28/2021  17:37:58  PAGE 24


  C:27CCH         LINE#         155
  C:27D6H         LINE#         157
  C:27E6H         LINE#         158
  C:27F0H         LINE#         159
  C:2806H         LINE#         160
  C:280BH         LINE#         161
  C:280EH         LINE#         163
  C:280EH         LINE#         164
  C:281CH         LINE#         165
  C:2828H         LINE#         166
  C:282BH         LINE#         167
  C:283FH         LINE#         168
  C:283FH         LINE#         169
  C:2845H         LINE#         170
  C:2847H         LINE#         171
  C:2847H         LINE#         172
  C:2855H         LINE#         173
  C:285FH         LINE#         174
  C:2869H         LINE#         176
  C:286CH         LINE#         177
  C:2871H         LINE#         178
  -------         ENDPROC       _EEPROM_WRITE_N
  -------         PROC          E2PROM_HW_INIT
  C:0022H         LINE#         180
  C:0022H         LINE#         181
  C:0022H         LINE#         183
  -------         ENDPROC       E2PROM_HW_INIT
  -------         PROC          _E2PROM_READ
  X:0211H         SYMBOL        addr
  X:0213H         SYMBOL        buf
  X:0216H         SYMBOL        len
  C:4419H         LINE#         185
  C:442CH         LINE#         186
  C:442CH         LINE#         187
  C:444FH         LINE#         188
  -------         ENDPROC       _E2PROM_READ
  -------         PROC          _E2PROM_WRITE
  X:0218H         SYMBOL        addr
  X:021AH         SYMBOL        buf
  X:021DH         SYMBOL        len
  C:3F9AH         LINE#         190
  C:3FADH         LINE#         191
  C:3FADH         LINE#         192
  C:3FCAH         LINE#         193
  C:3FCAH         LINE#         194
  C:3FCDH         LINE#         195
  C:3FCDH         LINE#         197
  C:3FD8H         LINE#         199
  C:3FFBH         LINE#         200
  -------         ENDPROC       _E2PROM_WRITE
  -------         ENDMOD        E2PROM

  -------         MODULE        GPIO
  C:0000H         SYMBOL        _ICE_DUMMY_
  D:0093H         PUBLIC        P0M1
  D:0092H         PUBLIC        P1M0
  D:0096H         PUBLIC        P2M0
BL51 BANKED LINKER/LOCATER V6.22.2.0                                                  03/28/2021  17:37:58  PAGE 25


  D:0091H         PUBLIC        P1M1
  D:0080H         PUBLIC        P0
  D:00B2H         PUBLIC        P3M0
  D:0095H         PUBLIC        P2M1
  D:0090H         PUBLIC        P1
  D:00B4H         PUBLIC        P4M0
  D:00B1H         PUBLIC        P3M1
  D:00A0H         PUBLIC        P2
  D:00CAH         PUBLIC        P5M0
  D:00B3H         PUBLIC        P4M1
  D:00B0H         PUBLIC        P3
  D:00CCH         PUBLIC        P6M0
  D:00C9H         PUBLIC        P5M1
  D:00C0H         PUBLIC        P4
  D:00E2H         PUBLIC        P7M0
  D:00CBH         PUBLIC        P6M1
  D:00C8H         PUBLIC        P5
  D:00E8H         PUBLIC        P6
  D:00E1H         PUBLIC        P7M1
  D:00F8H         PUBLIC        P7
  C:22FDH         PUBLIC        _gpio_hw_init
  D:00A8H         PUBLIC        IE
  D:00B8H         PUBLIC        IP
  C:3469H         PUBLIC        _gpio_read
  D:0098H         PUBLIC        SCON
  D:0088H         PUBLIC        TCON
  C:2F77H         PUBLIC        _gpio_write
  D:00D0H         PUBLIC        PSW
  D:0094H         PUBLIC        P0M0
  -------         PROC          _GPIO_HW_INIT
  X:0283H         SYMBOL        group
  X:0284H         SYMBOL        pin
  X:0285H         SYMBOL        dic
  C:22FDH         LINE#         30
  C:230CH         LINE#         31
  C:230CH         LINE#         32
  C:2312H         LINE#         33
  C:2318H         LINE#         34
  C:231EH         LINE#         35
  C:2324H         LINE#         37
  C:232FH         LINE#         38
  C:232FH         LINE#         39
  C:2348H         LINE#         40
  C:2348H         LINE#         41
  C:2348H         LINE#         43
  C:235CH         LINE#         44
  C:235FH         LINE#         45
  C:2360H         LINE#         46
  C:2360H         LINE#         48
  C:2374H         LINE#         49
  C:2377H         LINE#         50
  C:2378H         LINE#         51
  C:2378H         LINE#         53
  C:238CH         LINE#         54
  C:238FH         LINE#         55
  C:2390H         LINE#         56
  C:2390H         LINE#         58
BL51 BANKED LINKER/LOCATER V6.22.2.0                                                  03/28/2021  17:37:58  PAGE 26


  C:23A4H         LINE#         59
  C:23A7H         LINE#         60
  C:23A8H         LINE#         62
  C:23A8H         LINE#         63
  C:23A9H         LINE#         64
  C:23A9H         LINE#         65
  C:23AAH         LINE#         66
  C:23B7H         LINE#         67
  C:23B7H         LINE#         68
  C:23D0H         LINE#         69
  C:23D0H         LINE#         70
  C:23D0H         LINE#         72
  C:23D3H         LINE#         73
  C:23E7H         LINE#         74
  C:23E8H         LINE#         75
  C:23E8H         LINE#         77
  C:23EBH         LINE#         78
  C:23FFH         LINE#         79
  C:2400H         LINE#         80
  C:2400H         LINE#         82
  C:2403H         LINE#         83
  C:2417H         LINE#         84
  C:2418H         LINE#         85
  C:2418H         LINE#         87
  C:241BH         LINE#         88
  C:242FH         LINE#         89
  C:2430H         LINE#         91
  C:2430H         LINE#         92
  C:2431H         LINE#         93
  C:2431H         LINE#         94
  C:2432H         LINE#         96
  C:2432H         LINE#         97
  C:244BH         LINE#         98
  C:244BH         LINE#         99
  C:244BH         LINE#         101
  C:244EH         LINE#         102
  C:2451H         LINE#         103
  C:2452H         LINE#         104
  C:2452H         LINE#         106
  C:2455H         LINE#         107
  C:2458H         LINE#         108
  C:2459H         LINE#         109
  C:2459H         LINE#         111
  C:245CH         LINE#         112
  C:245FH         LINE#         113
  C:2460H         LINE#         114
  C:2460H         LINE#         116
  C:2463H         LINE#         117
  C:2466H         LINE#         118
  C:2466H         LINE#         120
  C:2466H         LINE#         121
  C:2466H         LINE#         122
  C:2466H         LINE#         123
  C:2466H         LINE#         124
  -------         ENDPROC       _GPIO_HW_INIT
  -------         PROC          _GPIO_READ
  X:0286H         SYMBOL        group
BL51 BANKED LINKER/LOCATER V6.22.2.0                                                  03/28/2021  17:37:58  PAGE 27


  X:0287H         SYMBOL        pin
  -------         DO            
  X:0288H         SYMBOL        value
  -------         ENDDO         
  C:3469H         LINE#         126
  C:3473H         LINE#         127
  C:3473H         LINE#         128
  C:3478H         LINE#         130
  C:3491H         LINE#         131
  C:3491H         LINE#         132
  C:3491H         LINE#         134
  C:34ABH         LINE#         135
  C:34ADH         LINE#         136
  C:34ADH         LINE#         138
  C:34C7H         LINE#         139
  C:34C9H         LINE#         140
  C:34C9H         LINE#         142
  C:34E3H         LINE#         143
  C:34E5H         LINE#         144
  C:34E5H         LINE#         146
  C:34FFH         LINE#         147
  C:34FFH         LINE#         149
  C:34FFH         LINE#         150
  C:34FFH         LINE#         151
  C:34FFH         LINE#         153
  C:3504H         LINE#         154
  -------         ENDPROC       _GPIO_READ
  -------         PROC          _GPIO_WRITE
  X:0289H         SYMBOL        group
  X:028AH         SYMBOL        pin
  X:028BH         SYMBOL        value
  C:2F77H         LINE#         156
  C:2F86H         LINE#         157
  C:2F86H         LINE#         158
  C:2F9FH         LINE#         159
  C:2F9FH         LINE#         160
  C:2F9FH         LINE#         162
  C:2FACH         LINE#         163
  C:2FACH         LINE#         164
  C:2FC0H         LINE#         165
  C:2FC1H         LINE#         167
  C:2FC1H         LINE#         168
  C:2FD8H         LINE#         169
  C:2FD8H         LINE#         170
  C:2FD9H         LINE#         171
  C:2FD9H         LINE#         173
  C:2FE6H         LINE#         174
  C:2FE6H         LINE#         175
  C:2FFAH         LINE#         176
  C:2FFBH         LINE#         178
  C:2FFBH         LINE#         179
  C:3012H         LINE#         180
  C:3012H         LINE#         181
  C:3013H         LINE#         182
  C:3013H         LINE#         184
  C:3020H         LINE#         185
  C:3020H         LINE#         186
BL51 BANKED LINKER/LOCATER V6.22.2.0                                                  03/28/2021  17:37:58  PAGE 28


  C:3034H         LINE#         187
  C:3035H         LINE#         189
  C:3035H         LINE#         190
  C:304CH         LINE#         191
  C:304CH         LINE#         192
  C:304DH         LINE#         193
  C:304DH         LINE#         195
  C:305AH         LINE#         196
  C:305AH         LINE#         197
  C:306EH         LINE#         198
  C:306FH         LINE#         200
  C:306FH         LINE#         201
  C:3086H         LINE#         202
  C:3086H         LINE#         203
  C:3086H         LINE#         205
  C:3086H         LINE#         206
  C:3086H         LINE#         207
  C:3086H         LINE#         208
  -------         ENDPROC       _GPIO_WRITE
  -------         ENDMOD        GPIO

  -------         MODULE        HW_TIMER
  C:0000H         SYMBOL        _ICE_DUMMY_
  D:0080H         PUBLIC        P0
  D:0090H         PUBLIC        P1
  C:3CAEH         PUBLIC        timer0_int
  D:00A0H         PUBLIC        P2
  C:3D1DH         PUBLIC        timer1_int
  D:00B0H         PUBLIC        P3
  D:00C0H         PUBLIC        P4
  C:3D8CH         PUBLIC        timer3_int
  D:00C8H         PUBLIC        P5
  D:00E8H         PUBLIC        P6
  D:00F8H         PUBLIC        P7
  D:00A8H         PUBLIC        IE
  C:410DH         PUBLIC        _hw_timer_stop
  D:00B8H         PUBLIC        IP
  X:01C9H         SYMBOL        timer0_hander
  X:01CCH         SYMBOL        timer1_hander
  X:01CFH         SYMBOL        timer3_hander
  D:0098H         PUBLIC        SCON
  D:0089H         PUBLIC        TMOD
  D:0088H         PUBLIC        TCON
  D:00AFH         PUBLIC        IE2
  D:008EH         PUBLIC        AUXR
  B:00A8H.1       PUBLIC        ET0
  B:00A8H.3       PUBLIC        ET1
  C:29B1H         SYMBOL        _Timer0_init
  C:2AECH         SYMBOL        _Timer1_init
  D:008CH         PUBLIC        TH0
  D:008DH         PUBLIC        TH1
  C:2C1DH         SYMBOL        _Timer3_init
  D:00D4H         PUBLIC        T3H
  D:008AH         PUBLIC        TL0
  D:008BH         PUBLIC        TL1
  D:00D5H         PUBLIC        T3L
  B:0088H.4       PUBLIC        TR0
BL51 BANKED LINKER/LOCATER V6.22.2.0                                                  03/28/2021  17:37:58  PAGE 29


  B:0088H.6       PUBLIC        TR1
  C:48ADH         SYMBOL        Timer0_stop
  D:00D1H         PUBLIC        T4T3M
  C:48B0H         SYMBOL        Timer1_stop
  C:0016H         SYMBOL        Timer3_stop
  D:008FH         PUBLIC        INT_CLKO
  D:00D0H         PUBLIC        PSW
  C:3634H         PUBLIC        _hw_timer_init
  -------         PROC          TIMER0_STOP
  C:48ADH         LINE#         33
  C:48ADH         LINE#         34
  C:48ADH         LINE#         35
  C:48AFH         LINE#         37
  -------         ENDPROC       TIMER0_STOP
  -------         PROC          _TIMER0_INIT
  X:01D2H         SYMBOL        tick_us
  -------         DO            
  X:01D6H         SYMBOL        tick_clk
  -------         ENDDO         
  C:29B1H         LINE#         39
  C:29B7H         LINE#         40
  C:29B7H         LINE#         41
  C:29C1H         LINE#         43
  C:29C3H         LINE#         45
  C:29C5H         LINE#         47
  C:29C8H         LINE#         48
  C:29CBH         LINE#         50
  C:29CEH         LINE#         52
  C:29D1H         LINE#         54
  C:29F0H         LINE#         55
  C:2A0CH         LINE#         56
  C:2A0CH         LINE#         57
  C:2A0FH         LINE#         58
  C:2A38H         LINE#         59
  C:2A66H         LINE#         60
  C:2A69H         LINE#         62
  C:2A69H         LINE#         63
  C:2A6CH         LINE#         64
  C:2AA8H         LINE#         65
  C:2AE9H         LINE#         66
  C:2AE9H         LINE#         68
  C:2AEBH         LINE#         69
  -------         ENDPROC       _TIMER0_INIT
  -------         PROC          TIMER1_STOP
  C:48B0H         LINE#         71
  C:48B0H         LINE#         72
  C:48B0H         LINE#         73
  C:48B2H         LINE#         74
  -------         ENDPROC       TIMER1_STOP
  -------         PROC          _TIMER1_INIT
  X:01DAH         SYMBOL        tick_us
  -------         DO            
  X:01DEH         SYMBOL        tick_clk
  -------         ENDDO         
  C:2AECH         LINE#         76
  C:2AF2H         LINE#         77
  C:2AF2H         LINE#         80
BL51 BANKED LINKER/LOCATER V6.22.2.0                                                  03/28/2021  17:37:58  PAGE 30


  C:2AF4H         LINE#         82
  C:2AF6H         LINE#         84
  C:2AF9H         LINE#         85
  C:2AFCH         LINE#         87
  C:2AFFH         LINE#         89
  C:2B02H         LINE#         91
  C:2B21H         LINE#         92
  C:2B3DH         LINE#         93
  C:2B3DH         LINE#         94
  C:2B40H         LINE#         95
  C:2B69H         LINE#         96
  C:2B97H         LINE#         97
  C:2B9AH         LINE#         99
  C:2B9AH         LINE#         100
  C:2B9DH         LINE#         101
  C:2BD9H         LINE#         102
  C:2C1AH         LINE#         103
  C:2C1AH         LINE#         105
  C:2C1CH         LINE#         106
  -------         ENDPROC       _TIMER1_INIT
  -------         PROC          _TIMER3_INIT
  X:01E2H         SYMBOL        tick_us
  -------         DO            
  X:01E6H         SYMBOL        tick_clk
  -------         ENDDO         
  C:2C1DH         LINE#         108
  C:2C23H         LINE#         109
  C:2C23H         LINE#         112
  C:2C26H         LINE#         114
  C:2C29H         LINE#         116
  C:2C48H         LINE#         117
  C:2C64H         LINE#         118
  C:2C64H         LINE#         119
  C:2C67H         LINE#         120
  C:2C90H         LINE#         121
  C:2CBEH         LINE#         122
  C:2CC0H         LINE#         124
  C:2CC0H         LINE#         125
  C:2CFCH         LINE#         126
  C:2D3DH         LINE#         127
  C:2D3DH         LINE#         129
  C:2D40H         LINE#         130
  -------         ENDPROC       _TIMER3_INIT
  -------         PROC          TIMER3_STOP
  C:0016H         LINE#         132
  C:0016H         LINE#         133
  C:0016H         LINE#         134
  C:0019H         LINE#         135
  -------         ENDPROC       TIMER3_STOP
  -------         PROC          _HW_TIMER_INIT
  X:01EAH         SYMBOL        id
  X:01EBH         SYMBOL        tick_us
  X:01EFH         SYMBOL        hander
  C:3634H         LINE#         137
  C:3639H         LINE#         138
  C:3639H         LINE#         139
  C:364FH         LINE#         140
BL51 BANKED LINKER/LOCATER V6.22.2.0                                                  03/28/2021  17:37:58  PAGE 31


  C:364FH         LINE#         141
  C:364FH         LINE#         143
  C:3660H         LINE#         144
  C:3676H         LINE#         145
  C:3677H         LINE#         147
  C:3677H         LINE#         149
  C:3688H         LINE#         150
  C:369EH         LINE#         151
  C:369FH         LINE#         153
  C:369FH         LINE#         155
  C:36B0H         LINE#         156
  C:36C6H         LINE#         157
  C:36C6H         LINE#         159
  C:36C6H         LINE#         160
  C:36C6H         LINE#         161
  C:36C6H         LINE#         162
  -------         ENDPROC       _HW_TIMER_INIT
  -------         PROC          _HW_TIMER_STOP
  X:02D4H         SYMBOL        id
  C:410DH         LINE#         164
  C:4112H         LINE#         165
  C:4112H         LINE#         166
  C:4128H         LINE#         167
  C:4128H         LINE#         168
  C:4128H         LINE#         170
  C:412BH         LINE#         171
  C:413CH         LINE#         172
  C:413DH         LINE#         174
  C:413DH         LINE#         176
  C:4140H         LINE#         177
  C:4151H         LINE#         178
  C:4152H         LINE#         180
  C:4152H         LINE#         182
  C:4155H         LINE#         183
  C:4166H         LINE#         184
  C:4166H         LINE#         186
  C:4166H         LINE#         187
  C:4166H         LINE#         188
  C:4166H         LINE#         189
  -------         ENDPROC       _HW_TIMER_STOP
  -------         PROC          TIMER0_INT
  C:3CAEH         LINE#         191
  C:3CCBH         LINE#         193
  C:3CDEH         LINE#         194
  C:3CDEH         LINE#         195
  C:3D02H         LINE#         196
  C:3D02H         LINE#         197
  -------         ENDPROC       TIMER0_INT
  -------         PROC          TIMER1_INT
  C:3D1DH         LINE#         199
  C:3D3AH         LINE#         201
  C:3D4DH         LINE#         202
  C:3D4DH         LINE#         203
  C:3D71H         LINE#         204
  C:3D71H         LINE#         205
  -------         ENDPROC       TIMER1_INT
  -------         PROC          TIMER3_INT
BL51 BANKED LINKER/LOCATER V6.22.2.0                                                  03/28/2021  17:37:58  PAGE 32


  C:3D8CH         LINE#         207
  C:3DA9H         LINE#         209
  C:3DBCH         LINE#         210
  C:3DBCH         LINE#         211
  C:3DE0H         LINE#         212
  C:3DE0H         LINE#         213
  -------         ENDPROC       TIMER3_INT
  -------         ENDMOD        HW_TIMER

  -------         MODULE        UART
  C:0000H         SYMBOL        _ICE_DUMMY_
  D:0080H         PUBLIC        P0
  D:0090H         PUBLIC        P1
  D:00A0H         PUBLIC        P2
  D:00B0H         PUBLIC        P3
  D:00C0H         PUBLIC        P4
  D:00C8H         PUBLIC        P5
  B:0020H.0       SYMBOL        B_TX1_Busy
  D:00E8H         PUBLIC        P6
  B:00A8H.7       PUBLIC        EA
  D:00F8H         PUBLIC        P7
  D:00A2H         PUBLIC        P_SW1
  D:00A8H         PUBLIC        IE
  C:4057H         PUBLIC        _uart_hw_init
  C:4581H         SYMBOL        _SetTimer2Baudraye
  B:00A8H.4       PUBLIC        ES
  D:00B8H         PUBLIC        IP
  B:0098H.0       PUBLIC        RI
  C:488BH         PUBLIC        UART1_int
  B:0098H.1       PUBLIC        TI
  D:0099H         PUBLIC        SBUF
  D:0098H         PUBLIC        SCON
  D:0088H         PUBLIC        TCON
  D:00AFH         PUBLIC        IE2
  D:008EH         PUBLIC        AUXR
  C:47B0H         SYMBOL        uart1_config
  C:0052H         SYMBOL        uart2_config
  D:00D6H         PUBLIC        TH2
  D:00D7H         PUBLIC        TL2
  C:3181H         PUBLIC        _print_hex
  B:0098H.4       PUBLIC        REN
  C:4299H         PUBLIC        _print_str
  D:00D0H         PUBLIC        PSW
  -------         PROC          _SETTIMER2BAUDRAYE
  X:02CDH         SYMBOL        dat
  C:4581H         LINE#         34
  C:4589H         LINE#         35
  C:4589H         LINE#         36
  C:458CH         LINE#         37
  C:458FH         LINE#         38
  C:4592H         LINE#         39
  C:45A0H         LINE#         40
  C:45ACH         LINE#         41
  C:45AFH         LINE#         42
  C:45B2H         LINE#         43
  -------         ENDPROC       _SETTIMER2BAUDRAYE
  -------         PROC          UART1_CONFIG
BL51 BANKED LINKER/LOCATER V6.22.2.0                                                  03/28/2021  17:37:58  PAGE 33


  C:47B0H         LINE#         45
  C:47B0H         LINE#         46
  C:47B0H         LINE#         47
  C:47BAH         LINE#         49
  C:47BCH         LINE#         50
  C:47BEH         LINE#         51
  C:47C1H         LINE#         52
  C:47C4H         LINE#         55
  C:47C6H         LINE#         56
  -------         ENDPROC       UART1_CONFIG
  -------         PROC          UART2_CONFIG
  C:0052H         LINE#         58
  C:0052H         LINE#         59
  C:0052H         LINE#         61
  -------         ENDPROC       UART2_CONFIG
  -------         PROC          _UART_HW_INIT
  X:0250H         SYMBOL        id
  X:0251H         SYMBOL        band
  C:4057H         LINE#         63
  C:405CH         LINE#         64
  C:405CH         LINE#         65
  C:405FH         LINE#         66
  C:4082H         LINE#         68
  C:4095H         LINE#         69
  C:4095H         LINE#         70
  C:4095H         LINE#         72
  C:4098H         LINE#         73
  C:409AH         LINE#         75
  C:409AH         LINE#         77
  C:409DH         LINE#         78
  C:409DH         LINE#         80
  C:409DH         LINE#         81
  C:409DH         LINE#         82
  C:409DH         LINE#         84
  C:409FH         LINE#         86
  C:40A8H         LINE#         87
  C:40B1H         LINE#         88
  -------         ENDPROC       _UART_HW_INIT
  -------         PROC          _PRINT_STR
  X:028CH         SYMBOL        puts
  C:4299H         LINE#         90
  C:42A4H         LINE#         91
  C:42A4H         LINE#         92
  C:42B9H         LINE#         93
  C:42B9H         LINE#         94
  C:42CAH         LINE#         95
  C:42CCH         LINE#         96
  C:42CFH         LINE#         97
  C:42DBH         LINE#         98
  -------         ENDPROC       _PRINT_STR
  -------         PROC          _PRINT_HEX
  X:0255H         SYMBOL        puts
  X:0258H         SYMBOL        len
  -------         DO            
  X:0259H         SYMBOL        i
  -------         ENDDO         
  C:3181H         LINE#         100
BL51 BANKED LINKER/LOCATER V6.22.2.0                                                  03/28/2021  17:37:58  PAGE 34


  C:3191H         LINE#         101
  C:3191H         LINE#         102
  C:3196H         LINE#         103
  C:31ADH         LINE#         104
  C:31ADH         LINE#         105
  C:31CEH         LINE#         106
  C:31E9H         LINE#         108
  C:3202H         LINE#         109
  C:3204H         LINE#         110
  C:3207H         LINE#         112
  C:3227H         LINE#         113
  C:3241H         LINE#         115
  C:3259H         LINE#         116
  C:325BH         LINE#         117
  C:325EH         LINE#         118
  C:3268H         LINE#         119
  C:3271H         LINE#         121
  C:3274H         LINE#         122
  C:3276H         LINE#         123
  C:3279H         LINE#         124
  -------         ENDPROC       _PRINT_HEX
  -------         PROC          UART1_INT
[...]
  -------         PROC          _HW_TIMER_HANDLE
  X:02B3H         SYMBOL        p
  C:4450H         LINE#         347
  C:445BH         LINE#         348
  C:445BH         LINE#         349
  C:4483H         LINE#         350
  -------         ENDPROC       _HW_TIMER_HANDLE
  -------         PROC          GET_TIMER_TICK
  C:485EH         LINE#         352
  C:485EH         LINE#         353
  C:485EH         LINE#         354
  C:486CH         LINE#         355
  -------         ENDPROC       GET_TIMER_TICK
  -------         PROC          SOFT_TIMER_UPDATE
  C:4687H         LINE#         357
  C:4687H         LINE#         358
  C:4687H         LINE#         359
  C:46A7H         LINE#         360
  -------         ENDPROC       SOFT_TIMER_UPDATE
  -------         PROC          SOFT_TIMER_INIT
  C:486DH         LINE#         362
  C:486DH         LINE#         363
  C:486DH         LINE#         364
  C:4870H         LINE#         367
  C:487BH         LINE#         368
  -------         ENDPROC       SOFT_TIMER_INIT
  -------         PROC          SOFT_TIMER_LOOP
  C:48A7H         LINE#         370
  C:48A7H         LINE#         371
  C:48A7H         LINE#         372
  C:48ACH         LINE#         373
  -------         ENDPROC       SOFT_TIMER_LOOP
  -------         PROC          _SOFT_TIMER_REGISTER
  X:0244H         SYMBOL        timer
  X:0247H         SYMBOL        timeout_callback
  C:439DH         LINE#         375
  C:43A8H         LINE#         376
  C:43A8H         LINE#         377
  C:43DAH         LINE#         378
BL51 BANKED LINKER/LOCATER V6.22.2.0                                                  03/28/2021  17:37:58  PAGE 48


  -------         ENDPROC       _SOFT_TIMER_REGISTER
  -------         PROC          _SOFT_TIMER_START
  X:01FAH         SYMBOL        timer
  X:01FDH         SYMBOL        mode
  X:01FEH         SYMBOL        delay_tick
  C:43DBH         LINE#         380
  C:43EBH         LINE#         381
  C:43EBH         LINE#         382
  C:4418H         LINE#         383
  -------         ENDPROC       _SOFT_TIMER_START
  -------         PROC          _SOFT_TIMER_STOP
  X:02B6H         SYMBOL        timer
  C:4746H         LINE#         385
  C:4751H         LINE#         386
  C:4751H         LINE#         387
  C:4761H         LINE#         388
  -------         ENDPROC       _SOFT_TIMER_STOP
  -------         ENDMOD        SOFT_TIMER

  -------         MODULE        BUTTON
  C:0000H         SYMBOL        _ICE_DUMMY_
  C:009EH         SYMBOL        flex_button_process
  C:4796H         PUBLIC        _button_event
  C:2D41H         SYMBOL        flex_button_read
  X:0181H         PUBLIC        g_btn_status_reg
  C:46A8H         PUBLIC        _flex_button_event_read
  C:431EH         PUBLIC        button_init
  C:48A0H         PUBLIC        flex_button_scan
  X:0185H         SYMBOL        btn_head
  X:0188H         SYMBOL        button_cnt
  X:0189H         SYMBOL        btn_timer
  X:019DH         PUBLIC        g_logic_level
  C:487CH         SYMBOL        _btn_timer_loop
  C:477CH         PUBLIC        _button_register
  C:1E42H         PUBLIC        _flex_button_register
  -------         PROC          _FLEX_BUTTON_REGISTER
  X:024AH         SYMBOL        button
  -------         DO            
  X:024DH         SYMBOL        curr
  -------         ENDDO         
  C:1E42H         LINE#         87
  C:1E4DH         LINE#         88
  C:1E4DH         LINE#         89
  C:1E63H         LINE#         91
  C:1E85H         LINE#         92
  C:1E85H         LINE#         93
  C:1E8AH         LINE#         94
  C:1E8AH         LINE#         96
  C:1E9AH         LINE#         97
  C:1E9AH         LINE#         98
  C:1EC9H         LINE#         99
  C:1EC9H         LINE#         100
  C:1ECEH         LINE#         101
  C:1ECEH         LINE#         102
  C:1EE7H         LINE#         103
  C:1EE9H         LINE#         109
  C:1F08H         LINE#         110
BL51 BANKED LINKER/LOCATER V6.22.2.0                                                  03/28/2021  17:37:58  PAGE 49


  C:1F1DH         LINE#         111
  C:1F33H         LINE#         112
  C:1F4BH         LINE#         113
  C:1F63H         LINE#         114
  C:1F7BH         LINE#         115
  C:1F91H         LINE#         121
  C:1FF5H         LINE#         122
  C:1FFBH         LINE#         124
  C:2002H         LINE#         125
  -------         ENDPROC       _FLEX_BUTTON_REGISTER
  -------         PROC          FLEX_BUTTON_READ
  -------         DO            
  X:0202H         SYMBOL        i
  X:0203H         SYMBOL        target
  X:0206H         SYMBOL        raw_data
  -------         ENDDO         
  C:2D41H         LINE#         133
  C:2D41H         LINE#         134
  C:2D41H         LINE#         139
  C:2D4BH         LINE#         143
  C:2DA3H         LINE#         144
  C:2DA3H         LINE#         145
  C:2E10H         LINE#         146
  C:2E10H         LINE#         143
  C:2E32H         LINE#         148
  C:2E63H         LINE#         149
  -------         ENDPROC       FLEX_BUTTON_READ
  -------         PROC          FLEX_BUTTON_PROCESS
  -------         DO            
  X:025AH         SYMBOL        i
  X:025BH         SYMBOL        active_btn_cnt
  X:025CH         SYMBOL        target
  -------         ENDDO         
  C:009EH         LINE#         158
  C:009EH         LINE#         159
  C:009EH         LINE#         161
  C:00A3H         LINE#         164
  C:00DCH         LINE#         165
  C:00DCH         LINE#         166
  C:00FEH         LINE#         167
  C:00FEH         LINE#         168
  C:0116H         LINE#         169
  C:0136H         LINE#         170
  C:0136H         LINE#         171
  C:0164H         LINE#         172
  C:0164H         LINE#         173
  C:0164H         LINE#         175
  C:018AH         LINE#         176
  C:018AH         LINE#         177
  C:018AH         LINE#         178
  C:01C9H         LINE#         179
  C:01C9H         LINE#         180
  C:01E1H         LINE#         181
  C:01F9H         LINE#         183
  C:0259H         LINE#         186
  C:026FH         LINE#         187
  C:0272H         LINE#         189
BL51 BANKED LINKER/LOCATER V6.22.2.0                                                  03/28/2021  17:37:58  PAGE 50


  C:0272H         LINE#         190
  C:0288H         LINE#         191
  C:0288H         LINE#         192
  C:028BH         LINE#         194
  C:028BH         LINE#         195
  C:02CAH         LINE#         196
  C:02CAH         LINE#         197
  C:02EDH         LINE#         198
  C:02EDH         LINE#         199
  C:0325H         LINE#         200
  C:0325H         LINE#         204
  C:03C0H         LINE#         207
  C:03D6H         LINE#         208
  C:03EEH         LINE#         209
  C:0406H         LINE#         210
  C:0406H         LINE#         211
  C:0409H         LINE#         212
  C:0441H         LINE#         213
  C:0441H         LINE#         214
  C:0461H         LINE#         215
  C:0461H         LINE#         216
  C:04C5H         LINE#         217
  C:04C5H         LINE#         218
  C:04C8H         LINE#         219
  C:0500H         LINE#         220
  C:0500H         LINE#         221
  C:0520H         LINE#         222
  C:0520H         LINE#         223
  C:0584H         LINE#         224
  C:0584H         LINE#         225
  C:0587H         LINE#         226
  C:05BFH         LINE#         227
  C:05BFH         LINE#         228
  C:05DFH         LINE#         229
  C:05DFH         LINE#         230
  C:0643H         LINE#         231
  C:0643H         LINE#         232
  C:0643H         LINE#         233
  C:0646H         LINE#         235
  C:0646H         LINE#         236
  C:067BH         LINE#         237
  C:067BH         LINE#         238
  C:06DCH         LINE#         239
  C:06F1H         LINE#         240
  C:06F4H         LINE#         241
  C:0729H         LINE#         242
  C:0729H         LINE#         243
  C:078AH         LINE#         244
  C:079FH         LINE#         245
  C:07A2H         LINE#         246
  C:07D7H         LINE#         247
  C:07D7H         LINE#         248
  C:0838H         LINE#         249
  C:084DH         LINE#         250
  C:0850H         LINE#         252
  C:0850H         LINE#         254
  C:0866H         LINE#         255
BL51 BANKED LINKER/LOCATER V6.22.2.0                                                  03/28/2021  17:37:58  PAGE 51


  C:087EH         LINE#         256
  C:087EH         LINE#         257
  C:087EH         LINE#         258
  C:0881H         LINE#         260
  C:0881H         LINE#         261
  C:08BDH         LINE#         262
  C:08BDH         LINE#         264
  C:08D3H         LINE#         265
  C:08EBH         LINE#         266
  C:08EEH         LINE#         268
  C:08EEH         LINE#         269
  C:0926H         LINE#         270
  C:0926H         LINE#         274
  C:09C1H         LINE#         277
  C:09D6H         LINE#         278
  C:09D6H         LINE#         279
  C:09D6H         LINE#         280
  C:09D6H         LINE#         281
  C:09D6H         LINE#         283
  C:09F8H         LINE#         284
  C:09F8H         LINE#         285
  C:09FEH         LINE#         286
  C:09FEH         LINE#         287
  C:0A20H         LINE#         289
  C:0A25H         LINE#         290
  -------         ENDPROC       FLEX_BUTTON_PROCESS
  -------         PROC          _FLEX_BUTTON_EVENT_READ
  X:02B9H         SYMBOL        button
  C:46A8H         LINE#         300
  C:46B3H         LINE#         301
  C:46B3H         LINE#         302
  C:46C8H         LINE#         303
  -------         ENDPROC       _FLEX_BUTTON_EVENT_READ
  -------         PROC          FLEX_BUTTON_SCAN
  C:48A0H         LINE#         315
  C:48A0H         LINE#         316
  C:48A0H         LINE#         317
  C:48A3H         LINE#         318
  C:48A6H         LINE#         319
  -------         ENDPROC       FLEX_BUTTON_SCAN
  -------         PROC          _BTN_TIMER_LOOP
  X:02BCH         SYMBOL        timer
  C:487CH         LINE#         323
  C:4887H         LINE#         324
  C:4887H         LINE#         325
  C:488AH         LINE#         326
  -------         ENDPROC       _BTN_TIMER_LOOP
  -------         PROC          BUTTON_INIT
  C:431EH         LINE#         328
  C:431EH         LINE#         329
  C:431EH         LINE#         330
  C:4344H         LINE#         331
  C:4359H         LINE#         333
  C:435DH         LINE#         334
  -------         ENDPROC       BUTTON_INIT
  -------         PROC          _BUTTON_REGISTER
  X:02BFH         SYMBOL        button
BL51 BANKED LINKER/LOCATER V6.22.2.0                                                  03/28/2021  17:37:58  PAGE 52


  C:477CH         LINE#         336
  C:4787H         LINE#         337
  C:4787H         LINE#         338
  C:4795H         LINE#         339
  -------         ENDPROC       _BUTTON_REGISTER
  -------         PROC          _BUTTON_EVENT
  X:02C2H         SYMBOL        button
  C:4796H         LINE#         341
  C:47A1H         LINE#         342
  C:47A1H         LINE#         343
  C:47AFH         LINE#         344
  -------         ENDPROC       _BUTTON_EVENT
  -------         ENDMOD        BUTTON

  -------         MODULE        MAIN
  C:0000H         SYMBOL        _ICE_DUMMY_
  D:0080H         PUBLIC        P0
  D:0090H         PUBLIC        P1
  D:00A0H         PUBLIC        P2
  D:00B0H         PUBLIC        P3
  D:00C0H         PUBLIC        P4
  D:00C8H         PUBLIC        P5
  D:00E8H         PUBLIC        P6
  D:00F8H         PUBLIC        P7
  D:00A8H         PUBLIC        IE
  D:00B8H         PUBLIC        IP
  C:463FH         PUBLIC        main
  D:0098H         PUBLIC        SCON
  D:0088H         PUBLIC        TCON
  D:00D0H         PUBLIC        PSW
  -------         PROC          MAIN
  C:463FH         LINE#         40
  C:463FH         LINE#         41
  C:463FH         LINE#         60
  C:464EH         LINE#         62
  C:4657H         LINE#         66
  C:4660H         LINE#         68
  C:4665H         LINE#         69
  -------         ENDPROC       MAIN
  -------         ENDMOD        MAIN

  -------         MODULE        ?C?COPY
  C:0AF6H         PUBLIC        ?C?COPY
  -------         ENDMOD        ?C?COPY

  -------         MODULE        ?C?CLDPTR
  C:0B1CH         PUBLIC        ?C?CLDPTR
  -------         ENDMOD        ?C?CLDPTR

  -------         MODULE        ?C?CLDOPTR
  C:0B35H         PUBLIC        ?C?CLDOPTR
  -------         ENDMOD        ?C?CLDOPTR

  -------         MODULE        ?C?CSTPTR
  C:0B62H         PUBLIC        ?C?CSTPTR
  -------         ENDMOD        ?C?CSTPTR

BL51 BANKED LINKER/LOCATER V6.22.2.0                                                  03/28/2021  17:37:58  PAGE 53


  -------         MODULE        ?C?CSTOPTR
  C:0B74H         PUBLIC        ?C?CSTOPTR
  -------         ENDMOD        ?C?CSTOPTR

  -------         MODULE        ?C?IMUL
  C:0B96H         PUBLIC        ?C?IMUL
  -------         ENDMOD        ?C?IMUL

  -------         MODULE        ?C?UIDIV
  C:0BA8H         PUBLIC        ?C?UIDIV
  -------         ENDMOD        ?C?UIDIV

  -------         MODULE        ?C?IILDX
  C:0BFDH         PUBLIC        ?C?IILDX
  -------         ENDMOD        ?C?IILDX

  -------         MODULE        ?C?ILDOPTR
  C:0C13H         PUBLIC        ?C?ILDOPTR
  -------         ENDMOD        ?C?ILDOPTR

  -------         MODULE        ?C?IILDOPTR
  C:0C4BH         PUBLIC        ?C?IILDOPTR
  -------         ENDMOD        ?C?IILDOPTR

  -------         MODULE        ?C?ISTOPTR
  C:0C98H         PUBLIC        ?C?ISTOPTR
  -------         ENDMOD        ?C?ISTOPTR

  -------         MODULE        ?C?LMUL
  C:0CC5H         PUBLIC        ?C?LMUL
  -------         ENDMOD        ?C?LMUL

  -------         MODULE        ?C?ULDIV
  C:0D50H         PUBLIC        ?C?ULDIV
  -------         ENDMOD        ?C?ULDIV

  -------         MODULE        ?C?LNOT
  C:0DE2H         PUBLIC        ?C?LNOT
  -------         ENDMOD        ?C?LNOT

  -------         MODULE        ?C?ULCMP
  C:0DEFH         PUBLIC        ?C?ULCMP
  -------         ENDMOD        ?C?ULCMP

  -------         MODULE        ?C?LLDOPTR
  C:0E00H         PUBLIC        ?C?LLDOPTR
  -------         ENDMOD        ?C?LLDOPTR

  -------         MODULE        ?C?LSTOPTR
  C:0E30H         PUBLIC        ?C?LSTOPTR
  -------         ENDMOD        ?C?LSTOPTR

  -------         MODULE        ?C?LLDOPTR0
  C:0E54H         PUBLIC        ?C?LLDOPTR0
  -------         ENDMOD        ?C?LLDOPTR0

  -------         MODULE        ?C?LSTXDATA
BL51 BANKED LINKER/LOCATER V6.22.2.0                                                  03/28/2021  17:37:58  PAGE 54


  C:0E84H         PUBLIC        ?C?LSTXDATA
  -------         ENDMOD        ?C?LSTXDATA

  -------         MODULE        ?C?LSTKXDATA
  C:0E90H         PUBLIC        ?C?LSTKXDATA
  -------         ENDMOD        ?C?LSTKXDATA

  -------         MODULE        ?C?LSTKOPTR
  C:0EC1H         PUBLIC        ?C?LSTKOPTR
  -------         ENDMOD        ?C?LSTKOPTR

  -------         MODULE        ?C?PLDPTR
  C:0EE5H         PUBLIC        ?C?PLDPTR
  -------         ENDMOD        ?C?PLDPTR

  -------         MODULE        ?C?PSTPTR
  C:0F05H         PUBLIC        ?C?PSTPTR
  -------         ENDMOD        ?C?PSTPTR

  -------         MODULE        ?C?PLDOPTR
  C:0F54H         PUBLIC        ?C?PLDOPTR
  -------         ENDMOD        ?C?PLDOPTR

  -------         MODULE        ?C?PSTOPTR
  C:0F84H         PUBLIC        ?C?PSTOPTR
  -------         ENDMOD        ?C?PSTOPTR

  -------         MODULE        ?C?CCASE
  C:0FDDH         PUBLIC        ?C?CCASE
  -------         ENDMOD        ?C?CCASE

  -------         MODULE        ?C?ICALL
  C:1003H         PUBLIC        ?C?ICALL
  C:1007H         PUBLIC        ?C?ICALL2
  -------         ENDMOD        ?C?ICALL

  -------         MODULE        ?C?LIMUL
  C:1009H         PUBLIC        ?C?LIMUL
  -------         ENDMOD        ?C?LIMUL

  -------         MODULE        ?C?MEMSET
  C:1036H         PUBLIC        ?C?MEMSET
  -------         ENDMOD        ?C?MEMSET

  -------         MODULE        ?C?LLDIDATA
  C:1062H         PUBLIC        ?C?LLDIDATA
  -------         ENDMOD        ?C?LLDIDATA

  -------         MODULE        ?C?LLDXDATA
  C:106EH         PUBLIC        ?C?LLDXDATA
  -------         ENDMOD        ?C?LLDXDATA

  -------         MODULE        ?C?LLDPDATA
  C:107AH         PUBLIC        ?C?LLDPDATA
  -------         ENDMOD        ?C?LLDPDATA

  -------         MODULE        ?C?LLDCODE
BL51 BANKED LINKER/LOCATER V6.22.2.0                                                  03/28/2021  17:37:58  PAGE 55


  C:1086H         PUBLIC        ?C?LLDCODE
  -------         ENDMOD        ?C?LLDCODE

  -------         MODULE        ?C?LLDIDATA0
  C:1096H         PUBLIC        ?C?LLDIDATA0
  -------         ENDMOD        ?C?LLDIDATA0

  -------         MODULE        ?C?LLDXDATA0
  C:10A3H         PUBLIC        ?C?LLDXDATA0
  -------         ENDMOD        ?C?LLDXDATA0

  -------         MODULE        ?C?LLDPDATA0
  C:10AFH         PUBLIC        ?C?LLDPDATA0
  -------         ENDMOD        ?C?LLDPDATA0

  -------         MODULE        ?C?LLDCODE0
  C:10BCH         PUBLIC        ?C?LLDCODE0
  -------         ENDMOD        ?C?LLDCODE0

  -------         MODULE        ?C?LSTIDATA
  C:10CCH         PUBLIC        ?C?LSTIDATA
  -------         ENDMOD        ?C?LSTIDATA

  -------         MODULE        ?C?LSTPDATA
  C:10D8H         PUBLIC        ?C?LSTPDATA
  -------         ENDMOD        ?C?LSTPDATA

  -------         MODULE        ?C?LSTKIDATA
  C:10E4H         PUBLIC        ?C?LSTKIDATA
  -------         ENDMOD        ?C?LSTKIDATA

  -------         MODULE        ?C?LSTKPDATA
  C:10FDH         PUBLIC        ?C?LSTKPDATA
  -------         ENDMOD        ?C?LSTKPDATA

  -------         MODULE        ?C?PLDIDATA
  C:1116H         PUBLIC        ?C?PLDIDATA
  -------         ENDMOD        ?C?PLDIDATA

  -------         MODULE        ?C?PSTIDATA
  C:111FH         PUBLIC        ?C?PSTIDATA
  -------         ENDMOD        ?C?PSTIDATA

  -------         MODULE        ?C?PLDXDATA
  C:1128H         PUBLIC        ?C?PLDXDATA
  -------         ENDMOD        ?C?PLDXDATA

  -------         MODULE        ?C?PSTXDATA
  C:1131H         PUBLIC        ?C?PSTXDATA
  -------         ENDMOD        ?C?PSTXDATA

  -------         MODULE        ?C?PLDPDATA
  C:113AH         PUBLIC        ?C?PLDPDATA
  -------         ENDMOD        ?C?PLDPDATA

  -------         MODULE        ?C?PSTPDATA
  C:1143H         PUBLIC        ?C?PSTPDATA
BL51 BANKED LINKER/LOCATER V6.22.2.0                                                  03/28/2021  17:37:58  PAGE 56


  -------         ENDMOD        ?C?PSTPDATA

  -------         MODULE        ?C?PLDCODE
  C:114CH         PUBLIC        ?C?PLDCODE
  -------         ENDMOD        ?C?PLDCODE

*** WARNING L16: UNCALLED SEGMENT, IGNORED FOR OVERLAY PROCESS
    SEGMENT: ?PR?E2PROM_HW_INIT?E2PROM

*** WARNING L16: UNCALLED SEGMENT, IGNORED FOR OVERLAY PROCESS
    SEGMENT: ?PR?_RCC_HW_INIT?RCC

*** WARNING L16: UNCALLED SEGMENT, IGNORED FOR OVERLAY PROCESS
    SEGMENT: ?PR?SYS_ENTER_SLEEP?SLEEP

*** WARNING L16: UNCALLED SEGMENT, IGNORED FOR OVERLAY PROCESS
    SEGMENT: ?PR?_EV1527_DECODE_INIT?EV1527

*** WARNING L16: UNCALLED SEGMENT, IGNORED FOR OVERLAY PROCESS
    SEGMENT: ?PR?_TK_TIMER_DETACH?SOFT_TIMER

*** WARNING L16: UNCALLED SEGMENT, IGNORED FOR OVERLAY PROCESS
    SEGMENT: ?PR?_TK_TIMER_CONTINUE?SOFT_TIMER

*** WARNING L16: UNCALLED SEGMENT, IGNORED FOR OVERLAY PROCESS
    SEGMENT: ?PR?_TK_TIMER_GET_MODE?SOFT_TIMER

*** WARNING L16: UNCALLED SEGMENT, IGNORED FOR OVERLAY PROCESS
    SEGMENT: ?PR?_TK_TIMER_GET_STATE?SOFT_TIMER

Program Size: data=9.1 xdata=729 code=18610
LINK/LOCATE RUN COMPLETE.  8 WARNING(S),  0 ERROR(S)
