BL51 BANKED LINKER/LOCATER V6.22.2.0                                                    03/28/2021  00:58:00  PAGE 1


BL51 BANKED LINKER/LOCATER V6.22.2.0, INVOKED BY:
C:\KEIL_V5\C51\BIN\BL51.EXE .\Objects\STARTUP.obj, .\Objects\user_main.obj, .\Objects\remote.obj, .\Objects\e2prom.obj, 
>> .\Objects\gpio.obj, .\Objects\hw_timer.obj, .\Objects\uart.obj, .\Objects\rcc.obj, .\Objects\adc.obj, .\Objects\sleep
>> .obj, .\Objects\ev1527.obj, .\Objects\soft_timer.obj, .\Objects\button.obj, .\Objects\main.obj TO .\Objects\20ma_remo
>> te PRINT (.\Listings\20ma_remote.m51) RAMSIZE (256)


MEMORY MODEL: LARGE


INPUT MODULES INCLUDED:
  .\Objects\STARTUP.obj (?C_STARTUP)
  .\Objects\user_main.obj (USER_MAIN)
  .\Objects\remote.obj (REMOTE)
  .\Objects\e2prom.obj (E2PROM)
  .\Objects\gpio.obj (GPIO)
  .\Objects\hw_timer.obj (HW_TIMER)
  .\Objects\uart.obj (UART)
  .\Objects\rcc.obj (RCC)
  .\Objects\adc.obj (ADC)
  .\Objects\sleep.obj (SLEEP)
  .\Objects\ev1527.obj (EV1527)
  .\Objects\soft_timer.obj (SOFT_TIMER)
  .\Objects\button.obj (BUTTON)
  .\Objects\main.obj (MAIN)
  C:\KEIL_V5\C51\LIB\C51L.LIB (?C_INIT)
  C:\KEIL_V5\C51\LIB\C51L.LIB (?C?COPY)
  C:\KEIL_V5\C51\LIB\C51L.LIB (?C?CLDPTR)
  C:\KEIL_V5\C51\LIB\C51L.LIB (?C?CLDOPTR)
  C:\KEIL_V5\C51\LIB\C51L.LIB (?C?CSTPTR)
  C:\KEIL_V5\C51\LIB\C51L.LIB (?C?CSTOPTR)
  C:\KEIL_V5\C51\LIB\C51L.LIB (?C?IMUL)
  C:\KEIL_V5\C51\LIB\C51L.LIB (?C?UIDIV)
  C:\KEIL_V5\C51\LIB\C51L.LIB (?C?IILDX)
  C:\KEIL_V5\C51\LIB\C51L.LIB (?C?ILDOPTR)
  C:\KEIL_V5\C51\LIB\C51L.LIB (?C?IILDOPTR)
  C:\KEIL_V5\C51\LIB\C51L.LIB (?C?ISTOPTR)
  C:\KEIL_V5\C51\LIB\C51L.LIB (?C?LMUL)
  C:\KEIL_V5\C51\LIB\C51L.LIB (?C?ULDIV)
  C:\KEIL_V5\C51\LIB\C51L.LIB (?C?LNOT)
  C:\KEIL_V5\C51\LIB\C51L.LIB (?C?ULCMP)
  C:\KEIL_V5\C51\LIB\C51L.LIB (?C?LLDOPTR)
  C:\KEIL_V5\C51\LIB\C51L.LIB (?C?LSTOPTR)
  C:\KEIL_V5\C51\LIB\C51L.LIB (?C?LLDOPTR0)
  C:\KEIL_V5\C51\LIB\C51L.LIB (?C?LSTXDATA)
  C:\KEIL_V5\C51\LIB\C51L.LIB (?C?LSTKXDATA)
  C:\KEIL_V5\C51\LIB\C51L.LIB (?C?LSTKOPTR)
  C:\KEIL_V5\C51\LIB\C51L.LIB (?C?PLDPTR)
  C:\KEIL_V5\C51\LIB\C51L.LIB (?C?PSTPTR)
  C:\KEIL_V5\C51\LIB\C51L.LIB (?C?PLDOPTR)
  C:\KEIL_V5\C51\LIB\C51L.LIB (?C?PSTOPTR)
  C:\KEIL_V5\C51\LIB\C51L.LIB (?C?ICALL)
  C:\KEIL_V5\C51\LIB\C51L.LIB (?C?LIMUL)
  C:\KEIL_V5\C51\LIB\C51L.LIB (?C?MEMSET)
  C:\KEIL_V5\C51\LIB\C51L.LIB (?C?LLDIDATA)
  C:\KEIL_V5\C51\LIB\C51L.LIB (?C?LLDXDATA)
  C:\KEIL_V5\C51\LIB\C51L.LIB (?C?LLDPDATA)
  C:\KEIL_V5\C51\LIB\C51L.LIB (?C?LLDCODE)
BL51 BANKED LINKER/LOCATER V6.22.2.0                                                  03/28/2021  00:58:00  PAGE 2


  C:\KEIL_V5\C51\LIB\C51L.LIB (?C?LLDIDATA0)
  C:\KEIL_V5\C51\LIB\C51L.LIB (?C?LLDXDATA0)
  C:\KEIL_V5\C51\LIB\C51L.LIB (?C?LLDPDATA0)
  C:\KEIL_V5\C51\LIB\C51L.LIB (?C?LLDCODE0)
  C:\KEIL_V5\C51\LIB\C51L.LIB (?C?LSTIDATA)
  C:\KEIL_V5\C51\LIB\C51L.LIB (?C?LSTPDATA)
  C:\KEIL_V5\C51\LIB\C51L.LIB (?C?LSTKIDATA)
  C:\KEIL_V5\C51\LIB\C51L.LIB (?C?LSTKPDATA)
  C:\KEIL_V5\C51\LIB\C51L.LIB (?C?PLDIDATA)
  C:\KEIL_V5\C51\LIB\C51L.LIB (?C?PSTIDATA)
  C:\KEIL_V5\C51\LIB\C51L.LIB (?C?PLDXDATA)
  C:\KEIL_V5\C51\LIB\C51L.LIB (?C?PSTXDATA)
  C:\KEIL_V5\C51\LIB\C51L.LIB (?C?PLDPDATA)
  C:\KEIL_V5\C51\LIB\C51L.LIB (?C?PSTPDATA)
  C:\KEIL_V5\C51\LIB\C51L.LIB (?C?PLDCODE)


LINK MAP OF MODULE:  .\Objects\20ma_remote (?C_STARTUP)


            TYPE    BASE      LENGTH    RELOCATION   SEGMENT NAME
            -----------------------------------------------------

            * * * * * * *   D A T A   M E M O R Y   * * * * * * *
            REG     0000H     0008H     ABSOLUTE     "REG BANK 0"
                    0008H     0018H                  *** GAP ***
            BIT     0020H.0   0000H.1   UNIT         ?BI?UART
                    0020H.1   0000H.7                *** GAP ***
            IDATA   0021H     0001H     UNIT         ?STACK

            * * * * * * *  X D A T A   M E M O R Y  * * * * * * *
            XDATA   0000H     0117H     UNIT         ?XD?REMOTE
            XDATA   0117H     0040H     UNIT         ?XD?EV1527
            XDATA   0157H     002AH     UNIT         ?XD?SOFT_TIMER
            XDATA   0181H     0029H     UNIT         _XDATA_GROUP_
            XDATA   01AAH     0020H     UNIT         ?XD?BUTTON
            XDATA   01CAH     0014H     UNIT         ?XD?USER_MAIN
            XDATA   01DEH     0009H     UNIT         ?XD?HW_TIMER
            XDATA   01E7H     0007H     UNIT         ?XD?_E2PROM_WRITE?E2PROM
            XDATA   01EEH     0006H     UNIT         ?XD?E2PROM
            XDATA   01F4H     0006H     UNIT         ?XD?_EEPROM_WRITE_N?E2PROM
            XDATA   01FAH     0006H     UNIT         ?XD?_EV1527_DECODE_INIT?EV1527
            XDATA   0200H     0004H     UNIT         ?XD?_EV1527_STATUS_PARSE?EV1527
            XDATA   0204H     0003H     UNIT         ?XD?_EV1527_DECODE_HANDLE?EV1527
            XDATA   0207H     0003H     UNIT         ?XD?_TK_TIMER_DETACH?SOFT_TIMER
            XDATA   020AH     0001H     UNIT         ?XD?EV1527_DECODE?EV1527

            * * * * * * *   C O D E   M E M O R Y   * * * * * * *
            CODE    0000H     0003H     ABSOLUTE     
            CODE    0003H     0003H     ABSOLUTE     
            CODE    0006H     0005H     UNIT         ?PR?INT0_INT?SLEEP
            CODE    000BH     0003H     ABSOLUTE     
            CODE    000EH     0005H     UNIT         ?PR?INT1_INT?SLEEP
            CODE    0013H     0003H     ABSOLUTE     
            CODE    0016H     0004H     UNIT         ?PR?TIMER3_STOP?HW_TIMER
            CODE    001AH     0001H     UNIT         ?PR?REMOTE_LOOP?REMOTE
            CODE    001BH     0003H     ABSOLUTE     
BL51 BANKED LINKER/LOCATER V6.22.2.0                                                  03/28/2021  00:58:00  PAGE 3


            CODE    001EH     0004H     UNIT         ?PR?INT2_INT?SLEEP
            CODE    0022H     0001H     UNIT         ?PR?E2PROM_HW_INIT?E2PROM
            CODE    0023H     0003H     ABSOLUTE     
            CODE    0026H     002DH     UNIT         ?PR?LOW_POWER_READ?REMOTE
            CODE    0053H     0003H     ABSOLUTE     
            CODE    0056H     0004H     UNIT         ?PR?INT3_INT?SLEEP
            CODE    005AH     0001H     UNIT         ?PR?UART2_CONFIG?UART
            CODE    005BH     0003H     ABSOLUTE     
            CODE    005EH     0025H     UNIT         ?PR?MAIN?MAIN
            CODE    0083H     0003H     ABSOLUTE     
            CODE    0086H     0015H     UNIT         ?PR?SLEEP_TIMER_START?REMOTE
            CODE    009BH     0003H     ABSOLUTE     
            CODE    009EH     070CH     UNIT         ?C?LIB_CODE
            CODE    07AAH     05C3H     UNIT         ?PR?FLEX_BUTTON_PROCESS?BUTTON
            CODE    0D6DH     0371H     UNIT         ?PR?EV1527_ENCODE?EV1527
            CODE    10DEH     029DH     UNIT         ?PR?REMOTE_USER_INIT?REMOTE
            CODE    137BH     01FDH     UNIT         ?PR?EV1527_DECODE?EV1527
            CODE    1578H     01ABH     UNIT         ?PR?_LED_STATUS_CHANGE?REMOTE
            CODE    1723H     0167H     UNIT         ?CO?REMOTE
            CODE    188AH     0164H     UNIT         ?PR?_FLEX_BUTTON_REGISTER?BUTTON
            CODE    19EEH     0138H     UNIT         ?PR?_COMMON_BTN_EVT_CB?REMOTE
            CODE    1B26H     00FFH     UNIT         ?PR?TK_TIMER_LOOP_HANDLER?SOFT_TIMER
            CODE    1C25H     00FAH     UNIT         ?C_INITSEG
            CODE    1D1FH     00FAH     UNIT         ?PR?FLEX_BUTTON_READ?BUTTON
            CODE    1E19H     00F1H     UNIT         ?PR?_EV1527_ENCODE_POST?EV1527
            CODE    1F0AH     00E4H     UNIT         ?PR?_GPIO_HW_INIT?GPIO
            CODE    1FEEH     00DFH     UNIT         ?PR?_TIMER0_INIT?HW_TIMER
            CODE    20CDH     00DBH     UNIT         ?PR?_EEPROM_WRITE_N?E2PROM
            CODE    21A8H     00D5H     UNIT         ?PR?_TIMER1_INIT?HW_TIMER
            CODE    227DH     00CDH     UNIT         ?PR?_TK_TIMER_INIT?SOFT_TIMER
            CODE    234AH     00CCH     UNIT         ?PR?_TIMER3_INIT?HW_TIMER
            CODE    2416H     00C3H     UNIT         ?PR?_GET_ADC_RESULT?ADC
            CODE    24D9H     0097H     UNIT         ?PR?_GPIO_WRITE?GPIO
            CODE    2570H     008CH     UNIT         ?C_C51STARTUP
            CODE    25FCH     0089H     UNIT         ?PR?__TK_TIMER_SET_START_PARAM?SOFT_TIMER
            CODE    2685H     007FH     UNIT         ?PR?_TK_TIMER_DETACH?SOFT_TIMER
            CODE    2704H     007EH     UNIT         ?PR?_EV1527_DECODE_INIT?EV1527
            CODE    2782H     0075H     UNIT         ?PR?_EV1527_STATUS_PARSE?EV1527
            CODE    27F7H     0073H     UNIT         ?PR?_HW_TIMER_INIT?HW_TIMER
            CODE    286AH     006BH     UNIT         ?PR?READ_REMOTE_PARAMS?REMOTE
            CODE    28D5H     006BH     UNIT         ?PR?_PRINT_HEX?UART
            CODE    2940H     006BH     UNIT         ?PR?__TK_TIMER_INSERT_NODE_TO_LIST?SOFT_TIMER
            CODE    29ABH     006BH     UNIT         ?PR?_TK_TIMER_FUNC_INIT?SOFT_TIMER
            CODE    2A16H     0067H     UNIT         ?PR?_REMOTE_POWER_LIGHT?REMOTE
            CODE    2A7DH     0063H     UNIT         ?PR?__TK_TIMER_FIND_NODE_TAIL?SOFT_TIMER
            CODE    2AE0H     005DH     UNIT         ?PR?_CALC_CRC?REMOTE
            CODE    2B3DH     005CH     UNIT         ?PR?TIMER0_INT?HW_TIMER
            CODE    2B99H     005CH     UNIT         ?PR?TIMER1_INT?HW_TIMER
            CODE    2BF5H     005CH     UNIT         ?PR?TIMER3_INT?HW_TIMER
            CODE    2C51H     0059H     UNIT         ?PR?_RCC_HW_INIT?RCC
            CODE    2CAAH     0058H     UNIT         ?PR?_ALLOW_RANGE?EV1527
            CODE    2D02H     0055H     UNIT         ?PR?_TIMER_LOW_HANDLE?REMOTE
            CODE    2D57H     0054H     UNIT         ?PR?POWER_REMOTE_POST?REMOTE
            CODE    2DABH     004FH     UNIT         ?PR?_UART_HW_INIT?UART
            CODE    2DFAH     004EH     UNIT         ?PR?AIR_REMOTE_POST?REMOTE
            CODE    2E48H     004BH     UNIT         ?PR?_RF_POST?REMOTE
            CODE    2E93H     004BH     UNIT         ?PR?WRITE_REMOTE_PARAMS?REMOTE
BL51 BANKED LINKER/LOCATER V6.22.2.0                                                  03/28/2021  00:58:00  PAGE 4


            CODE    2EDEH     004AH     UNIT         ?PR?_GPIO_READ?GPIO
            CODE    2F28H     0049H     UNIT         ?PR?USER_INIT?USER_MAIN
            CODE    2F71H     0047H     UNIT         ?PR?MOTOR_REMOTE_POST?REMOTE
            CODE    2FB8H     0047H     UNIT         ?PR?_TIMER_MATCH_HANDLE?REMOTE
            CODE    2FFFH     0040H     UNIT         ?PR?HOT_REMOTE_POST?REMOTE
            CODE    303FH     003FH     UNIT         ?PR?_E2PROM_WRITE?E2PROM
            CODE    307EH     0037H     UNIT         ?PR?TIMER_REMOTE_POST?REMOTE
            CODE    30B5H     0032H     UNIT         ?CO?USER_MAIN
            CODE    30E7H     0031H     UNIT         ?PR?BUTTON_INIT?BUTTON
            CODE    3118H     0030H     UNIT         ?PR?_COMMON_BTN_READ?REMOTE
            CODE    3148H     0030H     UNIT         ?PR?_ENCODE_TIMER_RESTART?EV1527
            CODE    3178H     002DH     UNIT         ?PR?_ADC_HW_INIT?ADC
            CODE    31A5H     002CH     UNIT         ?PR?_EEPROM_READ_N?E2PROM
            CODE    31D1H     002BH     UNIT         ?PR?MATCH_REMOTE_POST?REMOTE
            CODE    31FCH     002AH     UNIT         ?PR?_HW_TIMER_HANDLE?SOFT_TIMER
            CODE    3226H     0029H     UNIT         ?PR?_HW_TIMER_STOP?HW_TIMER
            CODE    324FH     0024H     UNIT         ?PR?MATCH_REMOTE_STOP?REMOTE
            CODE    3273H     0024H     UNIT         ?PR?_ADC_TRANS?ADC
            CODE    3297H     0023H     UNIT         ?PR?_SOFT_TIMER_REGISTER?SOFT_TIMER
            CODE    32BAH     0021H     UNIT         ?PR?EV_PARAMS_RESET?EV1527
            CODE    32DBH     0020H     UNIT         ?PR?_TIMER_SLEEP_HANDLE?REMOTE
            CODE    32FBH     001FH     UNIT         ?PR?_USER_MAIN?USER_MAIN
            CODE    331AH     001FH     UNIT         ?CO?UART
            CODE    3339H     001EH     UNIT         ?PR?READ_CHIP_ID?REMOTE
            CODE    3357H     001EH     UNIT         ?PR?_TK_TIMER_START?SOFT_TIMER
            CODE    3375H     001EH     UNIT         ?PR?_SOFT_TIMER_START?SOFT_TIMER
            CODE    3393H     001DH     UNIT         ?PR?REMOTE_STATUS_INIT?REMOTE
            CODE    33B0H     001DH     UNIT         ?PR?SOFT_TIMER_UPDATE?SOFT_TIMER
            CODE    33CDH     001BH     UNIT         ?PR?_TIMER_LOG_HANDLE?USER_MAIN
            CODE    33E8H     001BH     UNIT         ?PR?EEPROM_TRIG?E2PROM
            CODE    3403H     001BH     UNIT         ?PR?_SETTIMER2BAUDRAYE?UART
            CODE    341EH     0017H     UNIT         ?PR?SYS_ENTER_SLEEP?SLEEP
            CODE    3435H     0016H     UNIT         ?PR?_PRINT_STR?UART
            CODE    344BH     0014H     UNIT         ?CO?MAIN
            CODE    345FH     0013H     UNIT         ?PR?_EEPROM_SECTORERASE?E2PROM
            CODE    3472H     0012H     UNIT         ?PR?UART1_CONFIG?UART
            CODE    3484H     0011H     UNIT         ?PR?_TK_TIMER_CONTINUE?SOFT_TIMER
            CODE    3495H     000FH     UNIT         ?PR?GET_TIMER_TICK?SOFT_TIMER
            CODE    34A4H     000FH     UNIT         ?PR?SOFT_TIMER_INIT?SOFT_TIMER
            CODE    34B3H     000EH     UNIT         ?PR?DISABLEEEPROM?E2PROM
            CODE    34C1H     000EH     UNIT         ?PR?_EV1527_DECODE_HANDLE?EV1527
            CODE    34CFH     000EH     UNIT         ?PR?_EV1527_ENCODE_HANDLE?EV1527
            CODE    34DDH     000EH     UNIT         ?PR?_TK_TIMER_STOP?SOFT_TIMER
            CODE    34EBH     000EH     UNIT         ?PR?_BTN_TIMER_LOOP?BUTTON
            CODE    34F9H     000DH     UNIT         ?PR?UART1_INT?UART
            CODE    3506H     000CH     UNIT         ?PR?_IO_WRTIE?REMOTE
            CODE    3512H     000CH     UNIT         ?PR?_E2PROM_READ?E2PROM
            CODE    351EH     0008H     UNIT         ?PR?ENCODE_TIMER_STOP?EV1527
            CODE    3526H     0008H     UNIT         ?PR?_TK_TIMER_GET_MODE?SOFT_TIMER
            CODE    352EH     0008H     UNIT         ?PR?_TK_TIMER_GET_STATE?SOFT_TIMER
            CODE    3536H     0008H     UNIT         ?PR?_FLEX_BUTTON_EVENT_READ?BUTTON
            CODE    353EH     0006H     UNIT         ?PR?SOFT_TIMER_LOOP?SOFT_TIMER
            CODE    3544H     0006H     UNIT         ?PR?_SOFT_TIMER_STOP?SOFT_TIMER
            CODE    354AH     0006H     UNIT         ?PR?FLEX_BUTTON_SCAN?BUTTON
            CODE    3550H     0004H     UNIT         ?PR?INT4_INT?SLEEP
            CODE    3554H     0003H     UNIT         ?PR?TIMER0_STOP?HW_TIMER
            CODE    3557H     0003H     UNIT         ?PR?TIMER1_STOP?HW_TIMER
BL51 BANKED LINKER/LOCATER V6.22.2.0                                                  03/28/2021  00:58:00  PAGE 5


            CODE    355AH     0003H     UNIT         ?PR?_TK_TIMER_RESTART?SOFT_TIMER
            CODE    355DH     0003H     UNIT         ?PR?_BUTTON_REGISTER?BUTTON
            CODE    3560H     0003H     UNIT         ?PR?_BUTTON_EVENT?BUTTON



OVERLAY MAP OF MODULE:   .\Objects\20ma_remote (?C_STARTUP)


SEGMENT                                            XDATA_GROUP
  +--> CALLED SEGMENT                            START    LENGTH
----------------------------------------------------------------
?C_C51STARTUP                                    -----    -----
  +--> ?PR?MAIN?MAIN
  +--> ?C_INITSEG

?PR?MAIN?MAIN                                    -----    -----
  +--> ?PR?_UART_HW_INIT?UART
  +--> ?CO?MAIN
  +--> ?PR?_PRINT_STR?UART
  +--> ?PR?_USER_MAIN?USER_MAIN

?PR?_UART_HW_INIT?UART                           0181H    0005H
  +--> ?PR?_SETTIMER2BAUDRAYE?UART
  +--> ?PR?UART1_CONFIG?UART
  +--> ?PR?UART2_CONFIG?UART
  +--> ?CO?UART
  +--> ?PR?_PRINT_STR?UART

?PR?_USER_MAIN?USER_MAIN                         0181H    0003H
  +--> ?CO?USER_MAIN
  +--> ?PR?_PRINT_STR?UART
  +--> ?PR?USER_INIT?USER_MAIN
  +--> ?PR?SOFT_TIMER_LOOP?SOFT_TIMER
  +--> ?PR?REMOTE_LOOP?REMOTE

?PR?USER_INIT?USER_MAIN                          0184H    0002H
  +--> ?PR?SOFT_TIMER_INIT?SOFT_TIMER
  +--> ?PR?BUTTON_INIT?BUTTON
  +--> ?PR?REMOTE_USER_INIT?REMOTE
  +--> ?PR?_TIMER_LOG_HANDLE?USER_MAIN
  +--> ?PR?_SOFT_TIMER_REGISTER?SOFT_TIMER
  +--> ?PR?_SOFT_TIMER_START?SOFT_TIMER
  +--> ?CO?USER_MAIN
  +--> ?PR?_PRINT_STR?UART

?PR?SOFT_TIMER_INIT?SOFT_TIMER                   -----    -----
  +--> ?PR?SOFT_TIMER_UPDATE?SOFT_TIMER
  +--> ?PR?GET_TIMER_TICK?SOFT_TIMER
  +--> ?PR?_TK_TIMER_FUNC_INIT?SOFT_TIMER

?PR?SOFT_TIMER_UPDATE?SOFT_TIMER                 -----    -----
  +--> ?PR?_HW_TIMER_HANDLE?SOFT_TIMER
  +--> ?PR?_HW_TIMER_INIT?HW_TIMER

?PR?_HW_TIMER_HANDLE?SOFT_TIMER                  0186H    0003H

BL51 BANKED LINKER/LOCATER V6.22.2.0                                                  03/28/2021  00:58:00  PAGE 6


?PR?_HW_TIMER_INIT?HW_TIMER                      019AH    0008H
  +--> ?PR?_TIMER0_INIT?HW_TIMER
  +--> ?PR?_TIMER1_INIT?HW_TIMER
  +--> ?PR?_TIMER3_INIT?HW_TIMER

?PR?_TIMER0_INIT?HW_TIMER                        01A2H    0008H

?PR?_TIMER1_INIT?HW_TIMER                        01A2H    0008H

?PR?_TIMER3_INIT?HW_TIMER                        01A2H    0008H

?PR?_TK_TIMER_FUNC_INIT?SOFT_TIMER               0186H    0003H

?PR?BUTTON_INIT?BUTTON                           -----    -----
  +--> ?PR?_BTN_TIMER_LOOP?BUTTON
  +--> ?PR?_SOFT_TIMER_REGISTER?SOFT_TIMER
  +--> ?PR?_SOFT_TIMER_START?SOFT_TIMER

?PR?_BTN_TIMER_LOOP?BUTTON                       0186H    0003H
  +--> ?PR?FLEX_BUTTON_SCAN?BUTTON

?PR?FLEX_BUTTON_SCAN?BUTTON                      -----    -----
  +--> ?PR?FLEX_BUTTON_READ?BUTTON
  +--> ?PR?FLEX_BUTTON_PROCESS?BUTTON

?PR?FLEX_BUTTON_READ?BUTTON                      0189H    0008H

?PR?FLEX_BUTTON_PROCESS?BUTTON                   0189H    0005H

?PR?_SOFT_TIMER_REGISTER?SOFT_TIMER              0187H    0006H
  +--> ?PR?_TK_TIMER_INIT?SOFT_TIMER

?PR?_TK_TIMER_INIT?SOFT_TIMER                    018DH    0006H
  +--> ?PR?__TK_TIMER_INSERT_NODE_TO_LIST?SO...

?PR?__TK_TIMER_INSERT_NODE_TO_LIST?SO...         0193H    0003H
  +--> ?PR?__TK_TIMER_FIND_NODE_TAIL?SOFT_TIMER

?PR?__TK_TIMER_FIND_NODE_TAIL?SOFT_TIMER         0196H    0003H

?PR?_SOFT_TIMER_START?SOFT_TIMER                 018BH    0008H
  +--> ?PR?_TK_TIMER_START?SOFT_TIMER

?PR?_TK_TIMER_START?SOFT_TIMER                   0193H    0008H
  +--> ?PR?__TK_TIMER_SET_START_PARAM?SOFT_T...

?PR?__TK_TIMER_SET_START_PARAM?SOFT_T...         019BH    0003H

?PR?REMOTE_USER_INIT?REMOTE                      0186H    0001H
  +--> ?PR?_GPIO_HW_INIT?GPIO
  +--> ?PR?_GPIO_WRITE?GPIO
  +--> ?PR?_ADC_HW_INIT?ADC
  +--> ?PR?_COMMON_BTN_READ?REMOTE
  +--> ?PR?_COMMON_BTN_EVT_CB?REMOTE
  +--> ?PR?_BUTTON_REGISTER?BUTTON
  +--> ?PR?_TIMER_LOW_HANDLE?REMOTE
  +--> ?PR?_SOFT_TIMER_REGISTER?SOFT_TIMER
BL51 BANKED LINKER/LOCATER V6.22.2.0                                                  03/28/2021  00:58:00  PAGE 7


  +--> ?PR?_TIMER_SLEEP_HANDLE?REMOTE
  +--> ?PR?_TIMER_MATCH_HANDLE?REMOTE
  +--> ?CO?REMOTE
  +--> ?PR?_PRINT_STR?UART
  +--> ?PR?REMOTE_STATUS_INIT?REMOTE

?PR?_COMMON_BTN_READ?REMOTE                      -----    -----
  +--> ?PR?_GPIO_READ?GPIO

?PR?_COMMON_BTN_EVT_CB?REMOTE                    -----    -----
  +--> ?PR?_BUTTON_EVENT?BUTTON
  +--> ?PR?MATCH_REMOTE_POST?REMOTE
  +--> ?CO?REMOTE
  +--> ?PR?_PRINT_STR?UART
  +--> ?PR?MATCH_REMOTE_STOP?REMOTE
  +--> ?PR?POWER_REMOTE_POST?REMOTE
  +--> ?PR?TIMER_REMOTE_POST?REMOTE
  +--> ?PR?SLEEP_TIMER_START?REMOTE
  +--> ?PR?MOTOR_REMOTE_POST?REMOTE
  +--> ?PR?HOT_REMOTE_POST?REMOTE
  +--> ?PR?AIR_REMOTE_POST?REMOTE

?PR?_BUTTON_EVENT?BUTTON                         -----    -----
  +--> ?PR?_FLEX_BUTTON_EVENT_READ?BUTTON

?PR?MATCH_REMOTE_POST?REMOTE                     -----    -----
  +--> ?PR?_GPIO_WRITE?GPIO
  +--> ?PR?_SOFT_TIMER_START?SOFT_TIMER

?PR?MATCH_REMOTE_STOP?REMOTE                     -----    -----
  +--> ?PR?_SOFT_TIMER_STOP?SOFT_TIMER
  +--> ?PR?_GPIO_WRITE?GPIO

?PR?_SOFT_TIMER_STOP?SOFT_TIMER                  -----    -----
  +--> ?PR?_TK_TIMER_STOP?SOFT_TIMER

?PR?POWER_REMOTE_POST?REMOTE                     -----    -----
  +--> ?CO?REMOTE
  +--> ?PR?_PRINT_STR?UART
  +--> ?PR?_REMOTE_POWER_LIGHT?REMOTE
  +--> ?PR?WRITE_REMOTE_PARAMS?REMOTE
  +--> ?PR?_RF_POST?REMOTE

?PR?_REMOTE_POWER_LIGHT?REMOTE                   -----    -----
  +--> ?CO?REMOTE
  +--> ?PR?_PRINT_STR?UART
  +--> ?PR?_LED_STATUS_CHANGE?REMOTE
  +--> ?PR?SLEEP_TIMER_START?REMOTE

?PR?_LED_STATUS_CHANGE?REMOTE                    018AH    0001H
  +--> ?PR?LOW_POWER_READ?REMOTE
  +--> ?PR?_GPIO_WRITE?GPIO
  +--> ?PR?_SOFT_TIMER_START?SOFT_TIMER

?PR?LOW_POWER_READ?REMOTE                        018BH    0002H
  +--> ?PR?_GET_ADC_RESULT?ADC
  +--> ?PR?_PRINT_HEX?UART
BL51 BANKED LINKER/LOCATER V6.22.2.0                                                  03/28/2021  00:58:00  PAGE 8



?PR?_GET_ADC_RESULT?ADC                          018DH    0004H
  +--> ?PR?_ADC_TRANS?ADC

?PR?SLEEP_TIMER_START?REMOTE                     -----    -----
  +--> ?PR?_SOFT_TIMER_START?SOFT_TIMER

?PR?WRITE_REMOTE_PARAMS?REMOTE                   -----    -----
  +--> ?PR?_CALC_CRC?REMOTE
  +--> ?PR?_PRINT_HEX?UART
  +--> ?CO?REMOTE
  +--> ?PR?_PRINT_STR?UART

?PR?_CALC_CRC?REMOTE                             018BH    0007H

?PR?_RF_POST?REMOTE                              018AH    0001H
  +--> ?PR?_CALC_CRC?REMOTE
  +--> ?PR?_IO_WRTIE?REMOTE
  +--> ?PR?_EV1527_ENCODE_POST?EV1527

?PR?_IO_WRTIE?REMOTE                             -----    -----
  +--> ?PR?_GPIO_WRITE?GPIO

?PR?_EV1527_ENCODE_POST?EV1527                   018BH    000BH
  +--> ?PR?_ENCODE_TIMER_RESTART?EV1527
  +--> ?PR?ENCODE_TIMER_STOP?EV1527

?PR?_ENCODE_TIMER_RESTART?EV1527                 0196H    0004H
  +--> ?PR?_EV1527_ENCODE_HANDLE?EV1527
  +--> ?PR?_HW_TIMER_INIT?HW_TIMER

?PR?_EV1527_ENCODE_HANDLE?EV1527                 019AH    0003H
  +--> ?PR?EV1527_ENCODE?EV1527

?PR?EV1527_ENCODE?EV1527                         019DH    0002H

?PR?ENCODE_TIMER_STOP?EV1527                     -----    -----
  +--> ?PR?_HW_TIMER_STOP?HW_TIMER

?PR?_HW_TIMER_STOP?HW_TIMER                      -----    -----
  +--> ?PR?TIMER0_STOP?HW_TIMER
  +--> ?PR?TIMER1_STOP?HW_TIMER
  +--> ?PR?TIMER3_STOP?HW_TIMER

?PR?TIMER_REMOTE_POST?REMOTE                     -----    -----
  +--> ?CO?REMOTE
  +--> ?PR?_PRINT_STR?UART
  +--> ?PR?_LED_STATUS_CHANGE?REMOTE
  +--> ?PR?_RF_POST?REMOTE

?PR?MOTOR_REMOTE_POST?REMOTE                     -----    -----
  +--> ?CO?REMOTE
  +--> ?PR?_PRINT_STR?UART
  +--> ?PR?_LED_STATUS_CHANGE?REMOTE
  +--> ?PR?WRITE_REMOTE_PARAMS?REMOTE
  +--> ?PR?_RF_POST?REMOTE

BL51 BANKED LINKER/LOCATER V6.22.2.0                                                  03/28/2021  00:58:00  PAGE 9


?PR?HOT_REMOTE_POST?REMOTE                       -----    -----
  +--> ?CO?REMOTE
  +--> ?PR?_PRINT_STR?UART
  +--> ?PR?_LED_STATUS_CHANGE?REMOTE
  +--> ?PR?WRITE_REMOTE_PARAMS?REMOTE
  +--> ?PR?_RF_POST?REMOTE

?PR?AIR_REMOTE_POST?REMOTE                       -----    -----
  +--> ?CO?REMOTE
  +--> ?PR?_PRINT_STR?UART
  +--> ?PR?_LED_STATUS_CHANGE?REMOTE
  +--> ?PR?WRITE_REMOTE_PARAMS?REMOTE
  +--> ?PR?_RF_POST?REMOTE

?PR?_BUTTON_REGISTER?BUTTON                      -----    -----
  +--> ?PR?_FLEX_BUTTON_REGISTER?BUTTON

?PR?_FLEX_BUTTON_REGISTER?BUTTON                 0187H    0006H

?PR?_TIMER_LOW_HANDLE?REMOTE                     0187H    0003H
  +--> ?CO?REMOTE
  +--> ?PR?_PRINT_STR?UART
  +--> ?PR?_GPIO_WRITE?GPIO
  +--> ?PR?_SOFT_TIMER_STOP?SOFT_TIMER

?PR?_TIMER_SLEEP_HANDLE?REMOTE                   0187H    0003H
  +--> ?CO?REMOTE
  +--> ?PR?_PRINT_STR?UART
  +--> ?PR?_REMOTE_POWER_LIGHT?REMOTE

?PR?_TIMER_MATCH_HANDLE?REMOTE                   0187H    0003H
  +--> ?CO?REMOTE
  +--> ?PR?_PRINT_STR?UART
  +--> ?PR?_GPIO_WRITE?GPIO
  +--> ?PR?_RF_POST?REMOTE

?PR?REMOTE_STATUS_INIT?REMOTE                    -----    -----
  +--> ?PR?READ_CHIP_ID?REMOTE
  +--> ?PR?READ_REMOTE_PARAMS?REMOTE
  +--> ?PR?_REMOTE_POWER_LIGHT?REMOTE

?PR?READ_CHIP_ID?REMOTE                          -----    -----
  +--> ?PR?_PRINT_HEX?UART

?PR?READ_REMOTE_PARAMS?REMOTE                    -----    -----
  +--> ?PR?_E2PROM_READ?E2PROM
  +--> ?PR?_PRINT_HEX?UART
  +--> ?PR?_CALC_CRC?REMOTE
  +--> ?CO?REMOTE
  +--> ?PR?_PRINT_STR?UART

?PR?_E2PROM_READ?E2PROM                          0187H    0007H
  +--> ?PR?_EEPROM_READ_N?E2PROM

?PR?_EEPROM_READ_N?E2PROM                        018EH    0006H
  +--> ?PR?EEPROM_TRIG?E2PROM
  +--> ?PR?DISABLEEEPROM?E2PROM
BL51 BANKED LINKER/LOCATER V6.22.2.0                                                  03/28/2021  00:58:00  PAGE 10



?PR?_TIMER_LOG_HANDLE?USER_MAIN                  0186H    0003H
  +--> ?CO?USER_MAIN
  +--> ?PR?_PRINT_STR?UART
  +--> ?PR?_RF_POST?REMOTE

?PR?SOFT_TIMER_LOOP?SOFT_TIMER                   -----    -----
  +--> ?PR?TK_TIMER_LOOP_HANDLER?SOFT_TIMER

?PR?TK_TIMER_LOOP_HANDLER?SOFT_TIMER             -----    -----
  +--> ?PR?_TK_TIMER_RESTART?SOFT_TIMER

?PR?_TK_TIMER_RESTART?SOFT_TIMER                 -----    -----
  +--> ?PR?__TK_TIMER_SET_START_PARAM?SOFT_T...



SYMBOL TABLE OF MODULE:  .\Objects\20ma_remote (?C_STARTUP)

  VALUE           TYPE          NAME
  ----------------------------------

  -------         MODULE        ?C_STARTUP
  C:2570H         SEGMENT       ?C_C51STARTUP
  I:0021H         SEGMENT       ?STACK
  C:0000H         PUBLIC        ?C_STARTUP
  D:00E0H         SYMBOL        ACC
  D:00F0H         SYMBOL        B
  D:0083H         SYMBOL        DPH
  D:0082H         SYMBOL        DPL
  N:0000H         SYMBOL        IBPSTACK
  N:0100H         SYMBOL        IBPSTACKTOP
  N:0080H         SYMBOL        IDATALEN
  C:2573H         SYMBOL        IDATALOOP
  N:0000H         SYMBOL        PBPSTACK
  N:0100H         SYMBOL        PBPSTACKTOP
  N:0000H         SYMBOL        PDATALEN
  N:0000H         SYMBOL        PDATASTART
  N:0000H         SYMBOL        PPAGE
  N:0000H         SYMBOL        PPAGEENABLE
  D:00A0H         SYMBOL        PPAGE_SFR
  D:0081H         SYMBOL        SP
  C:2570H         SYMBOL        STARTUP1
  N:0000H         SYMBOL        XBPSTACK
  N:0000H         SYMBOL        XBPSTACKTOP
  N:0000H         SYMBOL        XDATALEN
  N:0000H         SYMBOL        XDATASTART
  C:0000H         LINE#         126
  C:2570H         LINE#         133
  C:2572H         LINE#         134
  C:2573H         LINE#         135
  C:2574H         LINE#         136
  C:2576H         LINE#         185
  C:2579H         LINE#         196
  -------         ENDMOD        ?C_STARTUP

  -------         MODULE        USER_MAIN
BL51 BANKED LINKER/LOCATER V6.22.2.0                                                  03/28/2021  00:58:00  PAGE 11


  C:0000H         SYMBOL        _ICE_DUMMY_
  C:33CDH         SYMBOL        _timer_log_handle
  X:01CAH         SYMBOL        timer_log
  C:32FBH         PUBLIC        _user_main
  C:2F28H         SYMBOL        user_init
  -------         PROC          _TIMER_LOG_HANDLE
  X:0186H         SYMBOL        timer
  C:33CDH         LINE#         36
  C:33D8H         LINE#         37
  C:33D8H         LINE#         38
  -------         ENDPROC       _TIMER_LOG_HANDLE
  -------         PROC          USER_INIT
  -------         DO            
  X:0184H         SYMBOL        ret
  -------         ENDDO         
  C:2F28H         LINE#         41
  C:2F28H         LINE#         42
  C:2F28H         LINE#         43
  C:2F2FH         LINE#         45
  C:2F32H         LINE#         47
  C:2F35H         LINE#         49
  C:2F38H         LINE#         51
  C:2F4FH         LINE#         52
  C:2F64H         LINE#         54
  C:2F6DH         LINE#         56
  C:2F70H         LINE#         57
  -------         ENDPROC       USER_INIT
  -------         PROC          _USER_MAIN
  X:0181H         SYMBOL        p
  C:32FBH         LINE#         66
  C:3306H         LINE#         67
  C:3306H         LINE#         68
  C:330FH         LINE#         70
  C:3312H         LINE#         72
  C:3312H         LINE#         74
  C:3315H         LINE#         76
  C:3318H         LINE#         77
  -------         ENDPROC       _USER_MAIN
  -------         ENDMOD        USER_MAIN

  -------         MODULE        REMOTE
  C:0000H         SYMBOL        _ICE_DUMMY_
  C:2E48H         PUBLIC        _rf_post
  C:2E93H         SYMBOL        write_remote_params
  C:157FH         SYMBOL        _led_status_change
  C:19EEH         SYMBOL        _common_btn_evt_cb
  X:0004H         SYMBOL        match_timer
  C:2A16H         PUBLIC        _remote_power_light
  X:0018H         SYMBOL        sleep_timer
  C:2D02H         SYMBOL        _timer_low_handle
  C:324FH         SYMBOL        match_remote_stop
  C:31D1H         SYMBOL        match_remote_post
  C:001AH         PUBLIC        remote_loop
  C:2AEAH         SYMBOL        _calc_crc
  C:3393H         SYMBOL        remote_status_init
  C:3118H         SYMBOL        _common_btn_read
  C:0086H         SYMBOL        sleep_timer_start
BL51 BANKED LINKER/LOCATER V6.22.2.0                                                  03/28/2021  00:58:00  PAGE 12


  X:002CH         SYMBOL        e2_buf
  X:0032H         SYMBOL        rmt_params
  C:307EH         SYMBOL        timer_remote_post
  X:0042H         SYMBOL        user_button
  C:10DEH         PUBLIC        remote_user_init
  C:2D57H         SYMBOL        power_remote_post
  X:00C9H         SYMBOL        key
  C:2F71H         SYMBOL        motor_remote_post
  C:3339H         SYMBOL        read_chip_id
  X:00CDH         SYMBOL        motor_map
  C:2DFAH         SYMBOL        air_remote_post
  X:00DFH         SYMBOL        low_timer
  X:00F3H         SYMBOL        air_map
  C:0026H         SYMBOL        low_power_read
  C:2FB8H         SYMBOL        _timer_match_handle
  C:2FFFH         SYMBOL        hot_remote_post
  C:3506H         SYMBOL        _io_wrtie
  X:0105H         SYMBOL        hot_map
  C:32DBH         SYMBOL        _timer_sleep_handle
  C:286AH         SYMBOL        read_remote_params
  -------         PROC          _IO_WRTIE
  D:0007H         SYMBOL        level
  C:3506H         LINE#         121
  C:3506H         LINE#         122
  C:3506H         LINE#         123
  C:350FH         LINE#         125
  C:3511H         LINE#         126
  -------         ENDPROC       _IO_WRTIE
  C:2AE6H         SYMBOL        L?0125
  -------         PROC          L?0124
  -------         ENDPROC       L?0124
  C:2AE6H         SYMBOL        L?0125
  -------         PROC          _CALC_CRC
  X:018BH         SYMBOL        buf
  X:018EH         SYMBOL        len
  -------         DO            
  D:0006H         SYMBOL        i
  X:0190H         SYMBOL        crc
  -------         ENDDO         
  C:2AEAH         LINE#         128
  C:2AFBH         LINE#         129
  C:2AFBH         LINE#         130
  C:2AFEH         LINE#         131
  C:2B02H         LINE#         132
  C:2B0FH         LINE#         133
  C:2B2FH         LINE#         134
  C:2B36H         LINE#         136
  C:2B3CH         LINE#         137
  -------         ENDPROC       _CALC_CRC
  -------         PROC          _RF_POST
  D:0007H         SYMBOL        mode
  D:0005H         SYMBOL        level
  -------         DO            
  X:018AH         SYMBOL        ret
  -------         ENDDO         
  C:2E48H         LINE#         141
  C:2E48H         LINE#         142
BL51 BANKED LINKER/LOCATER V6.22.2.0                                                  03/28/2021  00:58:00  PAGE 13


  C:2E48H         LINE#         151
  C:2E4EH         LINE#         152
  C:2E51H         LINE#         153
  C:2E54H         LINE#         154
  C:2E62H         LINE#         156
  C:2E92H         LINE#         158
  -------         ENDPROC       _RF_POST
  -------         PROC          _TIMER_LOW_HANDLE
  X:0187H         SYMBOL        timer
  C:2D02H         LINE#         160
  C:2D0DH         LINE#         161
  C:2D0DH         LINE#         162
  C:2D16H         LINE#         164
  C:2D1EH         LINE#         165
  C:2D1EH         LINE#         166
  C:2D1FH         LINE#         167
  C:2D21H         LINE#         169
  C:2D21H         LINE#         170
  C:2D2AH         LINE#         171
  C:2D2AH         LINE#         173
  C:2D30H         LINE#         175
  C:2D3AH         LINE#         176
  C:2D3AH         LINE#         177
  C:2D4DH         LINE#         178
  C:2D56H         LINE#         179
  C:2D56H         LINE#         180
  -------         ENDPROC       _TIMER_LOW_HANDLE
  -------         PROC          LOW_POWER_READ
  -------         DO            
  X:018BH         SYMBOL        adc_ref
  -------         ENDDO         
  C:0026H         LINE#         182
  C:0026H         LINE#         183
  C:0026H         LINE#         184
  C:0033H         LINE#         185
  C:003EH         LINE#         187
  C:004DH         LINE#         188
  C:004DH         LINE#         189
  C:0050H         LINE#         190
  C:0050H         LINE#         192
  C:0052H         LINE#         193
  -------         ENDPROC       LOW_POWER_READ
  -------         PROC          L?0126
  -------         ENDPROC       L?0126
  -------         PROC          _LED_STATUS_CHANGE
  D:0007H         SYMBOL        mode
  X:018AH         SYMBOL        level
  -------         DO            
  X:0000H         SYMBOL        i
  -------         ENDDO         
  C:157FH         LINE#         195
  C:1584H         LINE#         196
  C:1584H         LINE#         199
  C:159FH         LINE#         200
  C:159FH         LINE#         201
  C:159FH         LINE#         203
  C:15A7H         LINE#         204
BL51 BANKED LINKER/LOCATER V6.22.2.0                                                  03/28/2021  00:58:00  PAGE 14


  C:15A7H         LINE#         205
  C:15B0H         LINE#         206
  C:15B5H         LINE#         207
  C:15CAH         LINE#         208
  C:15CAH         LINE#         210
  C:15CAH         LINE#         211
  C:15D8H         LINE#         212
  C:15D8H         LINE#         213
  C:15DAH         LINE#         215
  C:15DAH         LINE#         217
  C:15EDH         LINE#         218
  C:15EDH         LINE#         220
  C:15EDH         LINE#         222
  C:1603H         LINE#         223
  C:1603H         LINE#         224
  C:164DH         LINE#         225
  C:1655H         LINE#         226
  C:1655H         LINE#         228
  C:1655H         LINE#         230
  C:166BH         LINE#         231
  C:166BH         LINE#         232
  C:16B5H         LINE#         233
  C:16BDH         LINE#         234
  C:16BDH         LINE#         236
  C:16BDH         LINE#         238
  C:16D0H         LINE#         239
  C:16D0H         LINE#         240
  C:171AH         LINE#         241
  C:1722H         LINE#         242
  C:1722H         LINE#         244
  C:1722H         LINE#         245
  C:1722H         LINE#         246
  C:1722H         LINE#         247
  -------         ENDPROC       _LED_STATUS_CHANGE
  -------         PROC          MOTOR_REMOTE_POST
  C:2F71H         LINE#         249
  C:2F71H         LINE#         250
  C:2F71H         LINE#         251
  C:2F79H         LINE#         252
  C:2F79H         LINE#         253
  C:2F81H         LINE#         255
  C:2F81H         LINE#         257
  C:2F87H         LINE#         258
  C:2F87H         LINE#         259
  C:2F90H         LINE#         261
  C:2F90H         LINE#         263
  C:2F9DH         LINE#         264
  C:2F9DH         LINE#         265
  C:2F9FH         LINE#         266
  C:2FA1H         LINE#         268
  C:2FA1H         LINE#         269
  C:2FA7H         LINE#         270
  C:2FA7H         LINE#         272
  C:2FAAH         LINE#         273
  C:2FADH         LINE#         274
  C:2FB7H         LINE#         275
  -------         ENDPROC       MOTOR_REMOTE_POST
BL51 BANKED LINKER/LOCATER V6.22.2.0                                                  03/28/2021  00:58:00  PAGE 15


  -------         PROC          AIR_REMOTE_POST
  C:2DFAH         LINE#         277
  C:2DFAH         LINE#         278
  C:2DFAH         LINE#         279
  C:2E02H         LINE#         280
  C:2E02H         LINE#         281
  C:2E0AH         LINE#         283
  C:2E0AH         LINE#         285
  C:2E10H         LINE#         286
  C:2E10H         LINE#         287
  C:2E19H         LINE#         289
  C:2E19H         LINE#         291
  C:2E26H         LINE#         292
  C:2E26H         LINE#         293
  C:2E28H         LINE#         294
  C:2E2AH         LINE#         296
  C:2E2AH         LINE#         297
  C:2E30H         LINE#         298
  C:2E30H         LINE#         300
  C:2E3AH         LINE#         301
  C:2E3DH         LINE#         302
  C:2E47H         LINE#         303
  -------         ENDPROC       AIR_REMOTE_POST
  -------         PROC          HOT_REMOTE_POST
  C:2FFFH         LINE#         305
  C:2FFFH         LINE#         306
  C:2FFFH         LINE#         307
  C:3007H         LINE#         308
  C:3007H         LINE#         309
  C:3010H         LINE#         311
  C:3010H         LINE#         313
  C:301DH         LINE#         314
  C:301DH         LINE#         315
  C:301FH         LINE#         316
  C:3021H         LINE#         318
  C:3021H         LINE#         319
  C:3027H         LINE#         320
  C:3027H         LINE#         322
  C:3031H         LINE#         323
  C:3034H         LINE#         324
  C:303EH         LINE#         325
  -------         ENDPROC       HOT_REMOTE_POST
  -------         PROC          _REMOTE_POWER_LIGHT
  D:0007H         SYMBOL        level
  C:2A16H         LINE#         327
  C:2A16H         LINE#         328
  C:2A16H         LINE#         329
  C:2A1DH         LINE#         330
  C:2A1DH         LINE#         331
  C:2A24H         LINE#         332
  C:2A2EH         LINE#         333
  C:2A38H         LINE#         334
  C:2A3BH         LINE#         335
  C:2A45H         LINE#         336
  C:2A4FH         LINE#         338
  C:2A52H         LINE#         339
  C:2A52H         LINE#         341
BL51 BANKED LINKER/LOCATER V6.22.2.0                                                  03/28/2021  00:58:00  PAGE 16


  C:2A52H         LINE#         342
  C:2A59H         LINE#         343
  C:2A60H         LINE#         344
  C:2A67H         LINE#         345
  C:2A6EH         LINE#         346
  C:2A75H         LINE#         347
  C:2A7CH         LINE#         348
  C:2A7CH         LINE#         349
  -------         ENDPROC       _REMOTE_POWER_LIGHT
  -------         PROC          POWER_REMOTE_POST
  C:2D57H         LINE#         351
  C:2D57H         LINE#         352
  C:2D57H         LINE#         353
  C:2D67H         LINE#         354
  C:2D67H         LINE#         355
  C:2D70H         LINE#         356
  C:2D75H         LINE#         357
  C:2D7DH         LINE#         358
  C:2D7DH         LINE#         360
  C:2D7DH         LINE#         361
  C:2D82H         LINE#         362
  C:2D8AH         LINE#         363
  C:2D8AH         LINE#         364
  C:2D8BH         LINE#         365
  C:2D8DH         LINE#         366
  C:2D8FH         LINE#         368
  C:2D8FH         LINE#         369
  C:2D95H         LINE#         370
  C:2D95H         LINE#         373
  C:2D9DH         LINE#         374
  C:2DA0H         LINE#         375
  C:2DAAH         LINE#         376
  C:2DAAH         LINE#         377
  -------         ENDPROC       POWER_REMOTE_POST
  -------         PROC          TIMER_REMOTE_POST
  C:307EH         LINE#         379
  C:307EH         LINE#         380
  C:307EH         LINE#         381
  C:3086H         LINE#         382
  C:3086H         LINE#         383
  C:308FH         LINE#         385
  C:308FH         LINE#         387
  C:3097H         LINE#         388
  C:3097H         LINE#         389
  C:3098H         LINE#         390
  C:309AH         LINE#         392
  C:309AH         LINE#         393
  C:30A0H         LINE#         394
  C:30A0H         LINE#         396
  C:30AAH         LINE#         398
  C:30B4H         LINE#         399
  -------         ENDPROC       TIMER_REMOTE_POST
  -------         PROC          MATCH_REMOTE_POST
  C:31D1H         LINE#         401
  C:31D1H         LINE#         402
  C:31D1H         LINE#         403
  C:31DAH         LINE#         404
BL51 BANKED LINKER/LOCATER V6.22.2.0                                                  03/28/2021  00:58:00  PAGE 17


  C:31E2H         LINE#         405
  C:31E8H         LINE#         406
  -------         ENDPROC       MATCH_REMOTE_POST
  -------         PROC          MATCH_REMOTE_STOP
  C:324FH         LINE#         409
  C:324FH         LINE#         410
  C:324FH         LINE#         411
  C:3255H         LINE#         412
  C:3255H         LINE#         414
  C:3255H         LINE#         416
  C:3257H         LINE#         417
  C:3260H         LINE#         418
  C:3269H         LINE#         419
  C:3272H         LINE#         420
  -------         ENDPROC       MATCH_REMOTE_STOP
  -------         PROC          READ_CHIP_ID
  -------         DO            
  D:0001H         SYMBOL        id_buf
  -------         ENDDO         
  C:3339H         LINE#         422
  C:3339H         LINE#         423
  C:3339H         LINE#         426
  C:333FH         LINE#         428
  C:334CH         LINE#         430
  -------         ENDPROC       READ_CHIP_ID
  -------         PROC          READ_REMOTE_PARAMS
  C:286AH         LINE#         436
  C:286AH         LINE#         437
  C:286AH         LINE#         438
  C:2879H         LINE#         439
  C:288EH         LINE#         441
  C:2899H         LINE#         443
  C:28A3H         LINE#         444
  C:28A3H         LINE#         445
  C:28ABH         LINE#         447
  C:28ABH         LINE#         449
  C:28B3H         LINE#         451
  C:28BBH         LINE#         452
  C:28C3H         LINE#         453
  C:28CBH         LINE#         455
  C:28D4H         LINE#         456
  -------         ENDPROC       READ_REMOTE_PARAMS
  -------         PROC          WRITE_REMOTE_PARAMS
  C:2E93H         LINE#         458
  C:2E93H         LINE#         459
  C:2E93H         LINE#         460
  C:2EA2H         LINE#         462
  C:2EAAH         LINE#         464
  C:2EB2H         LINE#         465
  C:2EBAH         LINE#         466
  C:2EC2H         LINE#         467
  C:2ECAH         LINE#         469
  C:2ED5H         LINE#         476
  -------         ENDPROC       WRITE_REMOTE_PARAMS
  -------         PROC          REMOTE_STATUS_INIT
  C:3393H         LINE#         479
  C:3393H         LINE#         480
BL51 BANKED LINKER/LOCATER V6.22.2.0                                                  03/28/2021  00:58:00  PAGE 18


  C:3393H         LINE#         481
  C:33A2H         LINE#         484
  C:33A5H         LINE#         486
  C:33A8H         LINE#         487
  -------         ENDPROC       REMOTE_STATUS_INIT
  -------         PROC          _COMMON_BTN_READ
  D:0001H         SYMBOL        arg
  -------         DO            
  D:0007H         SYMBOL        value
  D:0001H         SYMBOL        btn
  -------         ENDDO         
  C:3118H         LINE#         490
  C:3118H         LINE#         491
  C:3118H         LINE#         492
  C:311AH         LINE#         494
  C:311AH         LINE#         496
  C:3130H         LINE#         497
  C:3130H         LINE#         498
  C:3130H         LINE#         499
  C:3132H         LINE#         500
  C:3134H         LINE#         502
  C:3134H         LINE#         503
  C:3136H         LINE#         504
  C:3138H         LINE#         506
  C:3138H         LINE#         507
  C:313AH         LINE#         508
  C:313CH         LINE#         510
  C:313CH         LINE#         511
  C:313EH         LINE#         512
  C:3140H         LINE#         514
  C:3140H         LINE#         515
  C:3147H         LINE#         516
  C:3147H         LINE#         518
  C:3147H         LINE#         519
  C:3147H         LINE#         520
  C:3147H         LINE#         522
  C:3147H         LINE#         523
  -------         ENDPROC       _COMMON_BTN_READ
  -------         PROC          SLEEP_TIMER_START
  C:0086H         LINE#         525
  C:0086H         LINE#         526
  C:0086H         LINE#         527
  -------         ENDPROC       SLEEP_TIMER_START
  -------         PROC          _COMMON_BTN_EVT_CB
  D:0001H         SYMBOL        arg
  -------         DO            
  X:0001H         SYMBOL        btn
  -------         ENDDO         
  C:19EEH         LINE#         530
  C:19EEH         LINE#         531
  C:19EEH         LINE#         534
  C:19F9H         LINE#         536
  C:1A31H         LINE#         540
  C:1A31H         LINE#         541
  C:1A34H         LINE#         542
  C:1A3DH         LINE#         543
  C:1A3DH         LINE#         545
BL51 BANKED LINKER/LOCATER V6.22.2.0                                                  03/28/2021  00:58:00  PAGE 19


  C:1A75H         LINE#         549
  C:1A75H         LINE#         550
  C:1A78H         LINE#         551
  C:1A81H         LINE#         552
  C:1A81H         LINE#         554
  C:1A8FH         LINE#         555
  C:1A8FH         LINE#         556
  C:1A92H         LINE#         557
  C:1A9BH         LINE#         558
  C:1A9BH         LINE#         560
  C:1AA9H         LINE#         561
  C:1AA9H         LINE#         562
  C:1AB1H         LINE#         564
  C:1AB1H         LINE#         566
  C:1ABFH         LINE#         567
  C:1ABFH         LINE#         568
  C:1AC2H         LINE#         569
  C:1AC5H         LINE#         570
  C:1ACEH         LINE#         571
  C:1ACEH         LINE#         573
  C:1ADCH         LINE#         574
  C:1ADCH         LINE#         575
  C:1ADFH         LINE#         576
  C:1AE2H         LINE#         577
  C:1AEBH         LINE#         578
  C:1AEBH         LINE#         580
  C:1AF9H         LINE#         581
  C:1AF9H         LINE#         582
  C:1AFCH         LINE#         583
  C:1AFFH         LINE#         584
  C:1B08H         LINE#         585
  C:1B08H         LINE#         587
  C:1B16H         LINE#         588
  C:1B16H         LINE#         589
  C:1B19H         LINE#         590
  C:1B1CH         LINE#         591
  C:1B25H         LINE#         592
  C:1B25H         LINE#         593
  -------         ENDPROC       _COMMON_BTN_EVT_CB
  -------         PROC          _TIMER_SLEEP_HANDLE
  X:0187H         SYMBOL        timer
  C:32DBH         LINE#         595
  C:32E6H         LINE#         596
  C:32E6H         LINE#         597
  C:32EFH         LINE#         600
  C:32F4H         LINE#         601
  C:32FAH         LINE#         602
  -------         ENDPROC       _TIMER_SLEEP_HANDLE
  -------         PROC          _TIMER_MATCH_HANDLE
  X:0187H         SYMBOL        timer
  C:2FB8H         LINE#         604
  C:2FC3H         LINE#         605
  C:2FC3H         LINE#         606
  C:2FCCH         LINE#         608
  C:2FD4H         LINE#         609
  C:2FD4H         LINE#         610
  C:2FDCH         LINE#         611
BL51 BANKED LINKER/LOCATER V6.22.2.0                                                  03/28/2021  00:58:00  PAGE 20


  C:2FDEH         LINE#         612
  C:2FE0H         LINE#         614
  C:2FE0H         LINE#         615
  C:2FE9H         LINE#         616
  C:2FF2H         LINE#         617
  C:2FF2H         LINE#         619
  C:2FF8H         LINE#         620
  -------         ENDPROC       _TIMER_MATCH_HANDLE
  -------         PROC          REMOTE_USER_INIT
  -------         DO            
  X:0186H         SYMBOL        i
  -------         ENDDO         
  C:10DEH         LINE#         623
  C:10DEH         LINE#         624
  C:10DEH         LINE#         625
  C:10E3H         LINE#         628
  C:10ECH         LINE#         629
  C:10F5H         LINE#         630
  C:10FEH         LINE#         631
  C:1107H         LINE#         632
  C:1110H         LINE#         635
  C:1119H         LINE#         636
  C:1122H         LINE#         639
  C:112AH         LINE#         640
  C:1133H         LINE#         641
  C:113CH         LINE#         642
  C:1145H         LINE#         644
  C:115AH         LINE#         645
  C:115AH         LINE#         646
  C:1180H         LINE#         647
  C:11A9H         LINE#         648
  C:11D2H         LINE#         649
  C:11FBH         LINE#         650
  C:1224H         LINE#         651
  C:124DH         LINE#         652
  C:1256H         LINE#         655
  C:125BH         LINE#         657
  C:126AH         LINE#         659
  C:127FH         LINE#         660
  C:127FH         LINE#         661
  C:1290H         LINE#         662
  C:12A9H         LINE#         663
  C:12C2H         LINE#         664
  C:12D3H         LINE#         665
  C:12E7H         LINE#         666
  C:12FBH         LINE#         667
  C:130FH         LINE#         669
  C:1321H         LINE#         670
  C:132AH         LINE#         672
  C:1341H         LINE#         673
  C:1358H         LINE#         674
  C:136FH         LINE#         676
  C:1378H         LINE#         678
  -------         ENDPROC       REMOTE_USER_INIT
  -------         PROC          REMOTE_LOOP
  C:001AH         LINE#         681
  C:001AH         LINE#         682
BL51 BANKED LINKER/LOCATER V6.22.2.0                                                  03/28/2021  00:58:00  PAGE 21


  C:001AH         LINE#         684
  -------         ENDPROC       REMOTE_LOOP
  -------         ENDMOD        REMOTE

  -------         MODULE        E2PROM
  C:0000H         SYMBOL        _ICE_DUMMY_
  D:0080H         PUBLIC        P0
  D:0090H         PUBLIC        P1
  D:00A0H         PUBLIC        P2
  D:00B0H         PUBLIC        P3
  C:34B3H         SYMBOL        DisableEEPROM
  D:00C0H         PUBLIC        P4
  D:00C8H         PUBLIC        P5
  D:00E8H         PUBLIC        P6
  B:00A8H.7       PUBLIC        EA
  D:00F8H         PUBLIC        P7
  D:00A8H         PUBLIC        IE
  D:00C5H         PUBLIC        IAP_CMD
  C:345FH         SYMBOL        _EEPROM_SectorErase
  C:31A5H         SYMBOL        _EEPROM_read_n
  D:00B8H         PUBLIC        IP
  D:00C3H         PUBLIC        IAP_ADDRH
  D:00C4H         PUBLIC        IAP_ADDRL
  C:20CDH         SYMBOL        _EEPROM_write_n
  C:0022H         PUBLIC        e2prom_hw_init
  D:00F5H         PUBLIC        IAP_TPS
  D:0098H         PUBLIC        SCON
  D:0088H         PUBLIC        TCON
  C:33EFH         SYMBOL        EEPROM_Trig
  D:00C7H         PUBLIC        IAP_CONTR
  D:00C2H         PUBLIC        IAP_DATA
  C:3512H         PUBLIC        _e2prom_read
  C:303FH         PUBLIC        _e2prom_write
  D:00C6H         PUBLIC        IAP_TRIG
  B:00D0H.5       PUBLIC        F0
  D:00D0H         PUBLIC        PSW
  -------         PROC          DISABLEEEPROM
  C:34B3H         LINE#         49
  C:34B3H         LINE#         50
  C:34B3H         LINE#         51
  C:34B6H         LINE#         52
  C:34B8H         LINE#         53
  C:34BAH         LINE#         54
  C:34BDH         LINE#         55
  C:34C0H         LINE#         56
  -------         ENDPROC       DISABLEEEPROM
  C:33E8H         SYMBOL        L?0026
  -------         PROC          L?0025
  -------         ENDPROC       L?0025
  C:33E8H         SYMBOL        L?0026
  -------         PROC          EEPROM_TRIG
  C:33EFH         LINE#         65
  C:33EFH         LINE#         66
  C:33EFH         LINE#         67
  C:33F3H         LINE#         68
  C:33F5H         LINE#         69
  C:33F8H         LINE#         70
BL51 BANKED LINKER/LOCATER V6.22.2.0                                                  03/28/2021  00:58:00  PAGE 22


  C:33FBH         LINE#         73
  C:33FCH         LINE#         74
  C:33FDH         LINE#         75
  C:33FEH         LINE#         76
  C:3402H         LINE#         77
  -------         ENDPROC       EEPROM_TRIG
  -------         PROC          _EEPROM_SECTORERASE
  D:0004H         SYMBOL        EE_address
  C:345FH         LINE#         86
  C:3463H         LINE#         87
  C:3463H         LINE#         88
  C:3469H         LINE#         89
  C:346CH         LINE#         92
  C:346CH         LINE#         93
  C:346CH         LINE#         94
  C:346FH         LINE#         95
  -------         ENDPROC       _EEPROM_SECTORERASE
  -------         PROC          _EEPROM_READ_N
  D:0004H         SYMBOL        EE_address
  D:0001H         SYMBOL        DataAddress
  X:0193H         SYMBOL        length
  C:31A5H         LINE#         107
  C:31A9H         LINE#         108
  C:31A9H         LINE#         109
  C:31AFH         LINE#         110
  C:31B2H         LINE#         112
  C:31B2H         LINE#         113
  C:31B2H         LINE#         114
  C:31B2H         LINE#         115
  C:31B5H         LINE#         116
  C:31BAH         LINE#         117
  C:31BFH         LINE#         118
  C:31C6H         LINE#         119
  C:31CEH         LINE#         121
  -------         ENDPROC       _EEPROM_READ_N
  -------         PROC          _EEPROM_WRITE_N
  D:0004H         SYMBOL        EE_address
  X:01F6H         SYMBOL        DataAddress
  X:01F9H         SYMBOL        length
  -------         DO            
  X:01EEH         SYMBOL        i
  X:01EFH         SYMBOL        j
  X:01F1H         SYMBOL        p
  -------         ENDDO         
  C:20CDH         LINE#         134
  C:20DCH         LINE#         135
  C:20DCH         LINE#         140
  C:20E4H         LINE#         142
  C:20EAH         LINE#         143
  C:20EFH         LINE#         144
  C:20F5H         LINE#         145
  C:210AH         LINE#         146
  C:210DH         LINE#         148
  C:210DH         LINE#         149
  C:2110H         LINE#         150
  C:2114H         LINE#         151
  C:2124H         LINE#         152
BL51 BANKED LINKER/LOCATER V6.22.2.0                                                  03/28/2021  00:58:00  PAGE 23


  C:2127H         LINE#         153
  C:212CH         LINE#         154
  C:2136H         LINE#         155
  C:213EH         LINE#         157
  C:2146H         LINE#         158
  C:214EH         LINE#         159
  C:2163H         LINE#         160
  C:2168H         LINE#         161
  C:216BH         LINE#         163
  C:216BH         LINE#         164
  C:216BH         LINE#         165
  C:216BH         LINE#         166
  C:216EH         LINE#         167
  C:2180H         LINE#         168
  C:2180H         LINE#         169
  C:2186H         LINE#         170
  C:2188H         LINE#         171
  C:2188H         LINE#         172
  C:218DH         LINE#         173
  C:2197H         LINE#         174
  C:219FH         LINE#         176
  C:21A2H         LINE#         177
  C:21A7H         LINE#         178
  -------         ENDPROC       _EEPROM_WRITE_N
  -------         PROC          E2PROM_HW_INIT
  C:0022H         LINE#         180
  C:0022H         LINE#         181
  C:0022H         LINE#         183
  -------         ENDPROC       E2PROM_HW_INIT
  -------         PROC          _E2PROM_READ
  D:0006H         SYMBOL        addr
  D:0001H         SYMBOL        buf
  X:018CH         SYMBOL        len
  C:3512H         LINE#         185
  C:3512H         LINE#         186
  C:3512H         LINE#         187
  -------         ENDPROC       _E2PROM_READ
  -------         PROC          _E2PROM_WRITE
  X:01E7H         SYMBOL        addr
  D:0001H         SYMBOL        buf
  X:01ECH         SYMBOL        len
  C:303FH         LINE#         190
  C:3047H         LINE#         191
  C:3047H         LINE#         192
  C:305BH         LINE#         193
  C:305BH         LINE#         194
  C:305EH         LINE#         195
  C:305EH         LINE#         197
  C:3069H         LINE#         199
  C:307DH         LINE#         200
  -------         ENDPROC       _E2PROM_WRITE
  -------         ENDMOD        E2PROM

  -------         MODULE        GPIO
  C:0000H         SYMBOL        _ICE_DUMMY_
  D:0093H         PUBLIC        P0M1
  D:0092H         PUBLIC        P1M0
BL51 BANKED LINKER/LOCATER V6.22.2.0                                                  03/28/2021  00:58:00  PAGE 24


  D:0096H         PUBLIC        P2M0
  D:0091H         PUBLIC        P1M1
  D:0080H         PUBLIC        P0
  D:00B2H         PUBLIC        P3M0
  D:0095H         PUBLIC        P2M1
  D:0090H         PUBLIC        P1
  D:00B4H         PUBLIC        P4M0
  D:00B1H         PUBLIC        P3M1
  D:00A0H         PUBLIC        P2
  D:00CAH         PUBLIC        P5M0
  D:00B3H         PUBLIC        P4M1
  D:00B0H         PUBLIC        P3
  D:00CCH         PUBLIC        P6M0
  D:00C9H         PUBLIC        P5M1
  D:00C0H         PUBLIC        P4
  D:00E2H         PUBLIC        P7M0
  D:00CBH         PUBLIC        P6M1
  D:00C8H         PUBLIC        P5
  D:00E8H         PUBLIC        P6
  D:00E1H         PUBLIC        P7M1
  D:00F8H         PUBLIC        P7
  C:1F0AH         PUBLIC        _gpio_hw_init
  D:00A8H         PUBLIC        IE
  D:00B8H         PUBLIC        IP
  C:2EDEH         PUBLIC        _gpio_read
  D:0098H         PUBLIC        SCON
  D:0088H         PUBLIC        TCON
  C:24D9H         PUBLIC        _gpio_write
  D:00D0H         PUBLIC        PSW
  D:0094H         PUBLIC        P0M0
  -------         PROC          _GPIO_HW_INIT
  D:0007H         SYMBOL        group
  D:0005H         SYMBOL        pin
  D:0003H         SYMBOL        dic
  C:1F0AH         LINE#         30
  C:1F0AH         LINE#         31
  C:1F0AH         LINE#         32
  C:1F0FH         LINE#         33
  C:1F13H         LINE#         34
  C:1F17H         LINE#         35
  C:1F1BH         LINE#         37
  C:1F1EH         LINE#         38
  C:1F1EH         LINE#         39
  C:1F2FH         LINE#         40
  C:1F2FH         LINE#         41
  C:1F2FH         LINE#         43
  C:1F3CH         LINE#         44
  C:1F3FH         LINE#         45
  C:1F40H         LINE#         46
  C:1F40H         LINE#         48
  C:1F4DH         LINE#         49
  C:1F50H         LINE#         50
  C:1F51H         LINE#         51
  C:1F51H         LINE#         53
  C:1F5EH         LINE#         54
  C:1F61H         LINE#         55
  C:1F62H         LINE#         56
BL51 BANKED LINKER/LOCATER V6.22.2.0                                                  03/28/2021  00:58:00  PAGE 25


  C:1F62H         LINE#         58
  C:1F6FH         LINE#         59
  C:1F72H         LINE#         60
  C:1F73H         LINE#         62
  C:1F73H         LINE#         63
  C:1F73H         LINE#         64
  C:1F73H         LINE#         65
  C:1F73H         LINE#         66
  C:1F78H         LINE#         67
  C:1F78H         LINE#         68
  C:1F86H         LINE#         69
  C:1F86H         LINE#         70
  C:1F86H         LINE#         72
  C:1F89H         LINE#         73
  C:1F95H         LINE#         74
  C:1F96H         LINE#         75
  C:1F96H         LINE#         77
  C:1F99H         LINE#         78
  C:1FA5H         LINE#         79
  C:1FA6H         LINE#         80
  C:1FA6H         LINE#         82
  C:1FA9H         LINE#         83
  C:1FB5H         LINE#         84
  C:1FB6H         LINE#         85
  C:1FB6H         LINE#         87
  C:1FB9H         LINE#         88
  C:1FC7H         LINE#         89
  C:1FC8H         LINE#         91
  C:1FC8H         LINE#         92
  C:1FC8H         LINE#         93
  C:1FC8H         LINE#         94
  C:1FC8H         LINE#         96
  C:1FC8H         LINE#         97
  C:1FD6H         LINE#         98
  C:1FD6H         LINE#         99
  C:1FD6H         LINE#         101
  C:1FD9H         LINE#         102
  C:1FDBH         LINE#         103
  C:1FDCH         LINE#         104
  C:1FDCH         LINE#         106
  C:1FDFH         LINE#         107
  C:1FE1H         LINE#         108
  C:1FE2H         LINE#         109
  C:1FE2H         LINE#         111
  C:1FE5H         LINE#         112
  C:1FE7H         LINE#         113
  C:1FE8H         LINE#         114
  C:1FE8H         LINE#         116
  C:1FEBH         LINE#         117
  C:1FEDH         LINE#         118
  C:1FEDH         LINE#         120
  C:1FEDH         LINE#         121
  C:1FEDH         LINE#         122
  C:1FEDH         LINE#         123
  C:1FEDH         LINE#         124
  -------         ENDPROC       _GPIO_HW_INIT
  -------         PROC          _GPIO_READ
BL51 BANKED LINKER/LOCATER V6.22.2.0                                                  03/28/2021  00:58:00  PAGE 26


  D:0007H         SYMBOL        group
  D:0005H         SYMBOL        pin
  -------         DO            
  D:0006H         SYMBOL        value
  -------         ENDDO         
  C:2EDEH         LINE#         126
  C:2EDEH         LINE#         127
  C:2EDEH         LINE#         128
  C:2EE0H         LINE#         130
  C:2EEEH         LINE#         131
  C:2EEEH         LINE#         132
  C:2EEEH         LINE#         134
  C:2EF9H         LINE#         135
  C:2EFBH         LINE#         136
  C:2EFBH         LINE#         138
  C:2F06H         LINE#         139
  C:2F08H         LINE#         140
  C:2F08H         LINE#         142
  C:2F13H         LINE#         143
  C:2F15H         LINE#         144
  C:2F15H         LINE#         146
  C:2F25H         LINE#         147
  C:2F25H         LINE#         149
  C:2F25H         LINE#         150
  C:2F25H         LINE#         151
  C:2F25H         LINE#         153
  C:2F27H         LINE#         154
  -------         ENDPROC       _GPIO_READ
  -------         PROC          _GPIO_WRITE
  D:0007H         SYMBOL        group
  D:0005H         SYMBOL        pin
  D:0003H         SYMBOL        value
  C:24D9H         LINE#         156
  C:24D9H         LINE#         157
  C:24D9H         LINE#         158
  C:24EAH         LINE#         159
  C:24EAH         LINE#         160
  C:24EAH         LINE#         162
  C:24EFH         LINE#         163
  C:24EFH         LINE#         164
  C:24FBH         LINE#         165
  C:24FCH         LINE#         167
  C:24FCH         LINE#         168
  C:250AH         LINE#         169
  C:250AH         LINE#         170
  C:250BH         LINE#         171
  C:250BH         LINE#         173
  C:2510H         LINE#         174
  C:2510H         LINE#         175
  C:251CH         LINE#         176
  C:251DH         LINE#         178
  C:251DH         LINE#         179
  C:252BH         LINE#         180
  C:252BH         LINE#         181
  C:252CH         LINE#         182
  C:252CH         LINE#         184
  C:2531H         LINE#         185
BL51 BANKED LINKER/LOCATER V6.22.2.0                                                  03/28/2021  00:58:00  PAGE 27


  C:2531H         LINE#         186
  C:253DH         LINE#         187
  C:253EH         LINE#         189
  C:253EH         LINE#         190
  C:254CH         LINE#         191
  C:254CH         LINE#         192
  C:254DH         LINE#         193
  C:254DH         LINE#         195
  C:2552H         LINE#         196
  C:2552H         LINE#         197
  C:255EH         LINE#         198
  C:255FH         LINE#         200
  C:255FH         LINE#         201
  C:256FH         LINE#         202
  C:256FH         LINE#         203
  C:256FH         LINE#         205
  C:256FH         LINE#         206
  C:256FH         LINE#         207
  C:256FH         LINE#         208
  -------         ENDPROC       _GPIO_WRITE
  -------         ENDMOD        GPIO

  -------         MODULE        HW_TIMER
  C:0000H         SYMBOL        _ICE_DUMMY_
  D:0080H         PUBLIC        P0
  D:0090H         PUBLIC        P1
  C:2B3DH         PUBLIC        timer0_int
  D:00A0H         PUBLIC        P2
  C:2B99H         PUBLIC        timer1_int
  D:00B0H         PUBLIC        P3
  D:00C0H         PUBLIC        P4
  C:2BF5H         PUBLIC        timer3_int
  D:00C8H         PUBLIC        P5
  D:00E8H         PUBLIC        P6
  D:00F8H         PUBLIC        P7
  D:00A8H         PUBLIC        IE
  C:3226H         PUBLIC        _hw_timer_stop
  D:00B8H         PUBLIC        IP
  X:01DEH         SYMBOL        timer0_hander
  X:01E1H         SYMBOL        timer1_hander
  X:01E4H         SYMBOL        timer3_hander
  D:0098H         PUBLIC        SCON
  D:0089H         PUBLIC        TMOD
  D:0088H         PUBLIC        TCON
  D:00AFH         PUBLIC        IE2
  D:008EH         PUBLIC        AUXR
  B:00A8H.1       PUBLIC        ET0
  B:00A8H.3       PUBLIC        ET1
  C:1FEEH         SYMBOL        _Timer0_init
  C:21A8H         SYMBOL        _Timer1_init
  D:008CH         PUBLIC        TH0
  D:008DH         PUBLIC        TH1
  C:234AH         SYMBOL        _Timer3_init
  D:00D4H         PUBLIC        T3H
  D:008AH         PUBLIC        TL0
  D:008BH         PUBLIC        TL1
  D:00D5H         PUBLIC        T3L
BL51 BANKED LINKER/LOCATER V6.22.2.0                                                  03/28/2021  00:58:00  PAGE 28


  B:0088H.4       PUBLIC        TR0
  B:0088H.6       PUBLIC        TR1
  C:3554H         SYMBOL        Timer0_stop
  D:00D1H         PUBLIC        T4T3M
  C:3557H         SYMBOL        Timer1_stop
  C:0016H         SYMBOL        Timer3_stop
  D:008FH         PUBLIC        INT_CLKO
  D:00D0H         PUBLIC        PSW
  C:27F7H         PUBLIC        _hw_timer_init
  -------         PROC          TIMER0_STOP
  C:3554H         LINE#         33
  C:3554H         LINE#         34
  C:3554H         LINE#         35
  C:3556H         LINE#         37
  -------         ENDPROC       TIMER0_STOP
  -------         PROC          _TIMER0_INIT
  X:01A2H         SYMBOL        tick_us
  -------         DO            
  X:01A6H         SYMBOL        tick_clk
  -------         ENDDO         
  C:1FEEH         LINE#         39
  C:1FF4H         LINE#         40
  C:1FF4H         LINE#         41
  C:1FFEH         LINE#         43
  C:2000H         LINE#         45
  C:2002H         LINE#         47
  C:2005H         LINE#         48
  C:2005H         LINE#         50
  C:2008H         LINE#         52
  C:200BH         LINE#         54
  C:2028H         LINE#         55
  C:2043H         LINE#         56
  C:2043H         LINE#         57
  C:2046H         LINE#         58
  C:206DH         LINE#         59
  C:2078H         LINE#         60
  C:207AH         LINE#         62
  C:207AH         LINE#         63
  C:207DH         LINE#         64
  C:20ADH         LINE#         65
  C:20CAH         LINE#         66
  C:20CAH         LINE#         68
  C:20CCH         LINE#         69
  -------         ENDPROC       _TIMER0_INIT
  -------         PROC          TIMER1_STOP
  C:3557H         LINE#         71
  C:3557H         LINE#         72
  C:3557H         LINE#         73
  C:3559H         LINE#         74
  -------         ENDPROC       TIMER1_STOP
  -------         PROC          _TIMER1_INIT
  X:01A2H         SYMBOL        tick_us
  -------         DO            
  X:01A6H         SYMBOL        tick_clk
  -------         ENDDO         
  C:21A8H         LINE#         76
  C:21AEH         LINE#         77
BL51 BANKED LINKER/LOCATER V6.22.2.0                                                  03/28/2021  00:58:00  PAGE 29


  C:21AEH         LINE#         80
  C:21B0H         LINE#         82
  C:21B2H         LINE#         84
  C:21B5H         LINE#         85
  C:21B5H         LINE#         87
  C:21B8H         LINE#         89
  C:21BBH         LINE#         91
  C:21D8H         LINE#         92
  C:21F3H         LINE#         93
  C:21F3H         LINE#         94
  C:21F6H         LINE#         95
  C:221DH         LINE#         96
  C:2228H         LINE#         97
  C:222AH         LINE#         99
  C:222AH         LINE#         100
  C:222DH         LINE#         101
  C:225DH         LINE#         102
  C:227AH         LINE#         103
  C:227AH         LINE#         105
  C:227CH         LINE#         106
  -------         ENDPROC       _TIMER1_INIT
  -------         PROC          _TIMER3_INIT
  X:01A2H         SYMBOL        tick_us
  -------         DO            
  X:01A6H         SYMBOL        tick_clk
  -------         ENDDO         
  C:234AH         LINE#         108
  C:2350H         LINE#         109
  C:2350H         LINE#         112
  C:2353H         LINE#         114
  C:2356H         LINE#         116
  C:2373H         LINE#         117
  C:238EH         LINE#         118
  C:238EH         LINE#         119
  C:2391H         LINE#         120
  C:23B8H         LINE#         121
  C:23C3H         LINE#         122
  C:23C5H         LINE#         124
  C:23C5H         LINE#         125
  C:23F5H         LINE#         126
  C:2412H         LINE#         127
  C:2412H         LINE#         129
  C:2415H         LINE#         130
  -------         ENDPROC       _TIMER3_INIT
  -------         PROC          TIMER3_STOP
  C:0016H         LINE#         132
  C:0016H         LINE#         133
  C:0016H         LINE#         134
  C:0019H         LINE#         135
  -------         ENDPROC       TIMER3_STOP
  -------         PROC          _HW_TIMER_INIT
  D:0007H         SYMBOL        id
  X:019BH         SYMBOL        tick_us
  X:019FH         SYMBOL        hander
  C:27F7H         LINE#         137
  C:27F7H         LINE#         138
  C:27F7H         LINE#         139
BL51 BANKED LINKER/LOCATER V6.22.2.0                                                  03/28/2021  00:58:00  PAGE 30


  C:2803H         LINE#         140
  C:2803H         LINE#         141
  C:2803H         LINE#         143
  C:2814H         LINE#         144
  C:2821H         LINE#         145
  C:2823H         LINE#         147
  C:2823H         LINE#         149
  C:2834H         LINE#         150
  C:2841H         LINE#         151
  C:2843H         LINE#         153
  C:2843H         LINE#         155
  C:2854H         LINE#         156
  C:2869H         LINE#         157
  C:2869H         LINE#         159
  C:2869H         LINE#         160
  C:2869H         LINE#         161
  C:2869H         LINE#         162
  -------         ENDPROC       _HW_TIMER_INIT
  -------         PROC          _HW_TIMER_STOP
  D:0007H         SYMBOL        id
  C:3226H         LINE#         164
  C:3226H         LINE#         165
  C:3226H         LINE#         166
  C:3232H         LINE#         167
  C:3232H         LINE#         168
  C:3232H         LINE#         170
  C:3235H         LINE#         171
  C:3238H         LINE#         172
  C:323AH         LINE#         174
  C:323AH         LINE#         176
  C:323DH         LINE#         177
  C:3240H         LINE#         178
  C:3242H         LINE#         180
  C:3242H         LINE#         182
  C:3245H         LINE#         183
  C:324EH         LINE#         184
  C:324EH         LINE#         186
  C:324EH         LINE#         187
  C:324EH         LINE#         188
  C:324EH         LINE#         189
  -------         ENDPROC       _HW_TIMER_STOP
  -------         PROC          TIMER0_INT
  C:2B3DH         LINE#         191
  C:2B5AH         LINE#         193
  C:2B65H         LINE#         194
  C:2B65H         LINE#         195
  C:2B7EH         LINE#         196
  C:2B7EH         LINE#         197
  -------         ENDPROC       TIMER0_INT
  -------         PROC          TIMER1_INT
  C:2B99H         LINE#         199
  C:2BB6H         LINE#         201
  C:2BC1H         LINE#         202
  C:2BC1H         LINE#         203
  C:2BDAH         LINE#         204
  C:2BDAH         LINE#         205
  -------         ENDPROC       TIMER1_INT
BL51 BANKED LINKER/LOCATER V6.22.2.0                                                  03/28/2021  00:58:00  PAGE 31


  -------         PROC          TIMER3_INT
  C:2BF5H         LINE#         207
  C:2C12H         LINE#         209
  C:2C1DH         LINE#         210
  C:2C1DH         LINE#         211
  C:2C36H         LINE#         212
  C:2C36H         LINE#         213
  -------         ENDPROC       TIMER3_INT
  -------         ENDMOD        HW_TIMER

  -------         MODULE        UART
  C:0000H         SYMBOL        _ICE_DUMMY_
  D:0080H         PUBLIC        P0
  D:0090H         PUBLIC        P1
  D:00A0H         PUBLIC        P2
  D:00B0H         PUBLIC        P3
  D:00C0H         PUBLIC        P4
  D:00C8H         PUBLIC        P5
  B:0020H.0       SYMBOL        B_TX1_Busy
  D:00E8H         PUBLIC        P6
  B:00A8H.7       PUBLIC        EA
  D:00F8H         PUBLIC        P7
  D:00A2H         PUBLIC        P_SW1
  D:00A8H         PUBLIC        IE
  C:2DABH         PUBLIC        _uart_hw_init
  C:3403H         SYMBOL        _SetTimer2Baudraye
  B:00A8H.4       PUBLIC        ES
  D:00B8H         PUBLIC        IP
  B:0098H.0       PUBLIC        RI
  C:34F9H         PUBLIC        UART1_int
  B:0098H.1       PUBLIC        TI
  D:0099H         PUBLIC        SBUF
  D:0098H         PUBLIC        SCON
  D:0088H         PUBLIC        TCON
  D:00AFH         PUBLIC        IE2
  D:008EH         PUBLIC        AUXR
  C:3472H         SYMBOL        uart1_config
  C:005AH         SYMBOL        uart2_config
  D:00D6H         PUBLIC        TH2
  D:00D7H         PUBLIC        TL2
  C:28D5H         PUBLIC        _print_hex
  B:0098H.4       PUBLIC        REN
  C:3435H         PUBLIC        _print_str
  D:00D0H         PUBLIC        PSW
  -------         PROC          _SETTIMER2BAUDRAYE
  D:0004H         SYMBOL        dat
  C:3403H         LINE#         34
  C:3407H         LINE#         35
  C:3407H         LINE#         36
  C:340AH         LINE#         37
  C:340DH         LINE#         38
  C:3410H         LINE#         39
  C:3413H         LINE#         40
  C:3417H         LINE#         41
  C:341AH         LINE#         42
  C:341DH         LINE#         43
  -------         ENDPROC       _SETTIMER2BAUDRAYE
BL51 BANKED LINKER/LOCATER V6.22.2.0                                                  03/28/2021  00:58:00  PAGE 32


  -------         PROC          UART1_CONFIG
  C:3472H         LINE#         45
  C:3472H         LINE#         46
  C:3472H         LINE#         47
  C:347AH         LINE#         49
  C:347CH         LINE#         50
  C:347EH         LINE#         51
  C:3481H         LINE#         52
  C:3481H         LINE#         55
  C:3483H         LINE#         56
  -------         ENDPROC       UART1_CONFIG
  -------         PROC          UART2_CONFIG
  C:005AH         LINE#         58
  C:005AH         LINE#         59
  C:005AH         LINE#         61
  -------         ENDPROC       UART2_CONFIG
  -------         PROC          _UART_HW_INIT
  X:0181H         SYMBOL        id
  X:0182H         SYMBOL        band
  C:2DABH         LINE#         63
  C:2DB0H         LINE#         64
  C:2DB0H         LINE#         65
  C:2DB3H         LINE#         66
  C:2DD4H         LINE#         68
  C:2DDEH         LINE#         69
  C:2DDEH         LINE#         70
  C:2DDEH         LINE#         72
  C:2DE1H         LINE#         73
  C:2DE3H         LINE#         75
  C:2DE3H         LINE#         77
  C:2DE6H         LINE#         78
  C:2DE6H         LINE#         80
  C:2DE6H         LINE#         81
  C:2DE6H         LINE#         82
  C:2DE6H         LINE#         84
  C:2DE8H         LINE#         86
  C:2DF1H         LINE#         87
  -------         ENDPROC       _UART_HW_INIT
  -------         PROC          _PRINT_STR
  D:0001H         SYMBOL        puts
  C:3435H         LINE#         90
  C:3435H         LINE#         91
  C:3435H         LINE#         92
  C:343AH         LINE#         93
  C:343AH         LINE#         94
  C:343CH         LINE#         95
  C:343EH         LINE#         96
  C:3441H         LINE#         97
  C:344AH         LINE#         98
  -------         ENDPROC       _PRINT_STR
  -------         PROC          _PRINT_HEX
  D:0001H         SYMBOL        puts
  D:0005H         SYMBOL        len
  -------         DO            
  D:0007H         SYMBOL        i
  -------         ENDDO         
  C:28D5H         LINE#         100
BL51 BANKED LINKER/LOCATER V6.22.2.0                                                  03/28/2021  00:58:00  PAGE 33


  C:28D5H         LINE#         101
  C:28D5H         LINE#         102
  C:28D7H         LINE#         103
  C:28DCH         LINE#         104
  C:28DCH         LINE#         105
  C:28EBH         LINE#         106
  C:28F7H         LINE#         108
  C:2901H         LINE#         109
  C:2903H         LINE#         110
  C:2906H         LINE#         112
  C:2914H         LINE#         113
  C:291FH         LINE#         115
  C:2928H         LINE#         116
  C:292AH         LINE#         117
  C:292DH         LINE#         118
  C:2934H         LINE#         119
  C:2937H         LINE#         121
  C:293AH         LINE#         122
  C:293CH         LINE#         123
  C:293FH         LINE#         124
  -------         ENDPROC       _PRINT_HEX
  -------         PROC          UART1_INT
  C:34F9H         LINE#         134
  C:34F9H         LINE#         136
  C:34FCH         LINE#         137
  C:34FCH         LINE#         138
  C:34FEH         LINE#         139
  C:34FEH         LINE#         141
  C:3501H         LINE#         142
  C:3501H         LINE#         143
  C:3503H         LINE#         144
  C:3505H         LINE#         145
  C:3505H         LINE#         146
  -------         ENDPROC       UART1_INT
  -------         ENDMOD        UART

  -------         MODULE        RCC
  C:0000H         SYMBOL        _ICE_DUMMY_
  D:0080H         PUBLIC        P0
  D:0090H         PUBLIC        P1
  D:00A0H         PUBLIC        P2
  D:00B0H         PUBLIC        P3
  D:00C0H         PUBLIC        P4
  D:00C8H         PUBLIC        P5
  D:00E8H         PUBLIC        P6
  D:00F8H         PUBLIC        P7
  D:00BAH         PUBLIC        P_SW2
  D:00A8H         PUBLIC        IE
  C:2C51H         PUBLIC        _rcc_hw_init
  D:00B8H         PUBLIC        IP
  D:0098H         PUBLIC        SCON
  D:0088H         PUBLIC        TCON
  D:00D0H         PUBLIC        PSW
  -------         PROC          _RCC_HW_INIT
  D:0007H         SYMBOL        div
  C:2C51H         LINE#         29
  C:2C51H         LINE#         30
BL51 BANKED LINKER/LOCATER V6.22.2.0                                                  03/28/2021  00:58:00  PAGE 34


  C:2C51H         LINE#         31
  C:2C54H         LINE#         33
  C:2C5AH         LINE#         34
  C:2C61H         LINE#         36
  C:2C6FH         LINE#         37
  C:2C6FH         LINE#         38
  C:2C6FH         LINE#         40
  C:2C74H         LINE#         41
  C:2C78H         LINE#         42
  C:2C7AH         LINE#         44
  C:2C7AH         LINE#         46
  C:2C7FH         LINE#         47
  C:2C7FH         LINE#         48
  C:2C81H         LINE#         50
  C:2C81H         LINE#         52
  C:2C87H         LINE#         53
  C:2C8CH         LINE#         54
  C:2C8EH         LINE#         56
  C:2C8EH         LINE#         58
  C:2C94H         LINE#         59
  C:2C9BH         LINE#         60
  C:2CA0H         LINE#         61
  C:2CA6H         LINE#         62
  C:2CA6H         LINE#         64
  C:2CA6H         LINE#         65
  C:2CA6H         LINE#         66
  C:2CA6H         LINE#         68
  C:2CA9H         LINE#         69
  -------         ENDPROC       _RCC_HW_INIT
  -------         ENDMOD        RCC

  -------         MODULE        ADC
  C:0000H         SYMBOL        _ICE_DUMMY_
  D:0092H         PUBLIC        P1M0
  D:0091H         PUBLIC        P1M1
  D:0080H         PUBLIC        P0
  D:0090H         PUBLIC        P1
  C:3178H         PUBLIC        _adc_hw_init
  D:00A0H         PUBLIC        P2
  D:00B0H         PUBLIC        P3
  D:00C0H         PUBLIC        P4
  D:00C8H         PUBLIC        P5
[...]
  C:1BC4H         LINE#         329
  C:1BD9H         LINE#         330
  C:1C03H         LINE#         336
  C:1C03H         LINE#         337
  C:1C1FH         LINE#         338
  C:1C22H         LINE#         340
  C:1C24H         LINE#         341
  -------         ENDPROC       TK_TIMER_LOOP_HANDLER
  -------         PROC          _HW_TIMER_HANDLE
  X:0186H         SYMBOL        p
  C:31FCH         LINE#         347
  C:3207H         LINE#         348
  C:3207H         LINE#         349
  -------         ENDPROC       _HW_TIMER_HANDLE
  -------         PROC          GET_TIMER_TICK
  C:3495H         LINE#         352
  C:3495H         LINE#         353
  C:3495H         LINE#         354
  C:34A3H         LINE#         355
  -------         ENDPROC       GET_TIMER_TICK
  -------         PROC          SOFT_TIMER_UPDATE
  C:33B0H         LINE#         357
  C:33B0H         LINE#         358
  C:33B0H         LINE#         359
  -------         ENDPROC       SOFT_TIMER_UPDATE
  -------         PROC          SOFT_TIMER_INIT
  C:34A4H         LINE#         362
  C:34A4H         LINE#         363
  C:34A4H         LINE#         364
  C:34A7H         LINE#         367
  C:34B2H         LINE#         368
  -------         ENDPROC       SOFT_TIMER_INIT
  -------         PROC          SOFT_TIMER_LOOP
  C:353EH         LINE#         370
  C:353EH         LINE#         371
  C:353EH         LINE#         372
  C:3543H         LINE#         373
  -------         ENDPROC       SOFT_TIMER_LOOP
  -------         PROC          _SOFT_TIMER_REGISTER
  D:0001H         SYMBOL        timer
  X:018AH         SYMBOL        timeout_callback
  C:3297H         LINE#         375
  C:3297H         LINE#         376
  C:3297H         LINE#         377
  C:32B9H         LINE#         378
  -------         ENDPROC       _SOFT_TIMER_REGISTER
  -------         PROC          _SOFT_TIMER_START
  D:0001H         SYMBOL        timer
  D:0005H         SYMBOL        mode
  X:018FH         SYMBOL        delay_tick
  C:3375H         LINE#         380
BL51 BANKED LINKER/LOCATER V6.22.2.0                                                  03/28/2021  00:58:00  PAGE 47


  C:3375H         LINE#         381
  C:3375H         LINE#         382
  C:3392H         LINE#         383
  -------         ENDPROC       _SOFT_TIMER_START
  -------         PROC          _SOFT_TIMER_STOP
  D:0001H         SYMBOL        timer
  C:3544H         LINE#         385
  C:3544H         LINE#         386
  C:3544H         LINE#         387
  C:3549H         LINE#         388
  -------         ENDPROC       _SOFT_TIMER_STOP
  -------         ENDMOD        SOFT_TIMER

  -------         MODULE        BUTTON
  C:0000H         SYMBOL        _ICE_DUMMY_
  C:07AAH         SYMBOL        flex_button_process
  C:3560H         PUBLIC        _button_event
  C:1D1FH         SYMBOL        flex_button_read
  X:01AAH         PUBLIC        g_btn_status_reg
  C:3536H         PUBLIC        _flex_button_event_read
  C:30E7H         PUBLIC        button_init
  C:354AH         PUBLIC        flex_button_scan
  X:01AEH         SYMBOL        btn_head
  X:01B1H         SYMBOL        button_cnt
  X:01B2H         SYMBOL        btn_timer
  X:01C6H         PUBLIC        g_logic_level
  C:34EBH         SYMBOL        _btn_timer_loop
  C:355DH         PUBLIC        _button_register
  C:188AH         PUBLIC        _flex_button_register
  -------         PROC          _FLEX_BUTTON_REGISTER
  X:0187H         SYMBOL        button
  -------         DO            
  X:018AH         SYMBOL        curr
  -------         ENDDO         
  C:188AH         LINE#         87
  C:1895H         LINE#         88
  C:1895H         LINE#         89
  C:18AAH         LINE#         91
  C:18C7H         LINE#         92
  C:18C7H         LINE#         93
  C:18C9H         LINE#         94
  C:18C9H         LINE#         96
  C:18D9H         LINE#         97
  C:18D9H         LINE#         98
  C:1906H         LINE#         99
  C:1906H         LINE#         100
  C:190BH         LINE#         101
  C:190BH         LINE#         102
  C:1924H         LINE#         103
  C:1926H         LINE#         109
  C:1945H         LINE#         110
  C:1957H         LINE#         111
  C:195FH         LINE#         112
  C:1968H         LINE#         113
  C:1971H         LINE#         114
  C:197BH         LINE#         115
  C:1986H         LINE#         121
BL51 BANKED LINKER/LOCATER V6.22.2.0                                                  03/28/2021  00:58:00  PAGE 48


  C:19E3H         LINE#         122
  C:19E9H         LINE#         124
  C:19EDH         LINE#         125
  -------         ENDPROC       _FLEX_BUTTON_REGISTER
  -------         PROC          FLEX_BUTTON_READ
  -------         DO            
  X:0189H         SYMBOL        i
  X:018AH         SYMBOL        target
  X:018DH         SYMBOL        raw_data
  -------         ENDDO         
  C:1D1FH         LINE#         133
  C:1D1FH         LINE#         134
  C:1D1FH         LINE#         139
  C:1D29H         LINE#         143
  C:1D65H         LINE#         144
  C:1D65H         LINE#         145
  C:1DC8H         LINE#         146
  C:1DC8H         LINE#         143
  C:1DEAH         LINE#         148
  -------         ENDPROC       FLEX_BUTTON_READ
  -------         PROC          FLEX_BUTTON_PROCESS
  -------         DO            
  X:0189H         SYMBOL        i
  X:018AH         SYMBOL        active_btn_cnt
  X:018BH         SYMBOL        target
  -------         ENDDO         
  C:07AAH         LINE#         158
  C:07AAH         LINE#         159
  C:07AAH         LINE#         161
  C:07AFH         LINE#         164
  C:07DEH         LINE#         165
  C:07DEH         LINE#         166
  C:07EDH         LINE#         167
  C:07EDH         LINE#         168
  C:07F7H         LINE#         169
  C:0806H         LINE#         170
  C:0806H         LINE#         171
  C:0822H         LINE#         172
  C:0822H         LINE#         173
  C:0822H         LINE#         175
  C:0846H         LINE#         176
  C:0846H         LINE#         177
  C:0846H         LINE#         178
  C:087FH         LINE#         179
  C:087FH         LINE#         180
  C:0893H         LINE#         181
  C:089CH         LINE#         183
  C:08D8H         LINE#         186
  C:08E8H         LINE#         187
  C:08EBH         LINE#         189
  C:08EBH         LINE#         190
  C:08FBH         LINE#         191
  C:08FBH         LINE#         192
  C:08FEH         LINE#         194
  C:08FEH         LINE#         195
  C:093AH         LINE#         196
  C:093AH         LINE#         197
BL51 BANKED LINKER/LOCATER V6.22.2.0                                                  03/28/2021  00:58:00  PAGE 49


  C:0957H         LINE#         198
  C:0957H         LINE#         199
  C:0970H         LINE#         200
  C:0970H         LINE#         204
  C:09C1H         LINE#         207
  C:09D4H         LINE#         208
  C:09DDH         LINE#         209
  C:09E0H         LINE#         210
  C:09E0H         LINE#         211
  C:09E3H         LINE#         212
  C:0A04H         LINE#         213
  C:0A04H         LINE#         214
  C:0A11H         LINE#         215
  C:0A11H         LINE#         216
  C:0A27H         LINE#         217
  C:0A27H         LINE#         218
  C:0A2AH         LINE#         219
  C:0A4BH         LINE#         220
  C:0A4BH         LINE#         221
  C:0A58H         LINE#         222
  C:0A58H         LINE#         223
  C:0A6EH         LINE#         224
  C:0A6EH         LINE#         225
  C:0A70H         LINE#         226
  C:0A94H         LINE#         227
  C:0A94H         LINE#         228
  C:0AA1H         LINE#         229
  C:0AA1H         LINE#         230
  C:0AE1H         LINE#         231
  C:0AE1H         LINE#         232
  C:0AE1H         LINE#         233
  C:0AE4H         LINE#         235
  C:0AE4H         LINE#         236
  C:0B05H         LINE#         237
  C:0B05H         LINE#         238
  C:0B42H         LINE#         239
  C:0B51H         LINE#         240
  C:0B54H         LINE#         241
  C:0B75H         LINE#         242
  C:0B75H         LINE#         243
  C:0BB2H         LINE#         244
  C:0BC1H         LINE#         245
  C:0BC4H         LINE#         246
  C:0BE5H         LINE#         247
  C:0BE5H         LINE#         248
  C:0C22H         LINE#         249
  C:0C31H         LINE#         250
  C:0C34H         LINE#         252
  C:0C34H         LINE#         254
  C:0C47H         LINE#         255
  C:0C51H         LINE#         256
  C:0C51H         LINE#         257
  C:0C51H         LINE#         258
  C:0C54H         LINE#         260
  C:0C54H         LINE#         261
  C:0C8DH         LINE#         262
  C:0C8DH         LINE#         264
BL51 BANKED LINKER/LOCATER V6.22.2.0                                                  03/28/2021  00:58:00  PAGE 50


  C:0CA0H         LINE#         265
  C:0CA9H         LINE#         266
  C:0CACH         LINE#         268
  C:0CACH         LINE#         269
  C:0CCDH         LINE#         270
  C:0CCDH         LINE#         274
  C:0D1EH         LINE#         277
  C:0D30H         LINE#         278
  C:0D30H         LINE#         279
  C:0D30H         LINE#         280
  C:0D30H         LINE#         281
  C:0D30H         LINE#         283
  C:0D4AH         LINE#         284
  C:0D4AH         LINE#         285
  C:0D50H         LINE#         286
  C:0D50H         LINE#         287
  C:0D67H         LINE#         289
  C:0D6CH         LINE#         290
  -------         ENDPROC       FLEX_BUTTON_PROCESS
  -------         PROC          _FLEX_BUTTON_EVENT_READ
  D:0001H         SYMBOL        button
  C:3536H         LINE#         300
  C:3536H         LINE#         301
  C:3536H         LINE#         302
  C:353DH         LINE#         303
  -------         ENDPROC       _FLEX_BUTTON_EVENT_READ
  -------         PROC          FLEX_BUTTON_SCAN
  C:354AH         LINE#         315
  C:354AH         LINE#         316
  C:354AH         LINE#         317
  C:354DH         LINE#         318
  -------         ENDPROC       FLEX_BUTTON_SCAN
  -------         PROC          _BTN_TIMER_LOOP
  X:0186H         SYMBOL        timer
  C:34EBH         LINE#         323
  C:34F6H         LINE#         324
  C:34F6H         LINE#         325
  -------         ENDPROC       _BTN_TIMER_LOOP
  -------         PROC          BUTTON_INIT
  C:30E7H         LINE#         328
  C:30E7H         LINE#         329
  C:30E7H         LINE#         330
  C:30FEH         LINE#         331
  C:3113H         LINE#         333
  C:3117H         LINE#         334
  -------         ENDPROC       BUTTON_INIT
  -------         PROC          _BUTTON_REGISTER
  D:0001H         SYMBOL        button
  C:355DH         LINE#         336
  C:355DH         LINE#         337
  C:355DH         LINE#         338
  -------         ENDPROC       _BUTTON_REGISTER
  -------         PROC          _BUTTON_EVENT
  D:0001H         SYMBOL        button
  C:3560H         LINE#         341
  C:3560H         LINE#         342
  C:3560H         LINE#         343
BL51 BANKED LINKER/LOCATER V6.22.2.0                                                  03/28/2021  00:58:00  PAGE 51


  -------         ENDPROC       _BUTTON_EVENT
  -------         ENDMOD        BUTTON

  -------         MODULE        MAIN
  C:0000H         SYMBOL        _ICE_DUMMY_
  D:0080H         PUBLIC        P0
  D:0090H         PUBLIC        P1
  D:00A0H         PUBLIC        P2
  D:00B0H         PUBLIC        P3
  D:00C0H         PUBLIC        P4
  D:00C8H         PUBLIC        P5
  D:00E8H         PUBLIC        P6
  D:00F8H         PUBLIC        P7
  D:00A8H         PUBLIC        IE
  D:00B8H         PUBLIC        IP
  C:005EH         PUBLIC        main
  D:0098H         PUBLIC        SCON
  D:0088H         PUBLIC        TCON
  D:00D0H         PUBLIC        PSW
  -------         PROC          MAIN
  C:005EH         LINE#         40
  C:005EH         LINE#         41
  C:005EH         LINE#         60
  C:006DH         LINE#         62
  C:0076H         LINE#         66
  C:007FH         LINE#         68
  C:0082H         LINE#         69
  -------         ENDPROC       MAIN
  -------         ENDMOD        MAIN

  -------         MODULE        ?C?COPY
  C:016EH         PUBLIC        ?C?COPY
  -------         ENDMOD        ?C?COPY

  -------         MODULE        ?C?CLDPTR
  C:0194H         PUBLIC        ?C?CLDPTR
  -------         ENDMOD        ?C?CLDPTR

  -------         MODULE        ?C?CLDOPTR
  C:01ADH         PUBLIC        ?C?CLDOPTR
  -------         ENDMOD        ?C?CLDOPTR

  -------         MODULE        ?C?CSTPTR
  C:01DAH         PUBLIC        ?C?CSTPTR
  -------         ENDMOD        ?C?CSTPTR

  -------         MODULE        ?C?CSTOPTR
  C:01ECH         PUBLIC        ?C?CSTOPTR
  -------         ENDMOD        ?C?CSTOPTR

  -------         MODULE        ?C?IMUL
  C:020EH         PUBLIC        ?C?IMUL
  -------         ENDMOD        ?C?IMUL

  -------         MODULE        ?C?UIDIV
  C:0220H         PUBLIC        ?C?UIDIV
  -------         ENDMOD        ?C?UIDIV
BL51 BANKED LINKER/LOCATER V6.22.2.0                                                  03/28/2021  00:58:00  PAGE 52



  -------         MODULE        ?C?IILDX
  C:0275H         PUBLIC        ?C?IILDX
  -------         ENDMOD        ?C?IILDX

  -------         MODULE        ?C?ILDOPTR
  C:028BH         PUBLIC        ?C?ILDOPTR
  -------         ENDMOD        ?C?ILDOPTR

  -------         MODULE        ?C?IILDOPTR
  C:02C3H         PUBLIC        ?C?IILDOPTR
  -------         ENDMOD        ?C?IILDOPTR

  -------         MODULE        ?C?ISTOPTR
  C:0310H         PUBLIC        ?C?ISTOPTR
  -------         ENDMOD        ?C?ISTOPTR

  -------         MODULE        ?C?LMUL
  C:033DH         PUBLIC        ?C?LMUL
  -------         ENDMOD        ?C?LMUL

  -------         MODULE        ?C?ULDIV
  C:03C8H         PUBLIC        ?C?ULDIV
  -------         ENDMOD        ?C?ULDIV

  -------         MODULE        ?C?LNOT
  C:045AH         PUBLIC        ?C?LNOT
  -------         ENDMOD        ?C?LNOT

  -------         MODULE        ?C?ULCMP
  C:0467H         PUBLIC        ?C?ULCMP
  -------         ENDMOD        ?C?ULCMP

  -------         MODULE        ?C?LLDOPTR
  C:0478H         PUBLIC        ?C?LLDOPTR
  -------         ENDMOD        ?C?LLDOPTR

  -------         MODULE        ?C?LSTOPTR
  C:04A8H         PUBLIC        ?C?LSTOPTR
  -------         ENDMOD        ?C?LSTOPTR

  -------         MODULE        ?C?LLDOPTR0
  C:04CCH         PUBLIC        ?C?LLDOPTR0
  -------         ENDMOD        ?C?LLDOPTR0

  -------         MODULE        ?C?LSTXDATA
  C:04FCH         PUBLIC        ?C?LSTXDATA
  -------         ENDMOD        ?C?LSTXDATA

  -------         MODULE        ?C?LSTKXDATA
  C:0508H         PUBLIC        ?C?LSTKXDATA
  -------         ENDMOD        ?C?LSTKXDATA

  -------         MODULE        ?C?LSTKOPTR
  C:0539H         PUBLIC        ?C?LSTKOPTR
  -------         ENDMOD        ?C?LSTKOPTR

BL51 BANKED LINKER/LOCATER V6.22.2.0                                                  03/28/2021  00:58:00  PAGE 53


  -------         MODULE        ?C?PLDPTR
  C:055DH         PUBLIC        ?C?PLDPTR
  -------         ENDMOD        ?C?PLDPTR

  -------         MODULE        ?C?PSTPTR
  C:057DH         PUBLIC        ?C?PSTPTR
  -------         ENDMOD        ?C?PSTPTR

  -------         MODULE        ?C?PLDOPTR
  C:05CCH         PUBLIC        ?C?PLDOPTR
  -------         ENDMOD        ?C?PLDOPTR

  -------         MODULE        ?C?PSTOPTR
  C:05FCH         PUBLIC        ?C?PSTOPTR
  -------         ENDMOD        ?C?PSTOPTR

  -------         MODULE        ?C?ICALL
  C:0655H         PUBLIC        ?C?ICALL
  C:0659H         PUBLIC        ?C?ICALL2
  -------         ENDMOD        ?C?ICALL

  -------         MODULE        ?C?LIMUL
  C:065BH         PUBLIC        ?C?LIMUL
  -------         ENDMOD        ?C?LIMUL

  -------         MODULE        ?C?MEMSET
  C:0688H         PUBLIC        ?C?MEMSET
  -------         ENDMOD        ?C?MEMSET

  -------         MODULE        ?C?LLDIDATA
  C:06B4H         PUBLIC        ?C?LLDIDATA
  -------         ENDMOD        ?C?LLDIDATA

  -------         MODULE        ?C?LLDXDATA
  C:06C0H         PUBLIC        ?C?LLDXDATA
  -------         ENDMOD        ?C?LLDXDATA

  -------         MODULE        ?C?LLDPDATA
  C:06CCH         PUBLIC        ?C?LLDPDATA
  -------         ENDMOD        ?C?LLDPDATA

  -------         MODULE        ?C?LLDCODE
  C:06D8H         PUBLIC        ?C?LLDCODE
  -------         ENDMOD        ?C?LLDCODE

  -------         MODULE        ?C?LLDIDATA0
  C:06E8H         PUBLIC        ?C?LLDIDATA0
  -------         ENDMOD        ?C?LLDIDATA0

  -------         MODULE        ?C?LLDXDATA0
  C:06F5H         PUBLIC        ?C?LLDXDATA0
  -------         ENDMOD        ?C?LLDXDATA0

  -------         MODULE        ?C?LLDPDATA0
  C:0701H         PUBLIC        ?C?LLDPDATA0
  -------         ENDMOD        ?C?LLDPDATA0

BL51 BANKED LINKER/LOCATER V6.22.2.0                                                  03/28/2021  00:58:00  PAGE 54


  -------         MODULE        ?C?LLDCODE0
  C:070EH         PUBLIC        ?C?LLDCODE0
  -------         ENDMOD        ?C?LLDCODE0

  -------         MODULE        ?C?LSTIDATA
  C:071EH         PUBLIC        ?C?LSTIDATA
  -------         ENDMOD        ?C?LSTIDATA

  -------         MODULE        ?C?LSTPDATA
  C:072AH         PUBLIC        ?C?LSTPDATA
  -------         ENDMOD        ?C?LSTPDATA

  -------         MODULE        ?C?LSTKIDATA
  C:0736H         PUBLIC        ?C?LSTKIDATA
  -------         ENDMOD        ?C?LSTKIDATA

  -------         MODULE        ?C?LSTKPDATA
  C:074FH         PUBLIC        ?C?LSTKPDATA
  -------         ENDMOD        ?C?LSTKPDATA

  -------         MODULE        ?C?PLDIDATA
  C:0768H         PUBLIC        ?C?PLDIDATA
  -------         ENDMOD        ?C?PLDIDATA

  -------         MODULE        ?C?PSTIDATA
  C:0771H         PUBLIC        ?C?PSTIDATA
  -------         ENDMOD        ?C?PSTIDATA

  -------         MODULE        ?C?PLDXDATA
  C:077AH         PUBLIC        ?C?PLDXDATA
  -------         ENDMOD        ?C?PLDXDATA

  -------         MODULE        ?C?PSTXDATA
  C:0783H         PUBLIC        ?C?PSTXDATA
  -------         ENDMOD        ?C?PSTXDATA

  -------         MODULE        ?C?PLDPDATA
  C:078CH         PUBLIC        ?C?PLDPDATA
  -------         ENDMOD        ?C?PLDPDATA

  -------         MODULE        ?C?PSTPDATA
  C:0795H         PUBLIC        ?C?PSTPDATA
  -------         ENDMOD        ?C?PSTPDATA

  -------         MODULE        ?C?PLDCODE
  C:079EH         PUBLIC        ?C?PLDCODE
  -------         ENDMOD        ?C?PLDCODE

*** WARNING L16: UNCALLED SEGMENT, IGNORED FOR OVERLAY PROCESS
    SEGMENT: ?PR?E2PROM_HW_INIT?E2PROM

*** WARNING L16: UNCALLED SEGMENT, IGNORED FOR OVERLAY PROCESS
    SEGMENT: ?PR?_E2PROM_WRITE?E2PROM

*** WARNING L16: UNCALLED SEGMENT, IGNORED FOR OVERLAY PROCESS
    SEGMENT: ?PR?_RCC_HW_INIT?RCC

BL51 BANKED LINKER/LOCATER V6.22.2.0                                                  03/28/2021  00:58:00  PAGE 55


*** WARNING L16: UNCALLED SEGMENT, IGNORED FOR OVERLAY PROCESS
    SEGMENT: ?PR?SYS_ENTER_SLEEP?SLEEP

*** WARNING L16: UNCALLED SEGMENT, IGNORED FOR OVERLAY PROCESS
    SEGMENT: ?PR?_EV1527_DECODE_INIT?EV1527

*** WARNING L16: UNCALLED SEGMENT, IGNORED FOR OVERLAY PROCESS
    SEGMENT: ?PR?_TK_TIMER_DETACH?SOFT_TIMER

*** WARNING L16: UNCALLED SEGMENT, IGNORED FOR OVERLAY PROCESS
    SEGMENT: ?PR?_TK_TIMER_CONTINUE?SOFT_TIMER

*** WARNING L16: UNCALLED SEGMENT, IGNORED FOR OVERLAY PROCESS
    SEGMENT: ?PR?_TK_TIMER_GET_MODE?SOFT_TIMER

*** WARNING L16: UNCALLED SEGMENT, IGNORED FOR OVERLAY PROCESS
    SEGMENT: ?PR?_TK_TIMER_GET_STATE?SOFT_TIMER

Program Size: data=9.1 xdata=523 code=13667
LINK/LOCATE RUN COMPLETE.  9 WARNING(S),  0 ERROR(S)
