BL51 BANKED LINKER/LOCATER V6.22.2.0                                                    04/10/2021  00:05:08  PAGE 1


BL51 BANKED LINKER/LOCATER V6.22.2.0, INVOKED BY:
C:\KEIL_V5\C51\BIN\BL51.EXE .\Objects\STARTUP.obj, .\Objects\user_main.obj, .\Objects\remote.obj, .\Objects\e2prom.obj, 
>> .\Objects\gpio.obj, .\Objects\hw_timer.obj, .\Objects\uart.obj, .\Objects\rcc.obj, .\Objects\adc.obj, .\Objects\sleep
>> .obj, .\Objects\ev1527.obj, .\Objects\soft_timer.obj, .\Objects\button.obj, .\Objects\main.obj TO .\Objects\20ma_remo
>> te PRINT (.\Listings\20ma_remote.m51) RAMSIZE (256)


MEMORY MODEL: LARGE


INPUT MODULES INCLUDED:
  .\Objects\STARTUP.obj (?C_STARTUP)
  .\Objects\user_main.obj (USER_MAIN)
  .\Objects\remote.obj (REMOTE)
  .\Objects\e2prom.obj (E2PROM)
  .\Objects\gpio.obj (GPIO)
  .\Objects\hw_timer.obj (HW_TIMER)
  .\Objects\uart.obj (UART)
  .\Objects\rcc.obj (RCC)
  .\Objects\adc.obj (ADC)
  .\Objects\sleep.obj (SLEEP)
  .\Objects\ev1527.obj (EV1527)
  .\Objects\soft_timer.obj (SOFT_TIMER)
  .\Objects\button.obj (BUTTON)
  .\Objects\main.obj (MAIN)
  C:\KEIL_V5\C51\LIB\C51L.LIB (?C_INIT)
  C:\KEIL_V5\C51\LIB\C51L.LIB (?C?COPY)
  C:\KEIL_V5\C51\LIB\C51L.LIB (?C?CLDPTR)
  C:\KEIL_V5\C51\LIB\C51L.LIB (?C?CLDOPTR)
  C:\KEIL_V5\C51\LIB\C51L.LIB (?C?CSTPTR)
  C:\KEIL_V5\C51\LIB\C51L.LIB (?C?CSTOPTR)
  C:\KEIL_V5\C51\LIB\C51L.LIB (?C?IMUL)
  C:\KEIL_V5\C51\LIB\C51L.LIB (?C?UIDIV)
  C:\KEIL_V5\C51\LIB\C51L.LIB (?C?IILDX)
  C:\KEIL_V5\C51\LIB\C51L.LIB (?C?ILDOPTR)
  C:\KEIL_V5\C51\LIB\C51L.LIB (?C?IILDOPTR)
  C:\KEIL_V5\C51\LIB\C51L.LIB (?C?ISTOPTR)
  C:\KEIL_V5\C51\LIB\C51L.LIB (?C?LMUL)
  C:\KEIL_V5\C51\LIB\C51L.LIB (?C?ULDIV)
  C:\KEIL_V5\C51\LIB\C51L.LIB (?C?LNOT)
  C:\KEIL_V5\C51\LIB\C51L.LIB (?C?ULCMP)
  C:\KEIL_V5\C51\LIB\C51L.LIB (?C?LLDOPTR)
  C:\KEIL_V5\C51\LIB\C51L.LIB (?C?LSTOPTR)
  C:\KEIL_V5\C51\LIB\C51L.LIB (?C?LLDOPTR0)
  C:\KEIL_V5\C51\LIB\C51L.LIB (?C?LSTXDATA)
  C:\KEIL_V5\C51\LIB\C51L.LIB (?C?LSTKXDATA)
  C:\KEIL_V5\C51\LIB\C51L.LIB (?C?LSTKOPTR)
  C:\KEIL_V5\C51\LIB\C51L.LIB (?C?PLDPTR)
  C:\KEIL_V5\C51\LIB\C51L.LIB (?C?PSTPTR)
  C:\KEIL_V5\C51\LIB\C51L.LIB (?C?PLDOPTR)
  C:\KEIL_V5\C51\LIB\C51L.LIB (?C?PSTOPTR)
  C:\KEIL_V5\C51\LIB\C51L.LIB (?C?CCASE)
  C:\KEIL_V5\C51\LIB\C51L.LIB (?C?ICALL)
  C:\KEIL_V5\C51\LIB\C51L.LIB (?C?LIMUL)
  C:\KEIL_V5\C51\LIB\C51L.LIB (?C?MEMSET)
  C:\KEIL_V5\C51\LIB\C51L.LIB (?C?LLDIDATA)
  C:\KEIL_V5\C51\LIB\C51L.LIB (?C?LLDXDATA)
  C:\KEIL_V5\C51\LIB\C51L.LIB (?C?LLDPDATA)
BL51 BANKED LINKER/LOCATER V6.22.2.0                                                  04/10/2021  00:05:08  PAGE 2


  C:\KEIL_V5\C51\LIB\C51L.LIB (?C?LLDCODE)
  C:\KEIL_V5\C51\LIB\C51L.LIB (?C?LLDIDATA0)
  C:\KEIL_V5\C51\LIB\C51L.LIB (?C?LLDXDATA0)
  C:\KEIL_V5\C51\LIB\C51L.LIB (?C?LLDPDATA0)
  C:\KEIL_V5\C51\LIB\C51L.LIB (?C?LLDCODE0)
  C:\KEIL_V5\C51\LIB\C51L.LIB (?C?LSTIDATA)
  C:\KEIL_V5\C51\LIB\C51L.LIB (?C?LSTPDATA)
  C:\KEIL_V5\C51\LIB\C51L.LIB (?C?LSTKIDATA)
  C:\KEIL_V5\C51\LIB\C51L.LIB (?C?LSTKPDATA)
  C:\KEIL_V5\C51\LIB\C51L.LIB (?C?PLDIDATA)
  C:\KEIL_V5\C51\LIB\C51L.LIB (?C?PSTIDATA)
  C:\KEIL_V5\C51\LIB\C51L.LIB (?C?PLDXDATA)
  C:\KEIL_V5\C51\LIB\C51L.LIB (?C?PSTXDATA)
  C:\KEIL_V5\C51\LIB\C51L.LIB (?C?PLDPDATA)
  C:\KEIL_V5\C51\LIB\C51L.LIB (?C?PSTPDATA)
  C:\KEIL_V5\C51\LIB\C51L.LIB (?C?PLDCODE)


LINK MAP OF MODULE:  .\Objects\20ma_remote (?C_STARTUP)


            TYPE    BASE      LENGTH    RELOCATION   SEGMENT NAME
            -----------------------------------------------------

            * * * * * * *   D A T A   M E M O R Y   * * * * * * *
            REG     0000H     0008H     ABSOLUTE     "REG BANK 0"
                    0008H     0018H                  *** GAP ***
            BIT     0020H.0   0000H.1   UNIT         ?BI?UART
                    0020H.1   0000H.7                *** GAP ***
            IDATA   0021H     0001H     UNIT         ?STACK

            * * * * * * *  X D A T A   M E M O R Y  * * * * * * *
            XDATA   0000H     0117H     UNIT         ?XD?REMOTE
            XDATA   0117H     0040H     UNIT         ?XD?EV1527
            XDATA   0157H     002AH     UNIT         ?XD?SOFT_TIMER
            XDATA   0181H     0020H     UNIT         ?XD?BUTTON
            XDATA   01A1H     0014H     UNIT         ?XD?USER_MAIN
            XDATA   01B5H     000BH     UNIT         ?XD?_EV1527_ENCODE_POST?EV1527
            XDATA   01C0H     0009H     UNIT         ?XD?_CALC_CRC?REMOTE
            XDATA   01C9H     0009H     UNIT         ?XD?HW_TIMER
            XDATA   01D2H     0008H     UNIT         ?XD?_TIMER0_INIT?HW_TIMER
            XDATA   01DAH     0008H     UNIT         ?XD?_TIMER1_INIT?HW_TIMER
            XDATA   01E2H     0008H     UNIT         ?XD?_TIMER3_INIT?HW_TIMER
            XDATA   01EAH     0008H     UNIT         ?XD?_HW_TIMER_INIT?HW_TIMER
            XDATA   01F2H     0008H     UNIT         ?XD?_TK_TIMER_START?SOFT_TIMER
            XDATA   01FAH     0008H     UNIT         ?XD?_SOFT_TIMER_START?SOFT_TIMER
            XDATA   0202H     0008H     UNIT         ?XD?FLEX_BUTTON_READ?BUTTON
            XDATA   020AH     0007H     UNIT         ?XD?_COMMON_BTN_READ?REMOTE
            XDATA   0211H     0007H     UNIT         ?XD?_E2PROM_READ?E2PROM
            XDATA   0218H     0007H     UNIT         ?XD?_E2PROM_WRITE?E2PROM
            XDATA   021FH     0007H     UNIT         ?XD?_GET_ADC_RESULT?ADC
            XDATA   0226H     0006H     UNIT         ?XD?_EEPROM_READ_N?E2PROM
            XDATA   022CH     0006H     UNIT         ?XD?E2PROM
            XDATA   0232H     0006H     UNIT         ?XD?_EEPROM_WRITE_N?E2PROM
            XDATA   0238H     0006H     UNIT         ?XD?_EV1527_DECODE_INIT?EV1527
            XDATA   023EH     0006H     UNIT         ?XD?_TK_TIMER_INIT?SOFT_TIMER
            XDATA   0244H     0006H     UNIT         ?XD?_SOFT_TIMER_REGISTER?SOFT_TIMER
BL51 BANKED LINKER/LOCATER V6.22.2.0                                                  04/10/2021  00:05:08  PAGE 3


            XDATA   024AH     0006H     UNIT         ?XD?_FLEX_BUTTON_REGISTER?BUTTON
            XDATA   0250H     0005H     UNIT         ?XD?_UART_HW_INIT?UART
            XDATA   0255H     0005H     UNIT         ?XD?_PRINT_HEX?UART
            XDATA   025AH     0005H     UNIT         ?XD?FLEX_BUTTON_PROCESS?BUTTON
            XDATA   025FH     0004H     UNIT         ?XD?_ALLOW_RANGE?EV1527
            XDATA   0263H     0004H     UNIT         ?XD?_EV1527_STATUS_PARSE?EV1527
            XDATA   0267H     0004H     UNIT         ?XD?_ENCODE_TIMER_RESTART?EV1527
            XDATA   026BH     0003H     UNIT         ?XD?_TIMER_LOG_HANDLE?USER_MAIN
            XDATA   026EH     0003H     UNIT         ?XD?_USER_MAIN?USER_MAIN
            XDATA   0271H     0003H     UNIT         ?XD?_RF_POST?REMOTE
            XDATA   0274H     0003H     UNIT         ?XD?_TIMER_LOW_HANDLE?REMOTE
            XDATA   0277H     0003H     UNIT         ?XD?READ_CHIP_ID?REMOTE
            XDATA   027AH     0003H     UNIT         ?XD?_COMMON_BTN_EVT_CB?REMOTE
            XDATA   027DH     0003H     UNIT         ?XD?_TIMER_SLEEP_HANDLE?REMOTE
            XDATA   0280H     0003H     UNIT         ?XD?_TIMER_MATCH_HANDLE?REMOTE
            XDATA   0283H     0003H     UNIT         ?XD?_GPIO_HW_INIT?GPIO
            XDATA   0286H     0003H     UNIT         ?XD?_GPIO_READ?GPIO
            XDATA   0289H     0003H     UNIT         ?XD?_GPIO_WRITE?GPIO
            XDATA   028CH     0003H     UNIT         ?XD?_PRINT_STR?UART
            XDATA   028FH     0003H     UNIT         ?XD?_EV1527_DECODE_HANDLE?EV1527
            XDATA   0292H     0003H     UNIT         ?XD?_EV1527_ENCODE_HANDLE?EV1527
            XDATA   0295H     0003H     UNIT         ?XD?__TK_TIMER_FIND_NODE_TAIL?SOFT_TIMER
            XDATA   0298H     0003H     UNIT         ?XD?__TK_TIMER_INSERT_NODE_TO_LIST?SOFT_TIMER
            XDATA   029BH     0003H     UNIT         ?XD?_TK_TIMER_FUNC_INIT?SOFT_TIMER
            XDATA   029EH     0003H     UNIT         ?XD?_TK_TIMER_DETACH?SOFT_TIMER
            XDATA   02A1H     0003H     UNIT         ?XD?__TK_TIMER_SET_START_PARAM?SOFT_TIMER
            XDATA   02A4H     0003H     UNIT         ?XD?_TK_TIMER_STOP?SOFT_TIMER
            XDATA   02A7H     0003H     UNIT         ?XD?_TK_TIMER_CONTINUE?SOFT_TIMER
            XDATA   02AAH     0003H     UNIT         ?XD?_TK_TIMER_RESTART?SOFT_TIMER
            XDATA   02ADH     0003H     UNIT         ?XD?_TK_TIMER_GET_MODE?SOFT_TIMER
            XDATA   02B0H     0003H     UNIT         ?XD?_TK_TIMER_GET_STATE?SOFT_TIMER
            XDATA   02B3H     0003H     UNIT         ?XD?_HW_TIMER_HANDLE?SOFT_TIMER
            XDATA   02B6H     0003H     UNIT         ?XD?_SOFT_TIMER_STOP?SOFT_TIMER
            XDATA   02B9H     0003H     UNIT         ?XD?_FLEX_BUTTON_EVENT_READ?BUTTON
            XDATA   02BCH     0003H     UNIT         ?XD?_BTN_TIMER_LOOP?BUTTON
            XDATA   02BFH     0003H     UNIT         ?XD?_BUTTON_REGISTER?BUTTON
            XDATA   02C2H     0003H     UNIT         ?XD?_BUTTON_EVENT?BUTTON
            XDATA   02C5H     0002H     UNIT         ?XD?USER_INIT?USER_MAIN
            XDATA   02C7H     0002H     UNIT         ?XD?_LED_STATUS_CHANGE?REMOTE
            XDATA   02C9H     0002H     UNIT         ?XD?_EEPROM_SECTORERASE?E2PROM
            XDATA   02CBH     0002H     UNIT         ?XD?_SETTIMER2BAUDRAYE?UART
            XDATA   02CDH     0002H     UNIT         ?XD?EV1527_ENCODE?EV1527
            XDATA   02CFH     0001H     UNIT         ?XD?_IO_WRTIE?REMOTE
            XDATA   02D0H     0001H     UNIT         ?XD?_REMOTE_POWER_LIGHT?REMOTE
            XDATA   02D1H     0001H     UNIT         ?XD?REMOTE_USER_INIT?REMOTE
            XDATA   02D2H     0001H     UNIT         ?XD?_HW_TIMER_STOP?HW_TIMER
            XDATA   02D3H     0001H     UNIT         ?XD?_RCC_HW_INIT?RCC
            XDATA   02D4H     0001H     UNIT         ?XD?_ADC_TRANS?ADC
            XDATA   02D5H     0001H     UNIT         ?XD?_ADC_HW_INIT?ADC
            XDATA   02D6H     0001H     UNIT         ?XD?EV1527_DECODE?EV1527

            * * * * * * *   C O D E   M E M O R Y   * * * * * * *
            CODE    0000H     0003H     ABSOLUTE     
            CODE    0003H     0003H     ABSOLUTE     
            CODE    0006H     0005H     UNIT         ?PR?INT0_INT?SLEEP
            CODE    000BH     0003H     ABSOLUTE     
            CODE    000EH     0005H     UNIT         ?PR?INT1_INT?SLEEP
BL51 BANKED LINKER/LOCATER V6.22.2.0                                                  04/10/2021  00:05:08  PAGE 4


            CODE    0013H     0003H     ABSOLUTE     
            CODE    0016H     0004H     UNIT         ?PR?TIMER3_STOP?HW_TIMER
            CODE    001AH     0001H     UNIT         ?PR?REMOTE_LOOP?REMOTE
            CODE    001BH     0003H     ABSOLUTE     
            CODE    001EH     0004H     UNIT         ?PR?INT2_INT?SLEEP
            CODE    0022H     0001H     UNIT         ?PR?E2PROM_HW_INIT?E2PROM
            CODE    0023H     0003H     ABSOLUTE     
            CODE    0026H     002CH     UNIT         ?PR?MATCH_REMOTE_STOP?REMOTE
            CODE    0052H     0001H     UNIT         ?PR?UART2_CONFIG?UART
            CODE    0053H     0003H     ABSOLUTE     
            CODE    0056H     0004H     UNIT         ?PR?INT3_INT?SLEEP
                    005AH     0001H                  *** GAP ***
            CODE    005BH     0003H     ABSOLUTE     
            CODE    005EH     0021H     UNIT         ?PR?_TK_TIMER_GET_MODE?SOFT_TIMER
            CODE    007FH     0004H     UNIT         ?PR?INT4_INT?SLEEP
            CODE    0083H     0003H     ABSOLUTE     
            CODE    0086H     0014H     UNIT         ?PR?_IO_WRTIE?REMOTE
                    009AH     0001H                  *** GAP ***
            CODE    009BH     0003H     ABSOLUTE     
            CODE    009EH     0988H     UNIT         ?PR?FLEX_BUTTON_PROCESS?BUTTON
            CODE    0A26H     0732H     UNIT         ?C?LIB_CODE
            CODE    1158H     04FBH     UNIT         ?PR?EV1527_ENCODE?EV1527
            CODE    1653H     0318H     UNIT         ?PR?REMOTE_USER_INIT?REMOTE
            CODE    196BH     02C7H     UNIT         ?PR?EV1527_DECODE?EV1527
            CODE    1C32H     01F5H     UNIT         ?PR?_LED_STATUS_CHANGE?REMOTE
            CODE    1E27H     01C1H     UNIT         ?PR?_FLEX_BUTTON_REGISTER?BUTTON
            CODE    1FE8H     0181H     UNIT         ?PR?_COMMON_BTN_EVT_CB?REMOTE
            CODE    2169H     0179H     UNIT         ?CO?REMOTE
            CODE    22E2H     016AH     UNIT         ?PR?_GPIO_HW_INIT?GPIO
            CODE    244CH     0165H     UNIT         ?PR?TK_TIMER_LOOP_HANDLER?SOFT_TIMER
            CODE    25B1H     014EH     UNIT         ?PR?_EV1527_ENCODE_POST?EV1527
            CODE    26FFH     0146H     UNIT         ?PR?_EEPROM_WRITE_N?E2PROM
            CODE    2845H     013FH     UNIT         ?PR?_GET_ADC_RESULT?ADC
            CODE    2984H     013BH     UNIT         ?PR?_TIMER0_INIT?HW_TIMER
            CODE    2ABFH     0131H     UNIT         ?PR?_TIMER1_INIT?HW_TIMER
            CODE    2BF0H     0124H     UNIT         ?PR?_TIMER3_INIT?HW_TIMER
            CODE    2D14H     0123H     UNIT         ?PR?FLEX_BUTTON_READ?BUTTON
            CODE    2E37H     0113H     UNIT         ?PR?_TK_TIMER_INIT?SOFT_TIMER
            CODE    2F4AH     0110H     UNIT         ?PR?_GPIO_WRITE?GPIO
            CODE    305AH     00FAH     UNIT         ?C_INITSEG
            CODE    3154H     00F9H     UNIT         ?PR?_PRINT_HEX?UART
            CODE    324DH     00ADH     UNIT         ?PR?__TK_TIMER_SET_START_PARAM?SOFT_TIMER
            CODE    32FAH     00A6H     UNIT         ?PR?_EV1527_STATUS_PARSE?EV1527
            CODE    33A0H     009CH     UNIT         ?PR?_COMMON_BTN_READ?REMOTE
            CODE    343CH     009CH     UNIT         ?PR?_GPIO_READ?GPIO
            CODE    34D8H     0098H     UNIT         ?PR?_TK_TIMER_DETACH?SOFT_TIMER
            CODE    3570H     0097H     UNIT         ?PR?_EV1527_DECODE_INIT?EV1527
            CODE    3607H     0093H     UNIT         ?PR?_HW_TIMER_INIT?HW_TIMER
            CODE    369AH     008CH     UNIT         ?C_C51STARTUP
            CODE    3726H     008BH     UNIT         ?PR?__TK_TIMER_FIND_NODE_TAIL?SOFT_TIMER
            CODE    37B1H     0088H     UNIT         ?PR?_CALC_CRC?REMOTE
            CODE    3839H     0083H     UNIT         ?PR?WRITE_REMOTE_PARAMS?REMOTE
            CODE    38BCH     0082H     UNIT         ?PR?READ_REMOTE_PARAMS?REMOTE
            CODE    393EH     007FH     UNIT         ?PR?_RF_POST?REMOTE
            CODE    39BDH     007EH     UNIT         ?PR?_REMOTE_POWER_LIGHT?REMOTE
            CODE    3A3BH     007DH     UNIT         ?PR?_ALLOW_RANGE?EV1527
            CODE    3AB8H     0075H     UNIT         ?PR?_TK_TIMER_FUNC_INIT?SOFT_TIMER
BL51 BANKED LINKER/LOCATER V6.22.2.0                                                  04/10/2021  00:05:08  PAGE 5


            CODE    3B2DH     0074H     UNIT         ?PR?_RCC_HW_INIT?RCC
            CODE    3BA1H     0071H     UNIT         ?PR?__TK_TIMER_INSERT_NODE_TO_LIST?SOFT_TIMER
            CODE    3C12H     006FH     UNIT         ?PR?_EEPROM_READ_N?E2PROM
            CODE    3C81H     006FH     UNIT         ?PR?TIMER0_INT?HW_TIMER
            CODE    3CF0H     006FH     UNIT         ?PR?TIMER1_INT?HW_TIMER
            CODE    3D5FH     006FH     UNIT         ?PR?TIMER3_INT?HW_TIMER
            CODE    3DCEH     006EH     UNIT         ?PR?_TIMER_LOW_HANDLE?REMOTE
            CODE    3E3CH     006BH     UNIT         ?PR?POWER_REMOTE_POST?REMOTE
            CODE    3EA7H     0063H     UNIT         ?PR?MOTOR_REMOTE_POST?REMOTE
            CODE    3F0AH     0063H     UNIT         ?PR?AIR_REMOTE_POST?REMOTE
            CODE    3F6DH     0062H     UNIT         ?PR?_E2PROM_WRITE?E2PROM
            CODE    3FCFH     005BH     UNIT         ?PR?USER_INIT?USER_MAIN
            CODE    402AH     005BH     UNIT         ?PR?_UART_HW_INIT?UART
            CODE    4085H     005BH     UNIT         ?PR?_TK_TIMER_START?SOFT_TIMER
            CODE    40E0H     005AH     UNIT         ?PR?_HW_TIMER_STOP?HW_TIMER
            CODE    413AH     0057H     UNIT         ?PR?_TIMER_MATCH_HANDLE?REMOTE
            CODE    4191H     004EH     UNIT         ?PR?HOT_REMOTE_POST?REMOTE
            CODE    41DFH     0047H     UNIT         ?PR?READ_CHIP_ID?REMOTE
            CODE    4226H     0046H     UNIT         ?PR?TIMER_REMOTE_POST?REMOTE
            CODE    426CH     0043H     UNIT         ?PR?_PRINT_STR?UART
            CODE    42AFH     0042H     UNIT         ?PR?_ADC_TRANS?ADC
            CODE    42F1H     0040H     UNIT         ?PR?BUTTON_INIT?BUTTON
            CODE    4331H     003FH     UNIT         ?PR?_ADC_HW_INIT?ADC
            CODE    4370H     003EH     UNIT         ?PR?_SOFT_TIMER_REGISTER?SOFT_TIMER
            CODE    43AEH     003EH     UNIT         ?PR?_SOFT_TIMER_START?SOFT_TIMER
            CODE    43ECH     0037H     UNIT         ?PR?_E2PROM_READ?E2PROM
            CODE    4423H     0034H     UNIT         ?PR?_HW_TIMER_HANDLE?SOFT_TIMER
            CODE    4457H     0033H     UNIT         ?PR?_ENCODE_TIMER_RESTART?EV1527
            CODE    448AH     0033H     UNIT         ?PR?_TK_TIMER_STOP?SOFT_TIMER
            CODE    44BDH     0033H     UNIT         ?PR?_TK_TIMER_CONTINUE?SOFT_TIMER
            CODE    44F0H     0032H     UNIT         ?CO?USER_MAIN
            CODE    4522H     0032H     UNIT         ?PR?_EEPROM_SECTORERASE?E2PROM
            CODE    4554H     0032H     UNIT         ?PR?_SETTIMER2BAUDRAYE?UART
            CODE    4586H     002FH     UNIT         ?PR?EV_PARAMS_RESET?EV1527
            CODE    45B5H     002EH     UNIT         ?PR?MATCH_REMOTE_POST?REMOTE
            CODE    45E3H     0027H     UNIT         ?PR?MAIN?MAIN
            CODE    460AH     0021H     UNIT         ?PR?_TK_TIMER_GET_STATE?SOFT_TIMER
            CODE    462BH     0021H     UNIT         ?PR?SOFT_TIMER_UPDATE?SOFT_TIMER
            CODE    464CH     0021H     UNIT         ?PR?_FLEX_BUTTON_EVENT_READ?BUTTON
            CODE    466DH     0020H     UNIT         ?PR?_USER_MAIN?USER_MAIN
            CODE    468DH     0020H     UNIT         ?PR?_TIMER_SLEEP_HANDLE?REMOTE
            CODE    46ADH     001FH     UNIT         ?CO?UART
            CODE    46CCH     001EH     UNIT         ?PR?REMOTE_STATUS_INIT?REMOTE
            CODE    46EAH     001CH     UNIT         ?PR?_SOFT_TIMER_STOP?SOFT_TIMER
            CODE    4706H     001AH     UNIT         ?PR?_TK_TIMER_RESTART?SOFT_TIMER
            CODE    4720H     001AH     UNIT         ?PR?_BUTTON_REGISTER?BUTTON
            CODE    473AH     001AH     UNIT         ?PR?_BUTTON_EVENT?BUTTON
            CODE    4754H     0018H     UNIT         ?PR?_TIMER_LOG_HANDLE?USER_MAIN
            CODE    476CH     0017H     UNIT         ?PR?UART1_CONFIG?UART
            CODE    4783H     0017H     UNIT         ?PR?SYS_ENTER_SLEEP?SLEEP
            CODE    479AH     0016H     UNIT         ?PR?SLEEP_TIMER_START?REMOTE
            CODE    47B0H     0014H     UNIT         ?PR?EEPROM_TRIG?E2PROM
            CODE    47C4H     0014H     UNIT         ?CO?MAIN
            CODE    47D8H     0010H     UNIT         ?PR?DISABLEEEPROM?E2PROM
            CODE    47E8H     000FH     UNIT         ?PR?_EV1527_DECODE_HANDLE?EV1527
            CODE    47F7H     000FH     UNIT         ?PR?_EV1527_ENCODE_HANDLE?EV1527
            CODE    4806H     000FH     UNIT         ?PR?GET_TIMER_TICK?SOFT_TIMER
BL51 BANKED LINKER/LOCATER V6.22.2.0                                                  04/10/2021  00:05:08  PAGE 6


            CODE    4815H     000FH     UNIT         ?PR?SOFT_TIMER_INIT?SOFT_TIMER
            CODE    4824H     000FH     UNIT         ?PR?_BTN_TIMER_LOOP?BUTTON
            CODE    4833H     000DH     UNIT         ?PR?UART1_INT?UART
            CODE    4840H     0008H     UNIT         ?PR?ENCODE_TIMER_STOP?EV1527
            CODE    4848H     0007H     UNIT         ?PR?FLEX_BUTTON_SCAN?BUTTON
            CODE    484FH     0006H     UNIT         ?PR?SOFT_TIMER_LOOP?SOFT_TIMER
            CODE    4855H     0003H     UNIT         ?PR?LOW_POWER_READ?REMOTE
            CODE    4858H     0003H     UNIT         ?PR?TIMER0_STOP?HW_TIMER
            CODE    485BH     0003H     UNIT         ?PR?TIMER1_STOP?HW_TIMER



OVERLAY MAP OF MODULE:   .\Objects\20ma_remote (?C_STARTUP)


SEGMENT
  +--> CALLED SEGMENT
---------------------
?C_C51STARTUP
  +--> ?PR?MAIN?MAIN
  +--> ?C_INITSEG

?PR?MAIN?MAIN
  +--> ?PR?_UART_HW_INIT?UART
  +--> ?CO?MAIN
  +--> ?PR?_PRINT_STR?UART
  +--> ?PR?_USER_MAIN?USER_MAIN

?PR?_UART_HW_INIT?UART
  +--> ?PR?_SETTIMER2BAUDRAYE?UART
  +--> ?PR?UART1_CONFIG?UART
  +--> ?PR?UART2_CONFIG?UART
  +--> ?CO?UART
  +--> ?PR?_PRINT_STR?UART

?PR?_USER_MAIN?USER_MAIN
  +--> ?CO?USER_MAIN
  +--> ?PR?_PRINT_STR?UART
  +--> ?PR?USER_INIT?USER_MAIN
  +--> ?PR?SOFT_TIMER_LOOP?SOFT_TIMER
  +--> ?PR?REMOTE_LOOP?REMOTE

?PR?USER_INIT?USER_MAIN
  +--> ?PR?SOFT_TIMER_INIT?SOFT_TIMER
  +--> ?PR?BUTTON_INIT?BUTTON
  +--> ?PR?REMOTE_USER_INIT?REMOTE
  +--> ?PR?_TIMER_LOG_HANDLE?USER_MAIN
  +--> ?PR?_SOFT_TIMER_REGISTER?SOFT_TIMER
  +--> ?PR?_SOFT_TIMER_START?SOFT_TIMER
  +--> ?CO?USER_MAIN
  +--> ?PR?_PRINT_STR?UART

?PR?SOFT_TIMER_INIT?SOFT_TIMER
  +--> ?PR?SOFT_TIMER_UPDATE?SOFT_TIMER
  +--> ?PR?GET_TIMER_TICK?SOFT_TIMER
  +--> ?PR?_TK_TIMER_FUNC_INIT?SOFT_TIMER

BL51 BANKED LINKER/LOCATER V6.22.2.0                                                  04/10/2021  00:05:08  PAGE 7


?PR?SOFT_TIMER_UPDATE?SOFT_TIMER
  +--> ?PR?_HW_TIMER_HANDLE?SOFT_TIMER
  +--> ?PR?_HW_TIMER_INIT?HW_TIMER

?PR?_HW_TIMER_INIT?HW_TIMER
  +--> ?PR?_TIMER0_INIT?HW_TIMER
  +--> ?PR?_TIMER1_INIT?HW_TIMER
  +--> ?PR?_TIMER3_INIT?HW_TIMER

?PR?BUTTON_INIT?BUTTON
  +--> ?PR?_BTN_TIMER_LOOP?BUTTON
  +--> ?PR?_SOFT_TIMER_REGISTER?SOFT_TIMER
  +--> ?PR?_SOFT_TIMER_START?SOFT_TIMER

?PR?_BTN_TIMER_LOOP?BUTTON
  +--> ?PR?FLEX_BUTTON_SCAN?BUTTON

?PR?FLEX_BUTTON_SCAN?BUTTON
  +--> ?PR?FLEX_BUTTON_READ?BUTTON
  +--> ?PR?FLEX_BUTTON_PROCESS?BUTTON

?PR?_SOFT_TIMER_REGISTER?SOFT_TIMER
  +--> ?PR?_TK_TIMER_INIT?SOFT_TIMER

?PR?_TK_TIMER_INIT?SOFT_TIMER
  +--> ?PR?__TK_TIMER_INSERT_NODE_TO_LIST?SO...

?PR?__TK_TIMER_INSERT_NODE_TO_LIST?SO...
  +--> ?PR?__TK_TIMER_FIND_NODE_TAIL?SOFT_TIMER

?PR?_SOFT_TIMER_START?SOFT_TIMER
  +--> ?PR?_TK_TIMER_START?SOFT_TIMER

?PR?_TK_TIMER_START?SOFT_TIMER
  +--> ?PR?__TK_TIMER_SET_START_PARAM?SOFT_T...

?PR?REMOTE_USER_INIT?REMOTE
  +--> ?PR?_GPIO_HW_INIT?GPIO
  +--> ?PR?_GPIO_WRITE?GPIO
  +--> ?PR?_ADC_HW_INIT?ADC
  +--> ?PR?_COMMON_BTN_READ?REMOTE
  +--> ?PR?_COMMON_BTN_EVT_CB?REMOTE
  +--> ?PR?_TIMER_LOW_HANDLE?REMOTE
  +--> ?PR?_SOFT_TIMER_REGISTER?SOFT_TIMER
  +--> ?PR?_TIMER_SLEEP_HANDLE?REMOTE
  +--> ?PR?_TIMER_MATCH_HANDLE?REMOTE
  +--> ?CO?REMOTE
  +--> ?PR?_PRINT_STR?UART
  +--> ?PR?REMOTE_STATUS_INIT?REMOTE

?PR?_COMMON_BTN_READ?REMOTE
  +--> ?PR?_GPIO_READ?GPIO

?PR?_COMMON_BTN_EVT_CB?REMOTE
  +--> ?PR?_BUTTON_EVENT?BUTTON
  +--> ?PR?MATCH_REMOTE_POST?REMOTE
  +--> ?CO?REMOTE
BL51 BANKED LINKER/LOCATER V6.22.2.0                                                  04/10/2021  00:05:08  PAGE 8


  +--> ?PR?_PRINT_STR?UART
  +--> ?PR?MATCH_REMOTE_STOP?REMOTE
  +--> ?PR?POWER_REMOTE_POST?REMOTE
  +--> ?PR?TIMER_REMOTE_POST?REMOTE
  +--> ?PR?SLEEP_TIMER_START?REMOTE
  +--> ?PR?MOTOR_REMOTE_POST?REMOTE
  +--> ?PR?HOT_REMOTE_POST?REMOTE
  +--> ?PR?AIR_REMOTE_POST?REMOTE

?PR?_BUTTON_EVENT?BUTTON
  +--> ?PR?_FLEX_BUTTON_EVENT_READ?BUTTON

?PR?MATCH_REMOTE_POST?REMOTE
  +--> ?PR?_GPIO_WRITE?GPIO
  +--> ?PR?_SOFT_TIMER_START?SOFT_TIMER

?PR?MATCH_REMOTE_STOP?REMOTE
  +--> ?PR?_SOFT_TIMER_STOP?SOFT_TIMER
  +--> ?PR?_GPIO_WRITE?GPIO

?PR?_SOFT_TIMER_STOP?SOFT_TIMER
  +--> ?PR?_TK_TIMER_STOP?SOFT_TIMER

?PR?POWER_REMOTE_POST?REMOTE
  +--> ?CO?REMOTE
  +--> ?PR?_PRINT_STR?UART
  +--> ?PR?_REMOTE_POWER_LIGHT?REMOTE
  +--> ?PR?WRITE_REMOTE_PARAMS?REMOTE
  +--> ?PR?_RF_POST?REMOTE

?PR?_REMOTE_POWER_LIGHT?REMOTE
  +--> ?CO?REMOTE
  +--> ?PR?_PRINT_STR?UART
  +--> ?PR?_LED_STATUS_CHANGE?REMOTE
  +--> ?PR?SLEEP_TIMER_START?REMOTE

?PR?_LED_STATUS_CHANGE?REMOTE
  +--> ?PR?LOW_POWER_READ?REMOTE
  +--> ?PR?_GPIO_WRITE?GPIO
  +--> ?PR?_SOFT_TIMER_START?SOFT_TIMER

?PR?SLEEP_TIMER_START?REMOTE
  +--> ?PR?_SOFT_TIMER_START?SOFT_TIMER

?PR?WRITE_REMOTE_PARAMS?REMOTE
  +--> ?PR?_CALC_CRC?REMOTE
  +--> ?PR?_PRINT_HEX?UART
  +--> ?PR?_E2PROM_WRITE?E2PROM
  +--> ?CO?REMOTE
  +--> ?PR?_PRINT_STR?UART

?PR?_E2PROM_WRITE?E2PROM
  +--> ?PR?_EEPROM_SECTORERASE?E2PROM
  +--> ?PR?_EEPROM_WRITE_N?E2PROM

?PR?_EEPROM_SECTORERASE?E2PROM
  +--> ?PR?EEPROM_TRIG?E2PROM
BL51 BANKED LINKER/LOCATER V6.22.2.0                                                  04/10/2021  00:05:08  PAGE 9


  +--> ?PR?DISABLEEEPROM?E2PROM

?PR?_EEPROM_WRITE_N?E2PROM
  +--> ?PR?EEPROM_TRIG?E2PROM
  +--> ?PR?DISABLEEEPROM?E2PROM

?PR?_RF_POST?REMOTE
  +--> ?PR?_CALC_CRC?REMOTE
  +--> ?PR?_IO_WRTIE?REMOTE
  +--> ?PR?_EV1527_ENCODE_POST?EV1527

?PR?_IO_WRTIE?REMOTE
  +--> ?PR?_GPIO_WRITE?GPIO

?PR?_EV1527_ENCODE_POST?EV1527
  +--> ?PR?_ENCODE_TIMER_RESTART?EV1527
  +--> ?PR?ENCODE_TIMER_STOP?EV1527

?PR?_ENCODE_TIMER_RESTART?EV1527
  +--> ?PR?_EV1527_ENCODE_HANDLE?EV1527
  +--> ?PR?_HW_TIMER_INIT?HW_TIMER

?PR?_EV1527_ENCODE_HANDLE?EV1527
  +--> ?PR?EV1527_ENCODE?EV1527

?PR?ENCODE_TIMER_STOP?EV1527
  +--> ?PR?_HW_TIMER_STOP?HW_TIMER

?PR?_HW_TIMER_STOP?HW_TIMER
  +--> ?PR?TIMER0_STOP?HW_TIMER
  +--> ?PR?TIMER1_STOP?HW_TIMER
  +--> ?PR?TIMER3_STOP?HW_TIMER

?PR?TIMER_REMOTE_POST?REMOTE
  +--> ?CO?REMOTE
  +--> ?PR?_PRINT_STR?UART
  +--> ?PR?_LED_STATUS_CHANGE?REMOTE
  +--> ?PR?_RF_POST?REMOTE

?PR?MOTOR_REMOTE_POST?REMOTE
  +--> ?CO?REMOTE
  +--> ?PR?_PRINT_STR?UART
  +--> ?PR?_LED_STATUS_CHANGE?REMOTE
  +--> ?PR?WRITE_REMOTE_PARAMS?REMOTE
  +--> ?PR?_RF_POST?REMOTE

?PR?HOT_REMOTE_POST?REMOTE
  +--> ?CO?REMOTE
  +--> ?PR?_PRINT_STR?UART
  +--> ?PR?_LED_STATUS_CHANGE?REMOTE
  +--> ?PR?WRITE_REMOTE_PARAMS?REMOTE
  +--> ?PR?_RF_POST?REMOTE

?PR?AIR_REMOTE_POST?REMOTE
  +--> ?CO?REMOTE
  +--> ?PR?_PRINT_STR?UART
  +--> ?PR?_LED_STATUS_CHANGE?REMOTE
BL51 BANKED LINKER/LOCATER V6.22.2.0                                                  04/10/2021  00:05:08  PAGE 10


  +--> ?PR?WRITE_REMOTE_PARAMS?REMOTE
  +--> ?PR?_RF_POST?REMOTE

?PR?_TIMER_LOW_HANDLE?REMOTE
  +--> ?CO?REMOTE
  +--> ?PR?_PRINT_STR?UART
  +--> ?PR?_GPIO_WRITE?GPIO
  +--> ?PR?_SOFT_TIMER_STOP?SOFT_TIMER

?PR?_TIMER_SLEEP_HANDLE?REMOTE
  +--> ?CO?REMOTE
  +--> ?PR?_PRINT_STR?UART
  +--> ?PR?_REMOTE_POWER_LIGHT?REMOTE

?PR?_TIMER_MATCH_HANDLE?REMOTE
  +--> ?CO?REMOTE
  +--> ?PR?_PRINT_STR?UART
  +--> ?PR?_GPIO_WRITE?GPIO
  +--> ?PR?_RF_POST?REMOTE

?PR?REMOTE_STATUS_INIT?REMOTE
  +--> ?PR?READ_CHIP_ID?REMOTE
  +--> ?PR?READ_REMOTE_PARAMS?REMOTE
  +--> ?PR?_REMOTE_POWER_LIGHT?REMOTE

?PR?READ_CHIP_ID?REMOTE
  +--> ?PR?_PRINT_HEX?UART

?PR?READ_REMOTE_PARAMS?REMOTE
  +--> ?PR?_E2PROM_READ?E2PROM
  +--> ?PR?_PRINT_HEX?UART
  +--> ?PR?_CALC_CRC?REMOTE
  +--> ?CO?REMOTE
  +--> ?PR?_PRINT_STR?UART

?PR?_E2PROM_READ?E2PROM
  +--> ?PR?_EEPROM_READ_N?E2PROM

?PR?_EEPROM_READ_N?E2PROM
  +--> ?PR?EEPROM_TRIG?E2PROM
  +--> ?PR?DISABLEEEPROM?E2PROM

?PR?_TIMER_LOG_HANDLE?USER_MAIN
  +--> ?PR?POWER_REMOTE_POST?REMOTE
  +--> ?CO?USER_MAIN
  +--> ?PR?_PRINT_STR?UART

?PR?SOFT_TIMER_LOOP?SOFT_TIMER
  +--> ?PR?TK_TIMER_LOOP_HANDLER?SOFT_TIMER

?PR?TK_TIMER_LOOP_HANDLER?SOFT_TIMER
  +--> ?PR?_TK_TIMER_RESTART?SOFT_TIMER

?PR?_TK_TIMER_RESTART?SOFT_TIMER
  +--> ?PR?__TK_TIMER_SET_START_PARAM?SOFT_T...


BL51 BANKED LINKER/LOCATER V6.22.2.0                                                  04/10/2021  00:05:08  PAGE 11



SYMBOL TABLE OF MODULE:  .\Objects\20ma_remote (?C_STARTUP)

  VALUE           TYPE          NAME
  ----------------------------------

  -------         MODULE        ?C_STARTUP
  C:369AH         SEGMENT       ?C_C51STARTUP
  I:0021H         SEGMENT       ?STACK
  C:0000H         PUBLIC        ?C_STARTUP
  D:00E0H         SYMBOL        ACC
  D:00F0H         SYMBOL        B
  D:0083H         SYMBOL        DPH
  D:0082H         SYMBOL        DPL
  N:0000H         SYMBOL        IBPSTACK
  N:0100H         SYMBOL        IBPSTACKTOP
  N:0080H         SYMBOL        IDATALEN
  C:369DH         SYMBOL        IDATALOOP
  N:0000H         SYMBOL        PBPSTACK
  N:0100H         SYMBOL        PBPSTACKTOP
  N:0000H         SYMBOL        PDATALEN
  N:0000H         SYMBOL        PDATASTART
  N:0000H         SYMBOL        PPAGE
  N:0000H         SYMBOL        PPAGEENABLE
  D:00A0H         SYMBOL        PPAGE_SFR
  D:0081H         SYMBOL        SP
  C:369AH         SYMBOL        STARTUP1
  N:0000H         SYMBOL        XBPSTACK
  N:0000H         SYMBOL        XBPSTACKTOP
  N:0000H         SYMBOL        XDATALEN
  N:0000H         SYMBOL        XDATASTART
  C:0000H         LINE#         126
  C:369AH         LINE#         133
  C:369CH         LINE#         134
  C:369DH         LINE#         135
  C:369EH         LINE#         136
  C:36A0H         LINE#         185
  C:36A3H         LINE#         196
  -------         ENDMOD        ?C_STARTUP

  -------         MODULE        USER_MAIN
  C:0000H         SYMBOL        _ICE_DUMMY_
  C:4754H         SYMBOL        _timer_log_handle
  X:01A1H         SYMBOL        timer_log
  C:466DH         PUBLIC        _user_main
  C:3FCFH         SYMBOL        user_init
  -------         PROC          _TIMER_LOG_HANDLE
  X:026BH         SYMBOL        timer
  C:4754H         LINE#         37
  C:475FH         LINE#         38
  C:475FH         LINE#         39
  C:4762H         LINE#         40
  C:476BH         LINE#         41
  -------         ENDPROC       _TIMER_LOG_HANDLE
  -------         PROC          USER_INIT
  -------         DO            
  X:02C5H         SYMBOL        ret
BL51 BANKED LINKER/LOCATER V6.22.2.0                                                  04/10/2021  00:05:08  PAGE 12


  -------         ENDDO         
  C:3FCFH         LINE#         43
  C:3FCFH         LINE#         44
  C:3FCFH         LINE#         45
  C:3FD7H         LINE#         47
  C:3FDAH         LINE#         49
  C:3FDDH         LINE#         51
  C:3FE0H         LINE#         53
  C:4006H         LINE#         54
  C:401BH         LINE#         56
  C:4024H         LINE#         58
  C:4029H         LINE#         59
  -------         ENDPROC       USER_INIT
  -------         PROC          _USER_MAIN
  X:026EH         SYMBOL        p
  C:466DH         LINE#         68
  C:4678H         LINE#         69
  C:4678H         LINE#         70
  C:4681H         LINE#         72
  C:4684H         LINE#         74
  C:4684H         LINE#         76
  C:4687H         LINE#         78
  C:468AH         LINE#         79
  -------         ENDPROC       _USER_MAIN
  -------         ENDMOD        USER_MAIN

  -------         MODULE        REMOTE
  C:0000H         SYMBOL        _ICE_DUMMY_
  C:393EH         PUBLIC        _rf_post
  C:3839H         SYMBOL        write_remote_params
  C:1C32H         SYMBOL        _led_status_change
  C:1FE8H         SYMBOL        _common_btn_evt_cb
  X:0004H         SYMBOL        match_timer
  C:39BDH         PUBLIC        _remote_power_light
  X:0018H         SYMBOL        sleep_timer
  C:3DCEH         SYMBOL        _timer_low_handle
  C:0026H         SYMBOL        match_remote_stop
  C:45B5H         SYMBOL        match_remote_post
  C:001AH         PUBLIC        remote_loop
  C:37B1H         SYMBOL        _calc_crc
  C:46CCH         SYMBOL        remote_status_init
  C:33A0H         SYMBOL        _common_btn_read
  C:479AH         SYMBOL        sleep_timer_start
  X:002CH         SYMBOL        e2_buf
  X:0032H         SYMBOL        rmt_params
  C:4226H         SYMBOL        timer_remote_post
  X:0042H         SYMBOL        user_button
  C:1653H         PUBLIC        remote_user_init
  C:3E3CH         PUBLIC        power_remote_post
  X:00C9H         SYMBOL        key
  C:3EA7H         SYMBOL        motor_remote_post
  C:41DFH         SYMBOL        read_chip_id
  X:00CDH         SYMBOL        motor_map
  C:3F0AH         SYMBOL        air_remote_post
  X:00DFH         SYMBOL        low_timer
  X:00F3H         SYMBOL        air_map
  C:4855H         SYMBOL        low_power_read
BL51 BANKED LINKER/LOCATER V6.22.2.0                                                  04/10/2021  00:05:08  PAGE 13


  C:413AH         SYMBOL        _timer_match_handle
  C:4191H         SYMBOL        hot_remote_post
  C:0086H         SYMBOL        _io_wrtie
  X:0105H         SYMBOL        hot_map
  C:468DH         SYMBOL        _timer_sleep_handle
  C:38BCH         SYMBOL        read_remote_params
  -------         PROC          _IO_WRTIE
  X:02CFH         SYMBOL        level
  C:0086H         LINE#         121
  C:008BH         LINE#         122
  C:008BH         LINE#         123
  C:0097H         LINE#         125
  C:0099H         LINE#         126
  -------         ENDPROC       _IO_WRTIE
  -------         PROC          _CALC_CRC
  X:01C0H         SYMBOL        buf
  X:01C3H         SYMBOL        len
  -------         DO            
  X:01C5H         SYMBOL        i
  X:01C7H         SYMBOL        crc
  -------         ENDDO         
  C:37B1H         LINE#         128
  C:37C4H         LINE#         129
  C:37C4H         LINE#         130
  C:37CCH         LINE#         131
  C:37D4H         LINE#         132
  C:37F3H         LINE#         133
  C:381CH         LINE#         134
  C:382CH         LINE#         136
  C:3838H         LINE#         137
  -------         ENDPROC       _CALC_CRC
  -------         PROC          _RF_POST
  X:0271H         SYMBOL        mode
  X:0272H         SYMBOL        level
  -------         DO            
  X:0273H         SYMBOL        ret
  -------         ENDDO         
  C:393EH         LINE#         141
  C:3948H         LINE#         142
  C:3948H         LINE#         151
  C:394EH         LINE#         152
  C:3958H         LINE#         153
  C:3962H         LINE#         154
  C:3974H         LINE#         156
  C:39BCH         LINE#         158
  -------         ENDPROC       _RF_POST
  -------         PROC          _TIMER_LOW_HANDLE
  X:0274H         SYMBOL        timer
  C:3DCEH         LINE#         160
  C:3DD9H         LINE#         161
  C:3DD9H         LINE#         162
  C:3DE2H         LINE#         164
  C:3DF1H         LINE#         165
  C:3DF1H         LINE#         166
  C:3DFAH         LINE#         167
  C:3DFCH         LINE#         169
  C:3DFCH         LINE#         170
BL51 BANKED LINKER/LOCATER V6.22.2.0                                                  04/10/2021  00:05:08  PAGE 14


  C:3E05H         LINE#         171
  C:3E05H         LINE#         173
  C:3E0BH         LINE#         175
  C:3E1DH         LINE#         176
  C:3E1DH         LINE#         177
  C:3E32H         LINE#         178
  C:3E3BH         LINE#         179
  C:3E3BH         LINE#         180
  -------         ENDPROC       _TIMER_LOW_HANDLE
  -------         PROC          LOW_POWER_READ
  C:4855H         LINE#         182
  C:4855H         LINE#         183
  C:4855H         LINE#         192
  C:4857H         LINE#         193
  -------         ENDPROC       LOW_POWER_READ
  -------         PROC          _LED_STATUS_CHANGE
  X:02C7H         SYMBOL        mode
  X:02C8H         SYMBOL        level
  -------         DO            
  X:0000H         SYMBOL        i
  -------         ENDDO         
  C:1C32H         LINE#         195
  C:1C3CH         LINE#         196
  C:1C3CH         LINE#         199
  C:1C58H         LINE#         200
  C:1C58H         LINE#         201
  C:1C58H         LINE#         203
  C:1C63H         LINE#         204
  C:1C63H         LINE#         205
  C:1C6CH         LINE#         206
  C:1C71H         LINE#         207
  C:1C86H         LINE#         208
  C:1C87H         LINE#         210
  C:1C87H         LINE#         211
  C:1C9CH         LINE#         212
  C:1C9CH         LINE#         213
  C:1C9DH         LINE#         215
  C:1C9DH         LINE#         217
  C:1CB2H         LINE#         218
  C:1CB3H         LINE#         220
  C:1CB3H         LINE#         222
  C:1CCDH         LINE#         223
  C:1CCDH         LINE#         224
  C:1D27H         LINE#         225
  C:1D2FH         LINE#         226
  C:1D30H         LINE#         228
  C:1D30H         LINE#         230
  C:1D4AH         LINE#         231
  C:1D4AH         LINE#         232
  C:1DA4H         LINE#         233
  C:1DACH         LINE#         234
  C:1DADH         LINE#         236
  C:1DADH         LINE#         238
  C:1DC4H         LINE#         239
  C:1DC4H         LINE#         240
  C:1E1EH         LINE#         241
  C:1E26H         LINE#         242
BL51 BANKED LINKER/LOCATER V6.22.2.0                                                  04/10/2021  00:05:08  PAGE 15


  C:1E26H         LINE#         244
  C:1E26H         LINE#         245
  C:1E26H         LINE#         246
  C:1E26H         LINE#         247
  -------         ENDPROC       _LED_STATUS_CHANGE
  -------         PROC          MOTOR_REMOTE_POST
  C:3EA7H         LINE#         249
  C:3EA7H         LINE#         250
  C:3EA7H         LINE#         251
  C:3EB4H         LINE#         252
  C:3EB4H         LINE#         253
  C:3EBEH         LINE#         255
  C:3EBEH         LINE#         257
  C:3EC9H         LINE#         258
  C:3EC9H         LINE#         259
  C:3ED3H         LINE#         261
  C:3ED3H         LINE#         263
  C:3EE5H         LINE#         264
  C:3EE5H         LINE#         265
  C:3EEAH         LINE#         266
  C:3EECH         LINE#         268
  C:3EECH         LINE#         269
  C:3EF2H         LINE#         270
  C:3EF2H         LINE#         272
  C:3EFCH         LINE#         273
  C:3EFFH         LINE#         274
  C:3F09H         LINE#         275
  -------         ENDPROC       MOTOR_REMOTE_POST
  -------         PROC          AIR_REMOTE_POST
  C:3F0AH         LINE#         277
  C:3F0AH         LINE#         278
  C:3F0AH         LINE#         279
  C:3F17H         LINE#         280
  C:3F17H         LINE#         281
  C:3F21H         LINE#         283
  C:3F21H         LINE#         285
  C:3F2CH         LINE#         286
  C:3F2CH         LINE#         287
  C:3F36H         LINE#         289
  C:3F36H         LINE#         291
  C:3F48H         LINE#         292
  C:3F48H         LINE#         293
  C:3F4DH         LINE#         294
  C:3F4FH         LINE#         296
  C:3F4FH         LINE#         297
  C:3F55H         LINE#         298
  C:3F55H         LINE#         300
  C:3F5FH         LINE#         301
  C:3F62H         LINE#         302
  C:3F6CH         LINE#         303
  -------         ENDPROC       AIR_REMOTE_POST
  -------         PROC          HOT_REMOTE_POST
  C:4191H         LINE#         305
  C:4191H         LINE#         306
  C:4191H         LINE#         307
  C:419EH         LINE#         308
  C:419EH         LINE#         309
BL51 BANKED LINKER/LOCATER V6.22.2.0                                                  04/10/2021  00:05:08  PAGE 16


  C:41A8H         LINE#         311
  C:41A8H         LINE#         313
  C:41BAH         LINE#         314
  C:41BAH         LINE#         315
  C:41BFH         LINE#         316
  C:41C1H         LINE#         318
  C:41C1H         LINE#         319
  C:41C7H         LINE#         320
  C:41C7H         LINE#         322
  C:41D1H         LINE#         323
  C:41D4H         LINE#         324
  C:41DEH         LINE#         325
  -------         ENDPROC       HOT_REMOTE_POST
  -------         PROC          _REMOTE_POWER_LIGHT
  X:02D0H         SYMBOL        level
  C:39BDH         LINE#         327
  C:39C2H         LINE#         328
  C:39C2H         LINE#         329
  C:39CFH         LINE#         330
  C:39CFH         LINE#         331
  C:39D8H         LINE#         332
  C:39E2H         LINE#         333
  C:39ECH         LINE#         334
  C:39F6H         LINE#         335
  C:3A00H         LINE#         336
  C:3A0AH         LINE#         338
  C:3A0DH         LINE#         339
  C:3A0EH         LINE#         341
  C:3A0EH         LINE#         342
  C:3A17H         LINE#         343
  C:3A1EH         LINE#         344
  C:3A25H         LINE#         345
  C:3A2CH         LINE#         346
  C:3A33H         LINE#         347
  C:3A3AH         LINE#         348
  C:3A3AH         LINE#         349
  -------         ENDPROC       _REMOTE_POWER_LIGHT
  -------         PROC          POWER_REMOTE_POST
  C:3E3CH         LINE#         351
  C:3E3CH         LINE#         352
  C:3E3CH         LINE#         353
  C:3E56H         LINE#         354
  C:3E56H         LINE#         355
  C:3E5FH         LINE#         356
  C:3E64H         LINE#         357
  C:3E6CH         LINE#         358
  C:3E6DH         LINE#         360
  C:3E6DH         LINE#         361
  C:3E72H         LINE#         362
  C:3E7FH         LINE#         363
  C:3E7FH         LINE#         364
  C:3E84H         LINE#         365
  C:3E89H         LINE#         366
  C:3E8BH         LINE#         368
  C:3E8BH         LINE#         369
  C:3E91H         LINE#         370
  C:3E91H         LINE#         373
BL51 BANKED LINKER/LOCATER V6.22.2.0                                                  04/10/2021  00:05:08  PAGE 17


  C:3E99H         LINE#         374
  C:3E9CH         LINE#         375
  C:3EA6H         LINE#         376
  C:3EA6H         LINE#         377
  -------         ENDPROC       POWER_REMOTE_POST
  -------         PROC          TIMER_REMOTE_POST
  C:4226H         LINE#         379
  C:4226H         LINE#         380
  C:4226H         LINE#         381
  C:4233H         LINE#         382
  C:4233H         LINE#         383
  C:423DH         LINE#         385
  C:423DH         LINE#         387
  C:424AH         LINE#         388
  C:424AH         LINE#         389
  C:424FH         LINE#         390
  C:4251H         LINE#         392
  C:4251H         LINE#         393
  C:4257H         LINE#         394
  C:4257H         LINE#         396
  C:4261H         LINE#         398
  C:426BH         LINE#         399
  -------         ENDPROC       TIMER_REMOTE_POST
  -------         PROC          MATCH_REMOTE_POST
  C:45B5H         LINE#         401
  C:45B5H         LINE#         402
  C:45B5H         LINE#         403
  C:45BEH         LINE#         404
  C:45C7H         LINE#         405
  C:45CDH         LINE#         406
  C:45E2H         LINE#         407
  -------         ENDPROC       MATCH_REMOTE_POST
  -------         PROC          MATCH_REMOTE_STOP
  C:0026H         LINE#         409
  C:0026H         LINE#         410
  C:0026H         LINE#         411
  C:0031H         LINE#         412
  C:0031H         LINE#         414
  C:0031H         LINE#         416
  C:0036H         LINE#         417
  C:003FH         LINE#         418
  C:0048H         LINE#         419
  C:0051H         LINE#         420
  -------         ENDPROC       MATCH_REMOTE_STOP
  -------         PROC          READ_CHIP_ID
  -------         DO            
  X:0277H         SYMBOL        id_buf
  -------         ENDDO         
  C:41DFH         LINE#         422
  C:41DFH         LINE#         423
  C:41DFH         LINE#         426
  C:41F0H         LINE#         428
  C:421AH         LINE#         430
  C:4225H         LINE#         431
  -------         ENDPROC       READ_CHIP_ID
  -------         PROC          READ_REMOTE_PARAMS
  C:38BCH         LINE#         436
BL51 BANKED LINKER/LOCATER V6.22.2.0                                                  04/10/2021  00:05:08  PAGE 18


  C:38BCH         LINE#         437
  C:38BCH         LINE#         438
  C:38CBH         LINE#         439
  C:38E1H         LINE#         441
  C:38ECH         LINE#         443
  C:3902H         LINE#         444
  C:3902H         LINE#         445
  C:390CH         LINE#         447
  C:390CH         LINE#         449
  C:3916H         LINE#         451
  C:3920H         LINE#         452
  C:392AH         LINE#         453
  C:3934H         LINE#         455
  C:393DH         LINE#         456
  -------         ENDPROC       READ_REMOTE_PARAMS
  -------         PROC          WRITE_REMOTE_PARAMS
  C:3839H         LINE#         458
  C:3839H         LINE#         459
  C:3839H         LINE#         460
  C:3848H         LINE#         462
  C:3852H         LINE#         464
  C:385CH         LINE#         465
  C:3866H         LINE#         466
  C:3870H         LINE#         467
  C:3882H         LINE#         469
  C:388DH         LINE#         471
  C:38A9H         LINE#         472
  C:38A9H         LINE#         473
  C:38B2H         LINE#         474
  C:38B2H         LINE#         476
  C:38BBH         LINE#         477
  -------         ENDPROC       WRITE_REMOTE_PARAMS
  -------         PROC          REMOTE_STATUS_INIT
  C:46CCH         LINE#         479
  C:46CCH         LINE#         480
  C:46CCH         LINE#         481
  C:46DBH         LINE#         484
  C:46DEH         LINE#         486
  C:46E1H         LINE#         487
  C:46E9H         LINE#         488
  -------         ENDPROC       REMOTE_STATUS_INIT
  -------         PROC          _COMMON_BTN_READ
  X:020AH         SYMBOL        arg
  -------         DO            
  X:020DH         SYMBOL        value
  X:020EH         SYMBOL        btn
  -------         ENDDO         
  C:33A0H         LINE#         490
  C:33ABH         LINE#         491
  C:33ABH         LINE#         492
  C:33B0H         LINE#         494
  C:33C6H         LINE#         496
  C:33F2H         LINE#         497
  C:33F2H         LINE#         498
  C:33F2H         LINE#         499
  C:33FEH         LINE#         500
  C:3400H         LINE#         502
BL51 BANKED LINKER/LOCATER V6.22.2.0                                                  04/10/2021  00:05:08  PAGE 19


  C:3400H         LINE#         503
  C:340CH         LINE#         504
  C:340EH         LINE#         506
  C:340EH         LINE#         507
  C:341AH         LINE#         508
  C:341CH         LINE#         510
  C:341CH         LINE#         511
  C:3428H         LINE#         512
  C:342AH         LINE#         514
  C:342AH         LINE#         515
  C:3436H         LINE#         516
  C:3436H         LINE#         518
  C:3436H         LINE#         519
  C:3436H         LINE#         520
  C:3436H         LINE#         522
  C:343BH         LINE#         523
  -------         ENDPROC       _COMMON_BTN_READ
  -------         PROC          SLEEP_TIMER_START
  C:479AH         LINE#         525
  C:479AH         LINE#         526
  C:479AH         LINE#         527
  C:47AFH         LINE#         528
  -------         ENDPROC       SLEEP_TIMER_START
  -------         PROC          _COMMON_BTN_EVT_CB
  X:027AH         SYMBOL        arg
  -------         DO            
  X:0001H         SYMBOL        btn
  -------         ENDDO         
  C:1FE8H         LINE#         530
  C:1FF3H         LINE#         531
  C:1FF3H         LINE#         534
  C:2009H         LINE#         536
  C:204DH         LINE#         540
  C:204DH         LINE#         541
  C:2050H         LINE#         542
  C:2059H         LINE#         543
  C:2059H         LINE#         545
  C:209DH         LINE#         549
  C:209DH         LINE#         550
  C:20A0H         LINE#         551
  C:20A9H         LINE#         552
  C:20A9H         LINE#         554
  C:20BAH         LINE#         555
  C:20BAH         LINE#         556
  C:20BDH         LINE#         557
  C:20C6H         LINE#         558
  C:20C6H         LINE#         560
  C:20DEH         LINE#         561
  C:20DEH         LINE#         562
  C:20E8H         LINE#         564
  C:20E8H         LINE#         566
  C:20F9H         LINE#         567
  C:20F9H         LINE#         568
  C:20FCH         LINE#         569
  C:20FFH         LINE#         570
  C:2108H         LINE#         571
  C:2108H         LINE#         573
BL51 BANKED LINKER/LOCATER V6.22.2.0                                                  04/10/2021  00:05:08  PAGE 20


  C:2119H         LINE#         574
  C:2119H         LINE#         575
  C:211CH         LINE#         576
  C:211FH         LINE#         577
  C:2128H         LINE#         578
  C:2128H         LINE#         580
  C:2139H         LINE#         581
  C:2139H         LINE#         582
  C:213CH         LINE#         583
  C:213FH         LINE#         584
  C:2148H         LINE#         585
  C:2148H         LINE#         587
  C:2159H         LINE#         588
  C:2159H         LINE#         589
  C:215CH         LINE#         590
  C:215FH         LINE#         591
  C:2168H         LINE#         592
  C:2168H         LINE#         593
  -------         ENDPROC       _COMMON_BTN_EVT_CB
  -------         PROC          _TIMER_SLEEP_HANDLE
  X:027DH         SYMBOL        timer
  C:468DH         LINE#         595
  C:4698H         LINE#         596
  C:4698H         LINE#         597
  C:46A1H         LINE#         600
  C:46A6H         LINE#         601
  C:46ACH         LINE#         602
  -------         ENDPROC       _TIMER_SLEEP_HANDLE
  -------         PROC          _TIMER_MATCH_HANDLE
  X:0280H         SYMBOL        timer
  C:413AH         LINE#         604
  C:4145H         LINE#         605
  C:4145H         LINE#         606
  C:414EH         LINE#         608
  C:415DH         LINE#         609
  C:415DH         LINE#         610
  C:4166H         LINE#         611
  C:416FH         LINE#         612
  C:4171H         LINE#         614
  C:4171H         LINE#         615
  C:417AH         LINE#         616
  C:4183H         LINE#         617
  C:4183H         LINE#         619
  C:4189H         LINE#         620
  C:4190H         LINE#         621
  -------         ENDPROC       _TIMER_MATCH_HANDLE
  -------         PROC          REMOTE_USER_INIT
  -------         DO            
  X:02D1H         SYMBOL        i
  -------         ENDDO         
  C:1653H         LINE#         623
  C:1653H         LINE#         624
  C:1653H         LINE#         625
  C:1658H         LINE#         628
  C:1661H         LINE#         629
  C:166AH         LINE#         630
  C:1673H         LINE#         631
BL51 BANKED LINKER/LOCATER V6.22.2.0                                                  04/10/2021  00:05:08  PAGE 21


  C:167CH         LINE#         632
  C:1685H         LINE#         635
  C:168EH         LINE#         636
  C:1697H         LINE#         639
  C:16A0H         LINE#         640
  C:16A9H         LINE#         641
  C:16B2H         LINE#         642
  C:16BBH         LINE#         644
  C:16D5H         LINE#         645
  C:16D5H         LINE#         646
  C:1704H         LINE#         647
  C:1733H         LINE#         648
  C:1762H         LINE#         649
  C:1791H         LINE#         650
  C:17C0H         LINE#         651
  C:17EFH         LINE#         652
  C:17F8H         LINE#         655
  C:17FDH         LINE#         657
  C:180CH         LINE#         659
  C:1826H         LINE#         660
  C:1826H         LINE#         661
  C:1840H         LINE#         662
  C:1861H         LINE#         663
  C:1882H         LINE#         664
  C:1898H         LINE#         665
  C:18B1H         LINE#         666
  C:18CAH         LINE#         667
  C:18E3H         LINE#         670
  C:18ECH         LINE#         672
  C:1912H         LINE#         673
  C:1938H         LINE#         674
  C:195EH         LINE#         676
  C:1967H         LINE#         678
  C:196AH         LINE#         679
  -------         ENDPROC       REMOTE_USER_INIT
  -------         PROC          REMOTE_LOOP
  C:001AH         LINE#         681
  C:001AH         LINE#         682
  C:001AH         LINE#         684
  -------         ENDPROC       REMOTE_LOOP
  -------         ENDMOD        REMOTE

  -------         MODULE        E2PROM
  C:0000H         SYMBOL        _ICE_DUMMY_
  D:0080H         PUBLIC        P0
  D:0090H         PUBLIC        P1
  D:00A0H         PUBLIC        P2
  D:00B0H         PUBLIC        P3
  C:47D8H         SYMBOL        DisableEEPROM
  D:00C0H         PUBLIC        P4
  D:00C8H         PUBLIC        P5
  D:00E8H         PUBLIC        P6
  B:00A8H.7       PUBLIC        EA
  D:00F8H         PUBLIC        P7
  D:00A8H         PUBLIC        IE
  D:00C5H         PUBLIC        IAP_CMD
  C:4522H         SYMBOL        _EEPROM_SectorErase
BL51 BANKED LINKER/LOCATER V6.22.2.0                                                  04/10/2021  00:05:08  PAGE 22


  C:3C12H         SYMBOL        _EEPROM_read_n
  D:00B8H         PUBLIC        IP
  D:00C3H         PUBLIC        IAP_ADDRH
  D:00C4H         PUBLIC        IAP_ADDRL
  C:26FFH         SYMBOL        _EEPROM_write_n
  C:0022H         PUBLIC        e2prom_hw_init
  D:00F5H         PUBLIC        IAP_TPS
  D:0098H         PUBLIC        SCON
  D:0088H         PUBLIC        TCON
  C:47B0H         SYMBOL        EEPROM_Trig
  D:00C7H         PUBLIC        IAP_CONTR
  D:00C2H         PUBLIC        IAP_DATA
  C:43ECH         PUBLIC        _e2prom_read
  C:3F6DH         PUBLIC        _e2prom_write
  D:00C6H         PUBLIC        IAP_TRIG
  B:00D0H.5       PUBLIC        F0
  D:00D0H         PUBLIC        PSW
  -------         PROC          DISABLEEEPROM
  C:47D8H         LINE#         49
  C:47D8H         LINE#         50
  C:47D8H         LINE#         51
  C:47DBH         LINE#         52
  C:47DEH         LINE#         53
  C:47E1H         LINE#         54
  C:47E4H         LINE#         55
  C:47E7H         LINE#         56
  -------         ENDPROC       DISABLEEEPROM
  -------         PROC          EEPROM_TRIG
  C:47B0H         LINE#         65
  C:47B0H         LINE#         66
  C:47B0H         LINE#         67
  C:47B4H         LINE#         68
  C:47B6H         LINE#         69
  C:47B9H         LINE#         70
  C:47BCH         LINE#         73
  C:47BDH         LINE#         74
  C:47BEH         LINE#         75
  C:47BFH         LINE#         76
  C:47C3H         LINE#         77
  -------         ENDPROC       EEPROM_TRIG
  -------         PROC          _EEPROM_SECTORERASE
  X:02C9H         SYMBOL        EE_address
  C:4522H         LINE#         86
  C:452AH         LINE#         87
  C:452AH         LINE#         88
  C:4530H         LINE#         89
  C:4533H         LINE#         92
  C:4541H         LINE#         93
  C:454DH         LINE#         94
  C:4550H         LINE#         95
  C:4553H         LINE#         96
  -------         ENDPROC       _EEPROM_SECTORERASE
  -------         PROC          _EEPROM_READ_N
  X:0226H         SYMBOL        EE_address
  X:0228H         SYMBOL        DataAddress
  X:022BH         SYMBOL        length
  C:3C12H         LINE#         107
BL51 BANKED LINKER/LOCATER V6.22.2.0                                                  04/10/2021  00:05:08  PAGE 23


  C:3C25H         LINE#         108
  C:3C25H         LINE#         109
  C:3C2BH         LINE#         110
  C:3C2EH         LINE#         112
  C:3C2EH         LINE#         113
  C:3C3CH         LINE#         114
  C:3C48H         LINE#         115
  C:3C4BH         LINE#         116
  C:3C5BH         LINE#         117
  C:3C69H         LINE#         118
  C:3C73H         LINE#         119
  C:3C7DH         LINE#         121
  C:3C80H         LINE#         122
  -------         ENDPROC       _EEPROM_READ_N
  -------         PROC          _EEPROM_WRITE_N
  X:0232H         SYMBOL        EE_address
  X:0234H         SYMBOL        DataAddress
  X:0237H         SYMBOL        length
  -------         DO            
  X:022CH         SYMBOL        i
  X:022DH         SYMBOL        j
  X:022FH         SYMBOL        p
  -------         ENDDO         
  C:26FFH         LINE#         134
  C:2712H         LINE#         135
  C:2712H         LINE#         140
  C:2720H         LINE#         142
  C:2726H         LINE#         143
  C:2730H         LINE#         144
  C:2740H         LINE#         145
  C:2756H         LINE#         146
  C:2759H         LINE#         148
  C:2759H         LINE#         149
  C:2767H         LINE#         150
  C:2773H         LINE#         151
  C:2784H         LINE#         152
  C:2787H         LINE#         153
  C:2795H         LINE#         154
  C:279FH         LINE#         155
  C:27A9H         LINE#         157
  C:27B9H         LINE#         158
  C:27C3H         LINE#         159
  C:27D9H         LINE#         160
  C:27DEH         LINE#         161
  C:27E1H         LINE#         163
  C:27E1H         LINE#         164
  C:27EFH         LINE#         165
  C:27FBH         LINE#         166
  C:27FEH         LINE#         167
  C:2812H         LINE#         168
  C:2812H         LINE#         169
  C:2818H         LINE#         170
  C:281AH         LINE#         171
  C:281AH         LINE#         172
  C:2828H         LINE#         173
  C:2832H         LINE#         174
  C:283CH         LINE#         176
BL51 BANKED LINKER/LOCATER V6.22.2.0                                                  04/10/2021  00:05:08  PAGE 24


  C:283FH         LINE#         177
  C:2844H         LINE#         178
  -------         ENDPROC       _EEPROM_WRITE_N
  -------         PROC          E2PROM_HW_INIT
  C:0022H         LINE#         180
  C:0022H         LINE#         181
  C:0022H         LINE#         183
  -------         ENDPROC       E2PROM_HW_INIT
  -------         PROC          _E2PROM_READ
  X:0211H         SYMBOL        addr
  X:0213H         SYMBOL        buf
  X:0216H         SYMBOL        len
  C:43ECH         LINE#         185
  C:43FFH         LINE#         186
  C:43FFH         LINE#         187
  C:4422H         LINE#         188
  -------         ENDPROC       _E2PROM_READ
  -------         PROC          _E2PROM_WRITE
  X:0218H         SYMBOL        addr
  X:021AH         SYMBOL        buf
  X:021DH         SYMBOL        len
  C:3F6DH         LINE#         190
  C:3F80H         LINE#         191
  C:3F80H         LINE#         192
  C:3F9DH         LINE#         193
  C:3F9DH         LINE#         194
  C:3FA0H         LINE#         195
  C:3FA0H         LINE#         197
  C:3FABH         LINE#         199
  C:3FCEH         LINE#         200
  -------         ENDPROC       _E2PROM_WRITE
  -------         ENDMOD        E2PROM

  -------         MODULE        GPIO
  C:0000H         SYMBOL        _ICE_DUMMY_
  D:0093H         PUBLIC        P0M1
  D:0092H         PUBLIC        P1M0
  D:0096H         PUBLIC        P2M0
  D:0091H         PUBLIC        P1M1
  D:0080H         PUBLIC        P0
  D:00B2H         PUBLIC        P3M0
  D:0095H         PUBLIC        P2M1
  D:0090H         PUBLIC        P1
  D:00B4H         PUBLIC        P4M0
  D:00B1H         PUBLIC        P3M1
  D:00A0H         PUBLIC        P2
  D:00CAH         PUBLIC        P5M0
  D:00B3H         PUBLIC        P4M1
  D:00B0H         PUBLIC        P3
  D:00CCH         PUBLIC        P6M0
  D:00C9H         PUBLIC        P5M1
  D:00C0H         PUBLIC        P4
  D:00E2H         PUBLIC        P7M0
  D:00CBH         PUBLIC        P6M1
  D:00C8H         PUBLIC        P5
  D:00E8H         PUBLIC        P6
  D:00E1H         PUBLIC        P7M1
BL51 BANKED LINKER/LOCATER V6.22.2.0                                                  04/10/2021  00:05:08  PAGE 25


  D:00F8H         PUBLIC        P7
  C:22E2H         PUBLIC        _gpio_hw_init
  D:00A8H         PUBLIC        IE
  D:00B8H         PUBLIC        IP
  C:343CH         PUBLIC        _gpio_read
  D:0098H         PUBLIC        SCON
  D:0088H         PUBLIC        TCON
  C:2F4AH         PUBLIC        _gpio_write
  D:00D0H         PUBLIC        PSW
  D:0094H         PUBLIC        P0M0
  -------         PROC          _GPIO_HW_INIT
  X:0283H         SYMBOL        group
  X:0284H         SYMBOL        pin
  X:0285H         SYMBOL        dic
  C:22E2H         LINE#         30
  C:22F1H         LINE#         31
  C:22F1H         LINE#         32
  C:22F7H         LINE#         33
  C:22FDH         LINE#         34
  C:2303H         LINE#         35
  C:2309H         LINE#         37
  C:2314H         LINE#         38
  C:2314H         LINE#         39
  C:232DH         LINE#         40
  C:232DH         LINE#         41
  C:232DH         LINE#         43
  C:2341H         LINE#         44
  C:2344H         LINE#         45
  C:2345H         LINE#         46
  C:2345H         LINE#         48
  C:2359H         LINE#         49
  C:235CH         LINE#         50
  C:235DH         LINE#         51
  C:235DH         LINE#         53
  C:2371H         LINE#         54
  C:2374H         LINE#         55
  C:2375H         LINE#         56
  C:2375H         LINE#         58
  C:2389H         LINE#         59
  C:238CH         LINE#         60
  C:238DH         LINE#         62
  C:238DH         LINE#         63
  C:238EH         LINE#         64
  C:238EH         LINE#         65
  C:238FH         LINE#         66
  C:239CH         LINE#         67
  C:239CH         LINE#         68
  C:23B5H         LINE#         69
  C:23B5H         LINE#         70
  C:23B5H         LINE#         72
  C:23B8H         LINE#         73
  C:23CCH         LINE#         74
  C:23CDH         LINE#         75
  C:23CDH         LINE#         77
  C:23D0H         LINE#         78
  C:23E4H         LINE#         79
  C:23E5H         LINE#         80
BL51 BANKED LINKER/LOCATER V6.22.2.0                                                  04/10/2021  00:05:08  PAGE 26


  C:23E5H         LINE#         82
  C:23E8H         LINE#         83
  C:23FCH         LINE#         84
  C:23FDH         LINE#         85
  C:23FDH         LINE#         87
  C:2400H         LINE#         88
  C:2414H         LINE#         89
  C:2415H         LINE#         91
  C:2415H         LINE#         92
  C:2416H         LINE#         93
  C:2416H         LINE#         94
  C:2417H         LINE#         96
  C:2417H         LINE#         97
  C:2430H         LINE#         98
  C:2430H         LINE#         99
  C:2430H         LINE#         101
  C:2433H         LINE#         102
  C:2436H         LINE#         103
  C:2437H         LINE#         104
  C:2437H         LINE#         106
  C:243AH         LINE#         107
  C:243DH         LINE#         108
  C:243EH         LINE#         109
  C:243EH         LINE#         111
  C:2441H         LINE#         112
  C:2444H         LINE#         113
  C:2445H         LINE#         114
  C:2445H         LINE#         116
  C:2448H         LINE#         117
  C:244BH         LINE#         118
  C:244BH         LINE#         120
  C:244BH         LINE#         121
  C:244BH         LINE#         122
  C:244BH         LINE#         123
  C:244BH         LINE#         124
  -------         ENDPROC       _GPIO_HW_INIT
  -------         PROC          _GPIO_READ
  X:0286H         SYMBOL        group
  X:0287H         SYMBOL        pin
  -------         DO            
  X:0288H         SYMBOL        value
  -------         ENDDO         
  C:343CH         LINE#         126
  C:3446H         LINE#         127
  C:3446H         LINE#         128
  C:344BH         LINE#         130
  C:3464H         LINE#         131
  C:3464H         LINE#         132
  C:3464H         LINE#         134
  C:347EH         LINE#         135
  C:3480H         LINE#         136
  C:3480H         LINE#         138
  C:349AH         LINE#         139
  C:349CH         LINE#         140
  C:349CH         LINE#         142
  C:34B6H         LINE#         143
  C:34B8H         LINE#         144
BL51 BANKED LINKER/LOCATER V6.22.2.0                                                  04/10/2021  00:05:08  PAGE 27


  C:34B8H         LINE#         146
  C:34D2H         LINE#         147
  C:34D2H         LINE#         149
  C:34D2H         LINE#         150
  C:34D2H         LINE#         151
  C:34D2H         LINE#         153
  C:34D7H         LINE#         154
  -------         ENDPROC       _GPIO_READ
  -------         PROC          _GPIO_WRITE
  X:0289H         SYMBOL        group
  X:028AH         SYMBOL        pin
  X:028BH         SYMBOL        value
  C:2F4AH         LINE#         156
  C:2F59H         LINE#         157
  C:2F59H         LINE#         158
  C:2F72H         LINE#         159
  C:2F72H         LINE#         160
  C:2F72H         LINE#         162
  C:2F7FH         LINE#         163
  C:2F7FH         LINE#         164
  C:2F93H         LINE#         165
  C:2F94H         LINE#         167
  C:2F94H         LINE#         168
  C:2FABH         LINE#         169
  C:2FABH         LINE#         170
  C:2FACH         LINE#         171
  C:2FACH         LINE#         173
  C:2FB9H         LINE#         174
  C:2FB9H         LINE#         175
  C:2FCDH         LINE#         176
  C:2FCEH         LINE#         178
  C:2FCEH         LINE#         179
  C:2FE5H         LINE#         180
  C:2FE5H         LINE#         181
  C:2FE6H         LINE#         182
  C:2FE6H         LINE#         184
  C:2FF3H         LINE#         185
  C:2FF3H         LINE#         186
  C:3007H         LINE#         187
  C:3008H         LINE#         189
  C:3008H         LINE#         190
  C:301FH         LINE#         191
  C:301FH         LINE#         192
  C:3020H         LINE#         193
  C:3020H         LINE#         195
  C:302DH         LINE#         196
  C:302DH         LINE#         197
  C:3041H         LINE#         198
  C:3042H         LINE#         200
  C:3042H         LINE#         201
  C:3059H         LINE#         202
  C:3059H         LINE#         203
  C:3059H         LINE#         205
  C:3059H         LINE#         206
  C:3059H         LINE#         207
  C:3059H         LINE#         208
  -------         ENDPROC       _GPIO_WRITE
BL51 BANKED LINKER/LOCATER V6.22.2.0                                                  04/10/2021  00:05:08  PAGE 28


  -------         ENDMOD        GPIO

  -------         MODULE        HW_TIMER
  C:0000H         SYMBOL        _ICE_DUMMY_
  D:0080H         PUBLIC        P0
  D:0090H         PUBLIC        P1
  C:3C81H         PUBLIC        timer0_int
  D:00A0H         PUBLIC        P2
  C:3CF0H         PUBLIC        timer1_int
  D:00B0H         PUBLIC        P3
  D:00C0H         PUBLIC        P4
  C:3D5FH         PUBLIC        timer3_int
  D:00C8H         PUBLIC        P5
  D:00E8H         PUBLIC        P6
  D:00F8H         PUBLIC        P7
  D:00A8H         PUBLIC        IE
  C:40E0H         PUBLIC        _hw_timer_stop
  D:00B8H         PUBLIC        IP
  X:01C9H         SYMBOL        timer0_hander
  X:01CCH         SYMBOL        timer1_hander
  X:01CFH         SYMBOL        timer3_hander
  D:0098H         PUBLIC        SCON
  D:0089H         PUBLIC        TMOD
  D:0088H         PUBLIC        TCON
  D:00AFH         PUBLIC        IE2
  D:008EH         PUBLIC        AUXR
  B:00A8H.1       PUBLIC        ET0
  B:00A8H.3       PUBLIC        ET1
  C:2984H         SYMBOL        _Timer0_init
  C:2ABFH         SYMBOL        _Timer1_init
  D:008CH         PUBLIC        TH0
  D:008DH         PUBLIC        TH1
  C:2BF0H         SYMBOL        _Timer3_init
  D:00D4H         PUBLIC        T3H
  D:008AH         PUBLIC        TL0
  D:008BH         PUBLIC        TL1
  D:00D5H         PUBLIC        T3L
  B:0088H.4       PUBLIC        TR0
  B:0088H.6       PUBLIC        TR1
  C:4858H         SYMBOL        Timer0_stop
  D:00D1H         PUBLIC        T4T3M
  C:485BH         SYMBOL        Timer1_stop
  C:0016H         SYMBOL        Timer3_stop
  D:008FH         PUBLIC        INT_CLKO
  D:00D0H         PUBLIC        PSW
  C:3607H         PUBLIC        _hw_timer_init
  -------         PROC          TIMER0_STOP
  C:4858H         LINE#         33
  C:4858H         LINE#         34
  C:4858H         LINE#         35
  C:485AH         LINE#         37
  -------         ENDPROC       TIMER0_STOP
  -------         PROC          _TIMER0_INIT
  X:01D2H         SYMBOL        tick_us
  -------         DO            
  X:01D6H         SYMBOL        tick_clk
  -------         ENDDO         
BL51 BANKED LINKER/LOCATER V6.22.2.0                                                  04/10/2021  00:05:08  PAGE 29


  C:2984H         LINE#         39
  C:298AH         LINE#         40
  C:298AH         LINE#         41
  C:2994H         LINE#         43
  C:2996H         LINE#         45
  C:2998H         LINE#         47
  C:299BH         LINE#         48
  C:299EH         LINE#         50
  C:29A1H         LINE#         52
  C:29A4H         LINE#         54
  C:29C3H         LINE#         55
  C:29DFH         LINE#         56
  C:29DFH         LINE#         57
  C:29E2H         LINE#         58
  C:2A0BH         LINE#         59
  C:2A39H         LINE#         60
  C:2A3CH         LINE#         62
  C:2A3CH         LINE#         63
  C:2A3FH         LINE#         64
  C:2A7BH         LINE#         65
  C:2ABCH         LINE#         66
  C:2ABCH         LINE#         68
  C:2ABEH         LINE#         69
  -------         ENDPROC       _TIMER0_INIT
  -------         PROC          TIMER1_STOP
  C:485BH         LINE#         71
  C:485BH         LINE#         72
  C:485BH         LINE#         73
  C:485DH         LINE#         74
  -------         ENDPROC       TIMER1_STOP
  -------         PROC          _TIMER1_INIT
  X:01DAH         SYMBOL        tick_us
  -------         DO            
  X:01DEH         SYMBOL        tick_clk
  -------         ENDDO         
  C:2ABFH         LINE#         76
  C:2AC5H         LINE#         77
  C:2AC5H         LINE#         80
  C:2AC7H         LINE#         82
  C:2AC9H         LINE#         84
  C:2ACCH         LINE#         85
  C:2ACFH         LINE#         87
  C:2AD2H         LINE#         89
  C:2AD5H         LINE#         91
  C:2AF4H         LINE#         92
  C:2B10H         LINE#         93
  C:2B10H         LINE#         94
  C:2B13H         LINE#         95
  C:2B3CH         LINE#         96
  C:2B6AH         LINE#         97
  C:2B6DH         LINE#         99
  C:2B6DH         LINE#         100
  C:2B70H         LINE#         101
  C:2BACH         LINE#         102
  C:2BEDH         LINE#         103
  C:2BEDH         LINE#         105
  C:2BEFH         LINE#         106
BL51 BANKED LINKER/LOCATER V6.22.2.0                                                  04/10/2021  00:05:08  PAGE 30


  -------         ENDPROC       _TIMER1_INIT
  -------         PROC          _TIMER3_INIT
  X:01E2H         SYMBOL        tick_us
  -------         DO            
  X:01E6H         SYMBOL        tick_clk
  -------         ENDDO         
  C:2BF0H         LINE#         108
  C:2BF6H         LINE#         109
  C:2BF6H         LINE#         112
  C:2BF9H         LINE#         114
  C:2BFCH         LINE#         116
  C:2C1BH         LINE#         117
  C:2C37H         LINE#         118
  C:2C37H         LINE#         119
  C:2C3AH         LINE#         120
  C:2C63H         LINE#         121
  C:2C91H         LINE#         122
  C:2C93H         LINE#         124
  C:2C93H         LINE#         125
  C:2CCFH         LINE#         126
  C:2D10H         LINE#         127
  C:2D10H         LINE#         129
  C:2D13H         LINE#         130
  -------         ENDPROC       _TIMER3_INIT
  -------         PROC          TIMER3_STOP
  C:0016H         LINE#         132
  C:0016H         LINE#         133
  C:0016H         LINE#         134
  C:0019H         LINE#         135
  -------         ENDPROC       TIMER3_STOP
  -------         PROC          _HW_TIMER_INIT
  X:01EAH         SYMBOL        id
  X:01EBH         SYMBOL        tick_us
  X:01EFH         SYMBOL        hander
  C:3607H         LINE#         137
  C:360CH         LINE#         138
  C:360CH         LINE#         139
  C:3622H         LINE#         140
  C:3622H         LINE#         141
  C:3622H         LINE#         143
  C:3633H         LINE#         144
  C:3649H         LINE#         145
  C:364AH         LINE#         147
  C:364AH         LINE#         149
  C:365BH         LINE#         150
  C:3671H         LINE#         151
  C:3672H         LINE#         153
  C:3672H         LINE#         155
  C:3683H         LINE#         156
  C:3699H         LINE#         157
  C:3699H         LINE#         159
  C:3699H         LINE#         160
  C:3699H         LINE#         161
  C:3699H         LINE#         162
  -------         ENDPROC       _HW_TIMER_INIT
  -------         PROC          _HW_TIMER_STOP
  X:02D2H         SYMBOL        id
BL51 BANKED LINKER/LOCATER V6.22.2.0                                                  04/10/2021  00:05:08  PAGE 31


  C:40E0H         LINE#         164
  C:40E5H         LINE#         165
  C:40E5H         LINE#         166
  C:40FBH         LINE#         167
  C:40FBH         LINE#         168
  C:40FBH         LINE#         170
  C:40FEH         LINE#         171
  C:410FH         LINE#         172
  C:4110H         LINE#         174
  C:4110H         LINE#         176
  C:4113H         LINE#         177
  C:4124H         LINE#         178
  C:4125H         LINE#         180
  C:4125H         LINE#         182
  C:4128H         LINE#         183
  C:4139H         LINE#         184
  C:4139H         LINE#         186
  C:4139H         LINE#         187
  C:4139H         LINE#         188
  C:4139H         LINE#         189
  -------         ENDPROC       _HW_TIMER_STOP
  -------         PROC          TIMER0_INT
  C:3C81H         LINE#         191
  C:3C9EH         LINE#         193
  C:3CB1H         LINE#         194
  C:3CB1H         LINE#         195
  C:3CD5H         LINE#         196
  C:3CD5H         LINE#         197
  -------         ENDPROC       TIMER0_INT
  -------         PROC          TIMER1_INT
  C:3CF0H         LINE#         199
  C:3D0DH         LINE#         201
  C:3D20H         LINE#         202
  C:3D20H         LINE#         203
  C:3D44H         LINE#         204
  C:3D44H         LINE#         205
  -------         ENDPROC       TIMER1_INT
  -------         PROC          TIMER3_INT
  C:3D5FH         LINE#         207
  C:3D7CH         LINE#         209
  C:3D8FH         LINE#         210
  C:3D8FH         LINE#         211
  C:3DB3H         LINE#         212
  C:3DB3H         LINE#         213
  -------         ENDPROC       TIMER3_INT
  -------         ENDMOD        HW_TIMER

  -------         MODULE        UART
  C:0000H         SYMBOL        _ICE_DUMMY_
  D:0080H         PUBLIC        P0
  D:0090H         PUBLIC        P1
  D:00A0H         PUBLIC        P2
  D:00B0H         PUBLIC        P3
  D:00C0H         PUBLIC        P4
  D:00C8H         PUBLIC        P5
  B:0020H.0       SYMBOL        B_TX1_Busy
  D:00E8H         PUBLIC        P6
BL51 BANKED LINKER/LOCATER V6.22.2.0                                                  04/10/2021  00:05:08  PAGE 32


  B:00A8H.7       PUBLIC        EA
  D:00F8H         PUBLIC        P7
  D:00A2H         PUBLIC        P_SW1
  D:00A8H         PUBLIC        IE
  C:402AH         PUBLIC        _uart_hw_init
  C:4554H         SYMBOL        _SetTimer2Baudraye
  B:00A8H.4       PUBLIC        ES
  D:00B8H         PUBLIC        IP
  B:0098H.0       PUBLIC        RI
  C:4833H         PUBLIC        UART1_int
  B:0098H.1       PUBLIC        TI
  D:0099H         PUBLIC        SBUF
  D:0098H         PUBLIC        SCON
  D:0088H         PUBLIC        TCON
  D:00AFH         PUBLIC        IE2
  D:008EH         PUBLIC        AUXR
  C:476CH         SYMBOL        uart1_config
  C:0052H         SYMBOL        uart2_config
  D:00D6H         PUBLIC        TH2
  D:00D7H         PUBLIC        TL2
  C:3154H         PUBLIC        _print_hex
  B:0098H.4       PUBLIC        REN
  C:426CH         PUBLIC        _print_str
  D:00D0H         PUBLIC        PSW
  -------         PROC          _SETTIMER2BAUDRAYE
  X:02CBH         SYMBOL        dat
  C:4554H         LINE#         34
  C:455CH         LINE#         35
  C:455CH         LINE#         36
  C:455FH         LINE#         37
  C:4562H         LINE#         38
  C:4565H         LINE#         39
  C:4573H         LINE#         40
  C:457FH         LINE#         41
  C:4582H         LINE#         42
  C:4585H         LINE#         43
  -------         ENDPROC       _SETTIMER2BAUDRAYE
  -------         PROC          UART1_CONFIG
  C:476CH         LINE#         45
  C:476CH         LINE#         46
  C:476CH         LINE#         47
  C:4776H         LINE#         49
  C:4778H         LINE#         50
  C:477AH         LINE#         51
  C:477DH         LINE#         52
  C:4780H         LINE#         55
  C:4782H         LINE#         56
  -------         ENDPROC       UART1_CONFIG
  -------         PROC          UART2_CONFIG
  C:0052H         LINE#         58
  C:0052H         LINE#         59
  C:0052H         LINE#         61
  -------         ENDPROC       UART2_CONFIG
  -------         PROC          _UART_HW_INIT
  X:0250H         SYMBOL        id
  X:0251H         SYMBOL        band
  C:402AH         LINE#         63
BL51 BANKED LINKER/LOCATER V6.22.2.0                                                  04/10/2021  00:05:08  PAGE 33


  C:402FH         LINE#         64
  C:402FH         LINE#         65
  C:4032H         LINE#         66
  C:4055H         LINE#         68
  C:4068H         LINE#         69
  C:4068H         LINE#         70
  C:4068H         LINE#         72
  C:406BH         LINE#         73
  C:406DH         LINE#         75
  C:406DH         LINE#         77
  C:4070H         LINE#         78
  C:4070H         LINE#         80
  C:4070H         LINE#         81
  C:4070H         LINE#         82
  C:4070H         LINE#         84
  C:4072H         LINE#         86
  C:407BH         LINE#         87
  C:4084H         LINE#         88
  -------         ENDPROC       _UART_HW_INIT
  -------         PROC          _PRINT_STR
  X:028CH         SYMBOL        puts
  C:426CH         LINE#         90
  C:4277H         LINE#         91
  C:4277H         LINE#         92
  C:428CH         LINE#         93
  C:428CH         LINE#         94
  C:429DH         LINE#         95
  C:429FH         LINE#         96
  C:42A2H         LINE#         97
  C:42AEH         LINE#         98
  -------         ENDPROC       _PRINT_STR
  -------         PROC          _PRINT_HEX
  X:0255H         SYMBOL        puts
  X:0258H         SYMBOL        len
  -------         DO            
  X:0259H         SYMBOL        i
  -------         ENDDO         
  C:3154H         LINE#         100
  C:3164H         LINE#         101
  C:3164H         LINE#         102
  C:3169H         LINE#         103
  C:3180H         LINE#         104
  C:3180H         LINE#         105
  C:31A1H         LINE#         106
  C:31BCH         LINE#         108
  C:31D5H         LINE#         109
  C:31D7H         LINE#         110
  C:31DAH         LINE#         112
  C:31FAH         LINE#         113
  C:3214H         LINE#         115
  C:322CH         LINE#         116
  C:322EH         LINE#         117
  C:3231H         LINE#         118
  C:323BH         LINE#         119
  C:3244H         LINE#         121
  C:3247H         LINE#         122
  C:3249H         LINE#         123
BL51 BANKED LINKER/LOCATER V6.22.2.0                                                  04/10/2021  00:05:08  PAGE 34


  C:324CH         LINE#         124
  -------         ENDPROC       _PRINT_HEX
  -------         PROC          UART1_INT
  C:4833H         LINE#         134
  C:4833H         LINE#         136
  C:4836H         LINE#         137
  C:4836H         LINE#         138
  C:4838H         LINE#         139
  C:4838H         LINE#         141
  C:483BH         LINE#         142
  C:483BH         LINE#         143
  C:483DH         LINE#         144
  C:483FH         LINE#         145
  C:483FH         LINE#         146
  -------         ENDPROC       UART1_INT
  -------         ENDMOD        UART

  -------         MODULE        RCC
  C:0000H         SYMBOL        _ICE_DUMMY_
[...]


  C:4456H         LINE#         350
  -------         ENDPROC       _HW_TIMER_HANDLE
  -------         PROC          GET_TIMER_TICK
  C:4806H         LINE#         352
  C:4806H         LINE#         353
  C:4806H         LINE#         354
  C:4814H         LINE#         355
  -------         ENDPROC       GET_TIMER_TICK
  -------         PROC          SOFT_TIMER_UPDATE
  C:462BH         LINE#         357
  C:462BH         LINE#         358
  C:462BH         LINE#         359
  C:464BH         LINE#         360
  -------         ENDPROC       SOFT_TIMER_UPDATE
  -------         PROC          SOFT_TIMER_INIT
  C:4815H         LINE#         362
  C:4815H         LINE#         363
  C:4815H         LINE#         364
  C:4818H         LINE#         367
  C:4823H         LINE#         368
  -------         ENDPROC       SOFT_TIMER_INIT
  -------         PROC          SOFT_TIMER_LOOP
  C:484FH         LINE#         370
  C:484FH         LINE#         371
  C:484FH         LINE#         372
  C:4854H         LINE#         373
  -------         ENDPROC       SOFT_TIMER_LOOP
  -------         PROC          _SOFT_TIMER_REGISTER
  X:0244H         SYMBOL        timer
  X:0247H         SYMBOL        timeout_callback
  C:4370H         LINE#         375
  C:437BH         LINE#         376
  C:437BH         LINE#         377
  C:43ADH         LINE#         378
  -------         ENDPROC       _SOFT_TIMER_REGISTER
  -------         PROC          _SOFT_TIMER_START
  X:01FAH         SYMBOL        timer
  X:01FDH         SYMBOL        mode
  X:01FEH         SYMBOL        delay_tick
  C:43AEH         LINE#         380
  C:43BEH         LINE#         381
  C:43BEH         LINE#         382
  C:43EBH         LINE#         383
  -------         ENDPROC       _SOFT_TIMER_START
  -------         PROC          _SOFT_TIMER_STOP
  X:02B6H         SYMBOL        timer
  C:46EAH         LINE#         385
  C:46F5H         LINE#         386
  C:46F5H         LINE#         387
  C:4705H         LINE#         388
  -------         ENDPROC       _SOFT_TIMER_STOP
  -------         ENDMOD        SOFT_TIMER

  -------         MODULE        BUTTON
  C:0000H         SYMBOL        _ICE_DUMMY_
  C:009EH         SYMBOL        flex_button_process
  C:473AH         PUBLIC        _button_event
BL51 BANKED LINKER/LOCATER V6.22.2.0                                                  04/10/2021  00:05:08  PAGE 48


  C:2D14H         SYMBOL        flex_button_read
  X:0181H         PUBLIC        g_btn_status_reg
  C:464CH         PUBLIC        _flex_button_event_read
  C:42F1H         PUBLIC        button_init
  C:4848H         PUBLIC        flex_button_scan
  X:0185H         SYMBOL        btn_head
  X:0188H         SYMBOL        button_cnt
  X:0189H         SYMBOL        btn_timer
  X:019DH         PUBLIC        g_logic_level
  C:4824H         SYMBOL        _btn_timer_loop
  C:4720H         PUBLIC        _button_register
  C:1E27H         PUBLIC        _flex_button_register
  -------         PROC          _FLEX_BUTTON_REGISTER
  X:024AH         SYMBOL        button
  -------         DO            
  X:024DH         SYMBOL        curr
  -------         ENDDO         
  C:1E27H         LINE#         87
  C:1E32H         LINE#         88
  C:1E32H         LINE#         89
  C:1E48H         LINE#         91
  C:1E6AH         LINE#         92
  C:1E6AH         LINE#         93
  C:1E6FH         LINE#         94
  C:1E6FH         LINE#         96
  C:1E7FH         LINE#         97
  C:1E7FH         LINE#         98
  C:1EAEH         LINE#         99
  C:1EAEH         LINE#         100
  C:1EB3H         LINE#         101
  C:1EB3H         LINE#         102
  C:1ECCH         LINE#         103
  C:1ECEH         LINE#         109
  C:1EEDH         LINE#         110
  C:1F02H         LINE#         111
  C:1F18H         LINE#         112
  C:1F30H         LINE#         113
  C:1F48H         LINE#         114
  C:1F60H         LINE#         115
  C:1F76H         LINE#         121
  C:1FDAH         LINE#         122
  C:1FE0H         LINE#         124
  C:1FE7H         LINE#         125
  -------         ENDPROC       _FLEX_BUTTON_REGISTER
  -------         PROC          FLEX_BUTTON_READ
  -------         DO            
  X:0202H         SYMBOL        i
  X:0203H         SYMBOL        target
  X:0206H         SYMBOL        raw_data
  -------         ENDDO         
  C:2D14H         LINE#         133
  C:2D14H         LINE#         134
  C:2D14H         LINE#         139
  C:2D1EH         LINE#         143
  C:2D76H         LINE#         144
  C:2D76H         LINE#         145
  C:2DE3H         LINE#         146
BL51 BANKED LINKER/LOCATER V6.22.2.0                                                  04/10/2021  00:05:08  PAGE 49


  C:2DE3H         LINE#         143
  C:2E05H         LINE#         148
  C:2E36H         LINE#         149
  -------         ENDPROC       FLEX_BUTTON_READ
  -------         PROC          FLEX_BUTTON_PROCESS
  -------         DO            
  X:025AH         SYMBOL        i
  X:025BH         SYMBOL        active_btn_cnt
  X:025CH         SYMBOL        target
  -------         ENDDO         
  C:009EH         LINE#         158
  C:009EH         LINE#         159
  C:009EH         LINE#         161
  C:00A3H         LINE#         164
  C:00DCH         LINE#         165
  C:00DCH         LINE#         166
  C:00FEH         LINE#         167
  C:00FEH         LINE#         168
  C:0116H         LINE#         169
  C:0136H         LINE#         170
  C:0136H         LINE#         171
  C:0164H         LINE#         172
  C:0164H         LINE#         173
  C:0164H         LINE#         175
  C:018AH         LINE#         176
  C:018AH         LINE#         177
  C:018AH         LINE#         178
  C:01C9H         LINE#         179
  C:01C9H         LINE#         180
  C:01E1H         LINE#         181
  C:01F9H         LINE#         183
  C:0259H         LINE#         186
  C:026FH         LINE#         187
  C:0272H         LINE#         189
  C:0272H         LINE#         190
  C:0288H         LINE#         191
  C:0288H         LINE#         192
  C:028BH         LINE#         194
  C:028BH         LINE#         195
  C:02CAH         LINE#         196
  C:02CAH         LINE#         197
  C:02EDH         LINE#         198
  C:02EDH         LINE#         199
  C:0325H         LINE#         200
  C:0325H         LINE#         204
  C:03C0H         LINE#         207
  C:03D6H         LINE#         208
  C:03EEH         LINE#         209
  C:0406H         LINE#         210
  C:0406H         LINE#         211
  C:0409H         LINE#         212
  C:0441H         LINE#         213
  C:0441H         LINE#         214
  C:0461H         LINE#         215
  C:0461H         LINE#         216
  C:04C5H         LINE#         217
  C:04C5H         LINE#         218
BL51 BANKED LINKER/LOCATER V6.22.2.0                                                  04/10/2021  00:05:08  PAGE 50


  C:04C8H         LINE#         219
  C:0500H         LINE#         220
  C:0500H         LINE#         221
  C:0520H         LINE#         222
  C:0520H         LINE#         223
  C:0584H         LINE#         224
  C:0584H         LINE#         225
  C:0587H         LINE#         226
  C:05BFH         LINE#         227
  C:05BFH         LINE#         228
  C:05DFH         LINE#         229
  C:05DFH         LINE#         230
  C:0643H         LINE#         231
  C:0643H         LINE#         232
  C:0643H         LINE#         233
  C:0646H         LINE#         235
  C:0646H         LINE#         236
  C:067BH         LINE#         237
  C:067BH         LINE#         238
  C:06DCH         LINE#         239
  C:06F1H         LINE#         240
  C:06F4H         LINE#         241
  C:0729H         LINE#         242
  C:0729H         LINE#         243
  C:078AH         LINE#         244
  C:079FH         LINE#         245
  C:07A2H         LINE#         246
  C:07D7H         LINE#         247
  C:07D7H         LINE#         248
  C:0838H         LINE#         249
  C:084DH         LINE#         250
  C:0850H         LINE#         252
  C:0850H         LINE#         254
  C:0866H         LINE#         255
  C:087EH         LINE#         256
  C:087EH         LINE#         257
  C:087EH         LINE#         258
  C:0881H         LINE#         260
  C:0881H         LINE#         261
  C:08BDH         LINE#         262
  C:08BDH         LINE#         264
  C:08D3H         LINE#         265
  C:08EBH         LINE#         266
  C:08EEH         LINE#         268
  C:08EEH         LINE#         269
  C:0926H         LINE#         270
  C:0926H         LINE#         274
  C:09C1H         LINE#         277
  C:09D6H         LINE#         278
  C:09D6H         LINE#         279
  C:09D6H         LINE#         280
  C:09D6H         LINE#         281
  C:09D6H         LINE#         283
  C:09F8H         LINE#         284
  C:09F8H         LINE#         285
  C:09FEH         LINE#         286
  C:09FEH         LINE#         287
BL51 BANKED LINKER/LOCATER V6.22.2.0                                                  04/10/2021  00:05:08  PAGE 51


  C:0A20H         LINE#         289
  C:0A25H         LINE#         290
  -------         ENDPROC       FLEX_BUTTON_PROCESS
  -------         PROC          _FLEX_BUTTON_EVENT_READ
  X:02B9H         SYMBOL        button
  C:464CH         LINE#         300
  C:4657H         LINE#         301
  C:4657H         LINE#         302
  C:466CH         LINE#         303
  -------         ENDPROC       _FLEX_BUTTON_EVENT_READ
  -------         PROC          FLEX_BUTTON_SCAN
  C:4848H         LINE#         315
  C:4848H         LINE#         316
  C:4848H         LINE#         317
  C:484BH         LINE#         318
  C:484EH         LINE#         319
  -------         ENDPROC       FLEX_BUTTON_SCAN
  -------         PROC          _BTN_TIMER_LOOP
  X:02BCH         SYMBOL        timer
  C:4824H         LINE#         323
  C:482FH         LINE#         324
  C:482FH         LINE#         325
  C:4832H         LINE#         326
  -------         ENDPROC       _BTN_TIMER_LOOP
  -------         PROC          BUTTON_INIT
  C:42F1H         LINE#         328
  C:42F1H         LINE#         329
  C:42F1H         LINE#         330
  C:4317H         LINE#         331
  C:432CH         LINE#         333
  C:4330H         LINE#         334
  -------         ENDPROC       BUTTON_INIT
  -------         PROC          _BUTTON_REGISTER
  X:02BFH         SYMBOL        button
  C:4720H         LINE#         336
  C:472BH         LINE#         337
  C:472BH         LINE#         338
  C:4739H         LINE#         339
  -------         ENDPROC       _BUTTON_REGISTER
  -------         PROC          _BUTTON_EVENT
  X:02C2H         SYMBOL        button
  C:473AH         LINE#         341
  C:4745H         LINE#         342
  C:4745H         LINE#         343
  C:4753H         LINE#         344
  -------         ENDPROC       _BUTTON_EVENT
  -------         ENDMOD        BUTTON

  -------         MODULE        MAIN
  C:0000H         SYMBOL        _ICE_DUMMY_
  D:0080H         PUBLIC        P0
  D:0090H         PUBLIC        P1
  D:00A0H         PUBLIC        P2
  D:00B0H         PUBLIC        P3
  D:00C0H         PUBLIC        P4
  D:00C8H         PUBLIC        P5
  D:00E8H         PUBLIC        P6
BL51 BANKED LINKER/LOCATER V6.22.2.0                                                  04/10/2021  00:05:08  PAGE 52


  D:00F8H         PUBLIC        P7
  D:00A8H         PUBLIC        IE
  D:00B8H         PUBLIC        IP
  C:45E3H         PUBLIC        main
  D:0098H         PUBLIC        SCON
  D:0088H         PUBLIC        TCON
  D:00D0H         PUBLIC        PSW
  -------         PROC          MAIN
  C:45E3H         LINE#         40
  C:45E3H         LINE#         41
  C:45E3H         LINE#         60
  C:45F2H         LINE#         62
  C:45FBH         LINE#         66
  C:4604H         LINE#         68
  C:4609H         LINE#         69
  -------         ENDPROC       MAIN
  -------         ENDMOD        MAIN

  -------         MODULE        ?C?COPY
  C:0AF6H         PUBLIC        ?C?COPY
  -------         ENDMOD        ?C?COPY

  -------         MODULE        ?C?CLDPTR
  C:0B1CH         PUBLIC        ?C?CLDPTR
  -------         ENDMOD        ?C?CLDPTR

  -------         MODULE        ?C?CLDOPTR
  C:0B35H         PUBLIC        ?C?CLDOPTR
  -------         ENDMOD        ?C?CLDOPTR

  -------         MODULE        ?C?CSTPTR
  C:0B62H         PUBLIC        ?C?CSTPTR
  -------         ENDMOD        ?C?CSTPTR

  -------         MODULE        ?C?CSTOPTR
  C:0B74H         PUBLIC        ?C?CSTOPTR
  -------         ENDMOD        ?C?CSTOPTR

  -------         MODULE        ?C?IMUL
  C:0B96H         PUBLIC        ?C?IMUL
  -------         ENDMOD        ?C?IMUL

  -------         MODULE        ?C?UIDIV
  C:0BA8H         PUBLIC        ?C?UIDIV
  -------         ENDMOD        ?C?UIDIV

  -------         MODULE        ?C?IILDX
  C:0BFDH         PUBLIC        ?C?IILDX
  -------         ENDMOD        ?C?IILDX

  -------         MODULE        ?C?ILDOPTR
  C:0C13H         PUBLIC        ?C?ILDOPTR
  -------         ENDMOD        ?C?ILDOPTR

  -------         MODULE        ?C?IILDOPTR
  C:0C4BH         PUBLIC        ?C?IILDOPTR
  -------         ENDMOD        ?C?IILDOPTR
BL51 BANKED LINKER/LOCATER V6.22.2.0                                                  04/10/2021  00:05:08  PAGE 53



  -------         MODULE        ?C?ISTOPTR
  C:0C98H         PUBLIC        ?C?ISTOPTR
  -------         ENDMOD        ?C?ISTOPTR

  -------         MODULE        ?C?LMUL
  C:0CC5H         PUBLIC        ?C?LMUL
  -------         ENDMOD        ?C?LMUL

  -------         MODULE        ?C?ULDIV
  C:0D50H         PUBLIC        ?C?ULDIV
  -------         ENDMOD        ?C?ULDIV

  -------         MODULE        ?C?LNOT
  C:0DE2H         PUBLIC        ?C?LNOT
  -------         ENDMOD        ?C?LNOT

  -------         MODULE        ?C?ULCMP
  C:0DEFH         PUBLIC        ?C?ULCMP
  -------         ENDMOD        ?C?ULCMP

  -------         MODULE        ?C?LLDOPTR
  C:0E00H         PUBLIC        ?C?LLDOPTR
  -------         ENDMOD        ?C?LLDOPTR

  -------         MODULE        ?C?LSTOPTR
  C:0E30H         PUBLIC        ?C?LSTOPTR
  -------         ENDMOD        ?C?LSTOPTR

  -------         MODULE        ?C?LLDOPTR0
  C:0E54H         PUBLIC        ?C?LLDOPTR0
  -------         ENDMOD        ?C?LLDOPTR0

  -------         MODULE        ?C?LSTXDATA
  C:0E84H         PUBLIC        ?C?LSTXDATA
  -------         ENDMOD        ?C?LSTXDATA

  -------         MODULE        ?C?LSTKXDATA
  C:0E90H         PUBLIC        ?C?LSTKXDATA
  -------         ENDMOD        ?C?LSTKXDATA

  -------         MODULE        ?C?LSTKOPTR
  C:0EC1H         PUBLIC        ?C?LSTKOPTR
  -------         ENDMOD        ?C?LSTKOPTR

  -------         MODULE        ?C?PLDPTR
  C:0EE5H         PUBLIC        ?C?PLDPTR
  -------         ENDMOD        ?C?PLDPTR

  -------         MODULE        ?C?PSTPTR
  C:0F05H         PUBLIC        ?C?PSTPTR
  -------         ENDMOD        ?C?PSTPTR

  -------         MODULE        ?C?PLDOPTR
  C:0F54H         PUBLIC        ?C?PLDOPTR
  -------         ENDMOD        ?C?PLDOPTR

BL51 BANKED LINKER/LOCATER V6.22.2.0                                                  04/10/2021  00:05:08  PAGE 54


  -------         MODULE        ?C?PSTOPTR
  C:0F84H         PUBLIC        ?C?PSTOPTR
  -------         ENDMOD        ?C?PSTOPTR

  -------         MODULE        ?C?CCASE
  C:0FDDH         PUBLIC        ?C?CCASE
  -------         ENDMOD        ?C?CCASE

  -------         MODULE        ?C?ICALL
  C:1003H         PUBLIC        ?C?ICALL
  C:1007H         PUBLIC        ?C?ICALL2
  -------         ENDMOD        ?C?ICALL

  -------         MODULE        ?C?LIMUL
  C:1009H         PUBLIC        ?C?LIMUL
  -------         ENDMOD        ?C?LIMUL

  -------         MODULE        ?C?MEMSET
  C:1036H         PUBLIC        ?C?MEMSET
  -------         ENDMOD        ?C?MEMSET

  -------         MODULE        ?C?LLDIDATA
  C:1062H         PUBLIC        ?C?LLDIDATA
  -------         ENDMOD        ?C?LLDIDATA

  -------         MODULE        ?C?LLDXDATA
  C:106EH         PUBLIC        ?C?LLDXDATA
  -------         ENDMOD        ?C?LLDXDATA

  -------         MODULE        ?C?LLDPDATA
  C:107AH         PUBLIC        ?C?LLDPDATA
  -------         ENDMOD        ?C?LLDPDATA

  -------         MODULE        ?C?LLDCODE
  C:1086H         PUBLIC        ?C?LLDCODE
  -------         ENDMOD        ?C?LLDCODE

  -------         MODULE        ?C?LLDIDATA0
  C:1096H         PUBLIC        ?C?LLDIDATA0
  -------         ENDMOD        ?C?LLDIDATA0

  -------         MODULE        ?C?LLDXDATA0
  C:10A3H         PUBLIC        ?C?LLDXDATA0
  -------         ENDMOD        ?C?LLDXDATA0

  -------         MODULE        ?C?LLDPDATA0
  C:10AFH         PUBLIC        ?C?LLDPDATA0
  -------         ENDMOD        ?C?LLDPDATA0

  -------         MODULE        ?C?LLDCODE0
  C:10BCH         PUBLIC        ?C?LLDCODE0
  -------         ENDMOD        ?C?LLDCODE0

  -------         MODULE        ?C?LSTIDATA
  C:10CCH         PUBLIC        ?C?LSTIDATA
  -------         ENDMOD        ?C?LSTIDATA

BL51 BANKED LINKER/LOCATER V6.22.2.0                                                  04/10/2021  00:05:08  PAGE 55


  -------         MODULE        ?C?LSTPDATA
  C:10D8H         PUBLIC        ?C?LSTPDATA
  -------         ENDMOD        ?C?LSTPDATA

  -------         MODULE        ?C?LSTKIDATA
  C:10E4H         PUBLIC        ?C?LSTKIDATA
  -------         ENDMOD        ?C?LSTKIDATA

  -------         MODULE        ?C?LSTKPDATA
  C:10FDH         PUBLIC        ?C?LSTKPDATA
  -------         ENDMOD        ?C?LSTKPDATA

  -------         MODULE        ?C?PLDIDATA
  C:1116H         PUBLIC        ?C?PLDIDATA
  -------         ENDMOD        ?C?PLDIDATA

  -------         MODULE        ?C?PSTIDATA
  C:111FH         PUBLIC        ?C?PSTIDATA
  -------         ENDMOD        ?C?PSTIDATA

  -------         MODULE        ?C?PLDXDATA
  C:1128H         PUBLIC        ?C?PLDXDATA
  -------         ENDMOD        ?C?PLDXDATA

  -------         MODULE        ?C?PSTXDATA
  C:1131H         PUBLIC        ?C?PSTXDATA
  -------         ENDMOD        ?C?PSTXDATA

  -------         MODULE        ?C?PLDPDATA
  C:113AH         PUBLIC        ?C?PLDPDATA
  -------         ENDMOD        ?C?PLDPDATA

  -------         MODULE        ?C?PSTPDATA
  C:1143H         PUBLIC        ?C?PSTPDATA
  -------         ENDMOD        ?C?PSTPDATA

  -------         MODULE        ?C?PLDCODE
  C:114CH         PUBLIC        ?C?PLDCODE
  -------         ENDMOD        ?C?PLDCODE

*** WARNING L16: UNCALLED SEGMENT, IGNORED FOR OVERLAY PROCESS
    SEGMENT: ?PR?E2PROM_HW_INIT?E2PROM

*** WARNING L16: UNCALLED SEGMENT, IGNORED FOR OVERLAY PROCESS
    SEGMENT: ?PR?_RCC_HW_INIT?RCC

*** WARNING L16: UNCALLED SEGMENT, IGNORED FOR OVERLAY PROCESS
    SEGMENT: ?PR?_GET_ADC_RESULT?ADC

*** WARNING L16: UNCALLED SEGMENT, IGNORED FOR OVERLAY PROCESS
    SEGMENT: ?PR?SYS_ENTER_SLEEP?SLEEP

*** WARNING L16: UNCALLED SEGMENT, IGNORED FOR OVERLAY PROCESS
    SEGMENT: ?PR?_EV1527_DECODE_INIT?EV1527

*** WARNING L16: UNCALLED SEGMENT, IGNORED FOR OVERLAY PROCESS
    SEGMENT: ?PR?_TK_TIMER_DETACH?SOFT_TIMER
BL51 BANKED LINKER/LOCATER V6.22.2.0                                                  04/10/2021  00:05:08  PAGE 56



*** WARNING L16: UNCALLED SEGMENT, IGNORED FOR OVERLAY PROCESS
    SEGMENT: ?PR?_TK_TIMER_CONTINUE?SOFT_TIMER

*** WARNING L16: UNCALLED SEGMENT, IGNORED FOR OVERLAY PROCESS
    SEGMENT: ?PR?_TK_TIMER_GET_MODE?SOFT_TIMER

*** WARNING L16: UNCALLED SEGMENT, IGNORED FOR OVERLAY PROCESS
    SEGMENT: ?PR?_TK_TIMER_GET_STATE?SOFT_TIMER

*** WARNING L16: UNCALLED SEGMENT, IGNORED FOR OVERLAY PROCESS
    SEGMENT: ?PR?_BUTTON_REGISTER?BUTTON

Program Size: data=9.1 xdata=727 code=18524
LINK/LOCATE RUN COMPLETE.  10 WARNING(S),  0 ERROR(S)
