BL51 BANKED LINKER/LOCATER V6.22.2.0                                                    04/10/2021  00:07:44  PAGE 1


BL51 BANKED LINKER/LOCATER V6.22.2.0, INVOKED BY:
C:\KEIL_V5\C51\BIN\BL51.EXE .\Objects\STARTUP.obj, .\Objects\user_main.obj, .\Objects\control.obj, .\Objects\gpio.obj, .
>> \Objects\hw_timer.obj, .\Objects\uart.obj, .\Objects\e2prom.obj, .\Objects\pwm.obj, .\Objects\rcc.obj, .\Objects\ev15
>> 27.obj, .\Objects\soft_timer.obj, .\Objects\main.obj TO .\Objects\20ma_control PRINT (.\Listings\20ma_control.m51) RA
>> MSIZE (256)


MEMORY MODEL: LARGE


INPUT MODULES INCLUDED:
  .\Objects\STARTUP.obj (?C_STARTUP)
  .\Objects\user_main.obj (USER_MAIN)
  .\Objects\control.obj (CONTROL)
  .\Objects\gpio.obj (GPIO)
  .\Objects\hw_timer.obj (HW_TIMER)
  .\Objects\uart.obj (UART)
  .\Objects\e2prom.obj (E2PROM)
  .\Objects\pwm.obj (PWM)
  .\Objects\rcc.obj (RCC)
  .\Objects\ev1527.obj (EV1527)
  .\Objects\soft_timer.obj (SOFT_TIMER)
  .\Objects\main.obj (MAIN)
  C:\KEIL_V5\C51\LIB\C51L.LIB (?C_INIT)
  C:\KEIL_V5\C51\LIB\C51L.LIB (?C?COPY)
  C:\KEIL_V5\C51\LIB\C51L.LIB (?C?CLDPTR)
  C:\KEIL_V5\C51\LIB\C51L.LIB (?C?CLDOPTR)
  C:\KEIL_V5\C51\LIB\C51L.LIB (?C?CSTPTR)
  C:\KEIL_V5\C51\LIB\C51L.LIB (?C?CSTOPTR)
  C:\KEIL_V5\C51\LIB\C51L.LIB (?C?IMUL)
  C:\KEIL_V5\C51\LIB\C51L.LIB (?C?UIDIV)
  C:\KEIL_V5\C51\LIB\C51L.LIB (?C?IILDX)
  C:\KEIL_V5\C51\LIB\C51L.LIB (?C?LMUL)
  C:\KEIL_V5\C51\LIB\C51L.LIB (?C?ULDIV)
  C:\KEIL_V5\C51\LIB\C51L.LIB (?C?ULCMP)
  C:\KEIL_V5\C51\LIB\C51L.LIB (?C?LLDOPTR)
  C:\KEIL_V5\C51\LIB\C51L.LIB (?C?LSTOPTR)
  C:\KEIL_V5\C51\LIB\C51L.LIB (?C?LLDOPTR0)
  C:\KEIL_V5\C51\LIB\C51L.LIB (?C?LSTXDATA)
  C:\KEIL_V5\C51\LIB\C51L.LIB (?C?LSTKXDATA)
  C:\KEIL_V5\C51\LIB\C51L.LIB (?C?LSTKOPTR)
  C:\KEIL_V5\C51\LIB\C51L.LIB (?C?PLDOPTR)
  C:\KEIL_V5\C51\LIB\C51L.LIB (?C?PSTOPTR)
  C:\KEIL_V5\C51\LIB\C51L.LIB (?C?CCASE)
  C:\KEIL_V5\C51\LIB\C51L.LIB (?C?ICALL)
  C:\KEIL_V5\C51\LIB\C51L.LIB (?C?MEMSET)
  C:\KEIL_V5\C51\LIB\C51L.LIB (?C?LLDIDATA)
  C:\KEIL_V5\C51\LIB\C51L.LIB (?C?LLDXDATA)
  C:\KEIL_V5\C51\LIB\C51L.LIB (?C?LLDPDATA)
  C:\KEIL_V5\C51\LIB\C51L.LIB (?C?LLDCODE)
  C:\KEIL_V5\C51\LIB\C51L.LIB (?C?LLDIDATA0)
  C:\KEIL_V5\C51\LIB\C51L.LIB (?C?LLDXDATA0)
  C:\KEIL_V5\C51\LIB\C51L.LIB (?C?LLDPDATA0)
  C:\KEIL_V5\C51\LIB\C51L.LIB (?C?LLDCODE0)
  C:\KEIL_V5\C51\LIB\C51L.LIB (?C?LSTIDATA)
  C:\KEIL_V5\C51\LIB\C51L.LIB (?C?LSTPDATA)
  C:\KEIL_V5\C51\LIB\C51L.LIB (?C?LSTKIDATA)
  C:\KEIL_V5\C51\LIB\C51L.LIB (?C?LSTKPDATA)
BL51 BANKED LINKER/LOCATER V6.22.2.0                                                  04/10/2021  00:07:44  PAGE 2


  C:\KEIL_V5\C51\LIB\C51L.LIB (?C?PLDIDATA)
  C:\KEIL_V5\C51\LIB\C51L.LIB (?C?PSTIDATA)
  C:\KEIL_V5\C51\LIB\C51L.LIB (?C?PLDXDATA)
  C:\KEIL_V5\C51\LIB\C51L.LIB (?C?PSTXDATA)
  C:\KEIL_V5\C51\LIB\C51L.LIB (?C?PLDPDATA)
  C:\KEIL_V5\C51\LIB\C51L.LIB (?C?PSTPDATA)
  C:\KEIL_V5\C51\LIB\C51L.LIB (?C?PLDCODE)


LINK MAP OF MODULE:  .\Objects\20ma_control (?C_STARTUP)


            TYPE    BASE      LENGTH    RELOCATION   SEGMENT NAME
            -----------------------------------------------------

            * * * * * * *   D A T A   M E M O R Y   * * * * * * *
            REG     0000H     0008H     ABSOLUTE     "REG BANK 0"
                    0008H     0018H                  *** GAP ***
            BIT     0020H.0   0000H.1   UNIT         ?BI?UART
                    0020H.1   0000H.7                *** GAP ***
            IDATA   0021H     0001H     UNIT         ?STACK

            * * * * * * *  X D A T A   M E M O R Y  * * * * * * *
            XDATA   0000H     00B5H     UNIT         ?XD?CONTROL
            XDATA   00B5H     0040H     UNIT         ?XD?EV1527
            XDATA   00F5H     002AH     UNIT         ?XD?SOFT_TIMER
            XDATA   011FH     0014H     UNIT         ?XD?USER_MAIN
            XDATA   0133H     000BH     UNIT         ?XD?_EV1527_ENCODE_POST?EV1527
            XDATA   013EH     0009H     UNIT         ?XD?HW_TIMER
            XDATA   0147H     0008H     UNIT         ?XD?_TIMER0_INIT?HW_TIMER
            XDATA   014FH     0008H     UNIT         ?XD?_TIMER1_INIT?HW_TIMER
            XDATA   0157H     0008H     UNIT         ?XD?_TIMER3_INIT?HW_TIMER
            XDATA   015FH     0008H     UNIT         ?XD?_HW_TIMER_INIT?HW_TIMER
            XDATA   0167H     0008H     UNIT         ?XD?_TK_TIMER_START?SOFT_TIMER
            XDATA   016FH     0008H     UNIT         ?XD?_SOFT_TIMER_START?SOFT_TIMER
            XDATA   0177H     0007H     UNIT         ?XD?_E2PROM_READ?E2PROM
            XDATA   017EH     0007H     UNIT         ?XD?_E2PROM_WRITE?E2PROM
            XDATA   0185H     0006H     UNIT         ?XD?_RF_DATA_PARSE?CONTROL
            XDATA   018BH     0006H     UNIT         ?XD?_EEPROM_READ_N?E2PROM
            XDATA   0191H     0006H     UNIT         ?XD?E2PROM
            XDATA   0197H     0006H     UNIT         ?XD?_EEPROM_WRITE_N?E2PROM
            XDATA   019DH     0006H     UNIT         ?XD?_EV1527_DECODE_INIT?EV1527
            XDATA   01A3H     0006H     UNIT         ?XD?_TK_TIMER_INIT?SOFT_TIMER
            XDATA   01A9H     0006H     UNIT         ?XD?_SOFT_TIMER_REGISTER?SOFT_TIMER
            XDATA   01AFH     0005H     UNIT         ?XD?_CALC_CRC?CONTROL
            XDATA   01B4H     0005H     UNIT         ?XD?_UART_HW_INIT?UART
            XDATA   01B9H     0005H     UNIT         ?XD?_PRINT_HEX?UART
            XDATA   01BEH     0004H     UNIT         ?XD?_ALLOW_RANGE?EV1527
            XDATA   01C2H     0004H     UNIT         ?XD?_EV1527_STATUS_PARSE?EV1527
            XDATA   01C6H     0004H     UNIT         ?XD?_ENCODE_TIMER_RESTART?EV1527
            XDATA   01CAH     0003H     UNIT         ?XD?_TIMER_LOG_HANDLE?USER_MAIN
            XDATA   01CDH     0003H     UNIT         ?XD?_USER_MAIN?USER_MAIN
            XDATA   01D0H     0003H     UNIT         ?XD?_EF_DATA_HANDLE?CONTROL
            XDATA   01D3H     0003H     UNIT         ?XD?_TIMER_MOTOR_HANDLE?CONTROL
            XDATA   01D6H     0003H     UNIT         ?XD?_TIMER_AIR_HANDLE?CONTROL
            XDATA   01D9H     0003H     UNIT         ?XD?_TIMER_POWER_HANDLE?CONTROL
            XDATA   01DCH     0003H     UNIT         ?XD?_TIMER_MP_HANDLE?CONTROL
BL51 BANKED LINKER/LOCATER V6.22.2.0                                                  04/10/2021  00:07:44  PAGE 3


            XDATA   01DFH     0003H     UNIT         ?XD?_TIMER_T_HANDLE?CONTROL
            XDATA   01E2H     0003H     UNIT         ?XD?READ_CHIP_ID?CONTROL
            XDATA   01E5H     0003H     UNIT         ?XD?_GPIO_HW_INIT?GPIO
            XDATA   01E8H     0003H     UNIT         ?XD?_GPIO_READ?GPIO
            XDATA   01EBH     0003H     UNIT         ?XD?_GPIO_WRITE?GPIO
            XDATA   01EEH     0003H     UNIT         ?XD?_PRINT_STR?UART
            XDATA   01F1H     0003H     UNIT         ?XD?_PWMA_CONFIG?PWM
            XDATA   01F4H     0003H     UNIT         ?XD?_PWMA_DUTY?PWM
            XDATA   01F7H     0003H     UNIT         ?XD?_PWMB_DUTY?PWM
            XDATA   01FAH     0003H     UNIT         ?XD?_PWMB_CONFIG?PWM
            XDATA   01FDH     0003H     UNIT         ?XD?_PWM_HW_INIT?PWM
            XDATA   0200H     0003H     UNIT         ?XD?_PWM_CHANGE_DUTY?PWM
            XDATA   0203H     0003H     UNIT         ?XD?_EV1527_DECODE_HANDLE?EV1527
            XDATA   0206H     0003H     UNIT         ?XD?_EV1527_ENCODE_HANDLE?EV1527
            XDATA   0209H     0003H     UNIT         ?XD?__TK_TIMER_FIND_NODE_TAIL?SOFT_TIMER
            XDATA   020CH     0003H     UNIT         ?XD?__TK_TIMER_INSERT_NODE_TO_LIST?SOFT_TIMER
            XDATA   020FH     0003H     UNIT         ?XD?_TK_TIMER_FUNC_INIT?SOFT_TIMER
            XDATA   0212H     0003H     UNIT         ?XD?_TK_TIMER_DETACH?SOFT_TIMER
            XDATA   0215H     0003H     UNIT         ?XD?__TK_TIMER_SET_START_PARAM?SOFT_TIMER
            XDATA   0218H     0003H     UNIT         ?XD?_TK_TIMER_STOP?SOFT_TIMER
            XDATA   021BH     0003H     UNIT         ?XD?_TK_TIMER_CONTINUE?SOFT_TIMER
            XDATA   021EH     0003H     UNIT         ?XD?_TK_TIMER_RESTART?SOFT_TIMER
            XDATA   0221H     0003H     UNIT         ?XD?_TK_TIMER_GET_MODE?SOFT_TIMER
            XDATA   0224H     0003H     UNIT         ?XD?_TK_TIMER_GET_STATE?SOFT_TIMER
            XDATA   0227H     0003H     UNIT         ?XD?_HW_TIMER_HANDLE?SOFT_TIMER
            XDATA   022AH     0003H     UNIT         ?XD?_SOFT_TIMER_STOP?SOFT_TIMER
            XDATA   022DH     0002H     UNIT         ?XD?USER_INIT?USER_MAIN
            XDATA   022FH     0002H     UNIT         ?XD?_CHANGE_MODE_LEVEL?CONTROL
            XDATA   0231H     0002H     UNIT         ?XD?_SETTIMER2BAUDRAYE?UART
            XDATA   0233H     0002H     UNIT         ?XD?_EEPROM_SECTORERASE?E2PROM
            XDATA   0235H     0002H     UNIT         ?XD?EV1527_ENCODE?EV1527
            XDATA   0237H     0001H     UNIT         ?XD?_MOTOR_CHANGE?CONTROL
            XDATA   0238H     0001H     UNIT         ?XD?_HOT_CHANGE?CONTROL
            XDATA   0239H     0001H     UNIT         ?XD?_AIR_CHANGE?CONTROL
            XDATA   023AH     0001H     UNIT         ?XD?_POWER_CHANGE?CONTROL
            XDATA   023BH     0001H     UNIT         ?XD?_TIMER_CHANGE?CONTROL
            XDATA   023CH     0001H     UNIT         ?XD?_MATCH_ID?CONTROL
            XDATA   023DH     0001H     UNIT         ?XD?_HW_TIMER_STOP?HW_TIMER
            XDATA   023EH     0001H     UNIT         ?XD?_RCC_HW_INIT?RCC
            XDATA   023FH     0001H     UNIT         ?XD?EV1527_DECODE?EV1527

            * * * * * * *   C O D E   M E M O R Y   * * * * * * *
            CODE    0000H     0003H     ABSOLUTE     
            CODE    0003H     0008H     UNIT         ?PR?RF_IO_READ?CONTROL
            CODE    000BH     0003H     ABSOLUTE     
            CODE    000EH     000DH     UNIT         ?PR?UART1_INT?UART
            CODE    001BH     0003H     ABSOLUTE     
            CODE    001EH     0004H     UNIT         ?PR?TIMER3_STOP?HW_TIMER
            CODE    0022H     0001H     UNIT         ?PR?UART2_CONFIG?UART
            CODE    0023H     0003H     ABSOLUTE     
            CODE    0026H     0075H     UNIT         ?PR?_TK_TIMER_FUNC_INIT?SOFT_TIMER
            CODE    009BH     0003H     ABSOLUTE     
            CODE    009EH     05D7H     UNIT         ?C?LIB_CODE
            CODE    0675H     04FBH     UNIT         ?PR?EV1527_ENCODE?EV1527
            CODE    0B70H     02E6H     UNIT         ?CO?CONTROL
            CODE    0E56H     02C7H     UNIT         ?PR?EV1527_DECODE?EV1527
            CODE    111DH     0190H     UNIT         ?PR?_TIMER_AIR_HANDLE?CONTROL
BL51 BANKED LINKER/LOCATER V6.22.2.0                                                  04/10/2021  00:07:44  PAGE 4


            CODE    12ADH     016AH     UNIT         ?PR?_GPIO_HW_INIT?GPIO
            CODE    1417H     0165H     UNIT         ?PR?TK_TIMER_LOOP_HANDLER?SOFT_TIMER
            CODE    157CH     014EH     UNIT         ?PR?_EV1527_ENCODE_POST?EV1527
            CODE    16CAH     0146H     UNIT         ?PR?_EEPROM_WRITE_N?E2PROM
            CODE    1810H     013BH     UNIT         ?PR?_TIMER0_INIT?HW_TIMER
            CODE    194BH     0135H     UNIT         ?PR?_PWMA_CONFIG?PWM
            CODE    1A80H     0131H     UNIT         ?PR?_TIMER1_INIT?HW_TIMER
            CODE    1BB1H     012AH     UNIT         ?PR?_TIMER_MOTOR_HANDLE?CONTROL
            CODE    1CDBH     0124H     UNIT         ?PR?_TIMER3_INIT?HW_TIMER
            CODE    1DFFH     0113H     UNIT         ?PR?_TK_TIMER_INIT?SOFT_TIMER
            CODE    1F12H     0110H     UNIT         ?PR?_MOTOR_CHANGE?CONTROL
            CODE    2022H     0110H     UNIT         ?PR?_GPIO_WRITE?GPIO
            CODE    2132H     010DH     UNIT         ?PR?_PWMB_CONFIG?PWM
            CODE    223FH     0104H     UNIT         ?PR?_AIR_CHANGE?CONTROL
            CODE    2343H     00F9H     UNIT         ?PR?_PRINT_HEX?UART
            CODE    243CH     00E8H     UNIT         ?C_INITSEG
            CODE    2524H     00D8H     UNIT         ?PR?_PWMA_DUTY?PWM
            CODE    25FCH     00D8H     UNIT         ?PR?_PWMB_DUTY?PWM
            CODE    26D4H     00D7H     UNIT         ?PR?CONTROL_USER_INIT?CONTROL
            CODE    27ABH     00D0H     UNIT         ?PR?_RF_DATA_PARSE?CONTROL
            CODE    287BH     00CCH     UNIT         ?PR?_POWER_CHANGE?CONTROL
            CODE    2947H     00C2H     UNIT         ?PR?_TIMER_MP_HANDLE?CONTROL
            CODE    2A09H     00AEH     UNIT         ?PR?_HOT_CHANGE?CONTROL
            CODE    2AB7H     00ADH     UNIT         ?PR?__TK_TIMER_SET_START_PARAM?SOFT_TIMER
            CODE    2B64H     00A6H     UNIT         ?PR?_EV1527_STATUS_PARSE?EV1527
            CODE    2C0AH     009CH     UNIT         ?PR?_GPIO_READ?GPIO
            CODE    2CA6H     0098H     UNIT         ?PR?_TK_TIMER_DETACH?SOFT_TIMER
            CODE    2D3EH     0097H     UNIT         ?PR?_EV1527_DECODE_INIT?EV1527
            CODE    2DD5H     0096H     UNIT         ?PR?_CHANGE_MODE_LEVEL?CONTROL
            CODE    2E6BH     0093H     UNIT         ?PR?_HW_TIMER_INIT?HW_TIMER
            CODE    2EFEH     008EH     UNIT         ?PR?WRITE_CONTROL_PARAMS?CONTROL
            CODE    2F8CH     008CH     UNIT         ?C_C51STARTUP
            CODE    3018H     008BH     UNIT         ?PR?_TIMER_CHANGE?CONTROL
            CODE    30A3H     008BH     UNIT         ?PR?__TK_TIMER_FIND_NODE_TAIL?SOFT_TIMER
            CODE    312EH     0083H     UNIT         ?PR?_TIMER_T_HANDLE?CONTROL
            CODE    31B1H     0082H     UNIT         ?PR?READ_CONTROL_PARAMS?CONTROL
            CODE    3233H     0080H     UNIT         ?PR?_CALC_CRC?CONTROL
            CODE    32B3H     007DH     UNIT         ?PR?_ALLOW_RANGE?EV1527
            CODE    3330H     0074H     UNIT         ?PR?_RCC_HW_INIT?RCC
            CODE    33A4H     0071H     UNIT         ?PR?__TK_TIMER_INSERT_NODE_TO_LIST?SOFT_TIMER
            CODE    3415H     006FH     UNIT         ?PR?TIMER0_INT?HW_TIMER
            CODE    3484H     006FH     UNIT         ?PR?TIMER1_INT?HW_TIMER
            CODE    34F3H     006FH     UNIT         ?PR?TIMER3_INT?HW_TIMER
            CODE    3562H     006FH     UNIT         ?PR?_EEPROM_READ_N?E2PROM
            CODE    35D1H     0062H     UNIT         ?PR?_E2PROM_WRITE?E2PROM
            CODE    3633H     005BH     UNIT         ?PR?_MATCH_ID?CONTROL
            CODE    368EH     005BH     UNIT         ?PR?_UART_HW_INIT?UART
            CODE    36E9H     005BH     UNIT         ?PR?_TK_TIMER_START?SOFT_TIMER
            CODE    3744H     005AH     UNIT         ?PR?READ_CONTROL_ID?CONTROL
            CODE    379EH     005AH     UNIT         ?PR?_HW_TIMER_STOP?HW_TIMER
            CODE    37F8H     0058H     UNIT         ?PR?USER_INIT?USER_MAIN
            CODE    3850H     0057H     UNIT         ?PR?CONTROL_LOOP?CONTROL
            CODE    38A7H     004EH     UNIT         ?PR?_EF_DATA_HANDLE?CONTROL
            CODE    38F5H     004CH     UNIT         ?PR?WRITE_CONTROL_ID?CONTROL
            CODE    3941H     0047H     UNIT         ?PR?READ_CHIP_ID?CONTROL
            CODE    3988H     0043H     UNIT         ?PR?_PRINT_STR?UART
            CODE    39CBH     0041H     UNIT         ?PR?_PWM_HW_INIT?PWM
BL51 BANKED LINKER/LOCATER V6.22.2.0                                                  04/10/2021  00:07:44  PAGE 5


            CODE    3A0CH     0041H     UNIT         ?PR?_PWM_CHANGE_DUTY?PWM
            CODE    3A4DH     0040H     UNIT         ?PR?_TIMER_POWER_HANDLE?CONTROL
            CODE    3A8DH     003FH     UNIT         ?PR?RF_INIT?CONTROL
            CODE    3ACCH     003EH     UNIT         ?PR?_SOFT_TIMER_REGISTER?SOFT_TIMER
            CODE    3B0AH     003EH     UNIT         ?PR?_SOFT_TIMER_START?SOFT_TIMER
            CODE    3B48H     0037H     UNIT         ?PR?MOTOR_INIT?CONTROL
            CODE    3B7FH     0037H     UNIT         ?PR?_E2PROM_READ?E2PROM
            CODE    3BB6H     0034H     UNIT         ?PR?_HW_TIMER_HANDLE?SOFT_TIMER
            CODE    3BEAH     0033H     UNIT         ?PR?_ENCODE_TIMER_RESTART?EV1527
            CODE    3C1DH     0033H     UNIT         ?PR?_TK_TIMER_STOP?SOFT_TIMER
            CODE    3C50H     0033H     UNIT         ?PR?_TK_TIMER_CONTINUE?SOFT_TIMER
            CODE    3C83H     0032H     UNIT         ?CO?USER_MAIN
            CODE    3CB5H     0032H     UNIT         ?PR?_SETTIMER2BAUDRAYE?UART
            CODE    3CE7H     0032H     UNIT         ?PR?_EEPROM_SECTORERASE?E2PROM
            CODE    3D19H     002FH     UNIT         ?PR?EV_PARAMS_RESET?EV1527
            CODE    3D48H     0027H     UNIT         ?PR?MAIN?MAIN
            CODE    3D6FH     0025H     UNIT         ?PR?AIR_INIT?CONTROL
            CODE    3D94H     0021H     UNIT         ?PR?_TK_TIMER_GET_MODE?SOFT_TIMER
            CODE    3DB5H     0021H     UNIT         ?PR?_TK_TIMER_GET_STATE?SOFT_TIMER
            CODE    3DD6H     0021H     UNIT         ?PR?SOFT_TIMER_UPDATE?SOFT_TIMER
            CODE    3DF7H     0020H     UNIT         ?PR?_USER_MAIN?USER_MAIN
            CODE    3E17H     001FH     UNIT         ?CO?UART
            CODE    3E36H     001EH     UNIT         ?PR?CONTROL_STATUS_INIT?CONTROL
            CODE    3E54H     001CH     UNIT         ?PR?_SOFT_TIMER_STOP?SOFT_TIMER
            CODE    3E70H     001AH     UNIT         ?PR?_TK_TIMER_RESTART?SOFT_TIMER
            CODE    3E8AH     0017H     UNIT         ?PR?UART1_CONFIG?UART
            CODE    3EA1H     0015H     UNIT         ?PR?_TIMER_LOG_HANDLE?USER_MAIN
            CODE    3EB6H     0014H     UNIT         ?PR?EEPROM_TRIG?E2PROM
            CODE    3ECAH     0014H     UNIT         ?CO?MAIN
            CODE    3EDEH     0013H     UNIT         ?PR?HOT_INIT?CONTROL
            CODE    3EF1H     0010H     UNIT         ?PR?DISABLEEEPROM?E2PROM
            CODE    3F01H     000FH     UNIT         ?PR?_EV1527_DECODE_HANDLE?EV1527
            CODE    3F10H     000FH     UNIT         ?PR?_EV1527_ENCODE_HANDLE?EV1527
            CODE    3F1FH     000FH     UNIT         ?PR?GET_TIMER_TICK?SOFT_TIMER
            CODE    3F2EH     000FH     UNIT         ?PR?SOFT_TIMER_INIT?SOFT_TIMER
            CODE    3F3DH     0008H     UNIT         ?PR?ENCODE_TIMER_STOP?EV1527
            CODE    3F45H     0006H     UNIT         ?PR?SOFT_TIMER_LOOP?SOFT_TIMER
            CODE    3F4BH     0003H     UNIT         ?PR?TIMER0_STOP?HW_TIMER
            CODE    3F4EH     0003H     UNIT         ?PR?TIMER1_STOP?HW_TIMER
            CODE    3F51H     0001H     UNIT         ?PR?E2PROM_HW_INIT?E2PROM



OVERLAY MAP OF MODULE:   .\Objects\20ma_control (?C_STARTUP)


SEGMENT
  +--> CALLED SEGMENT
---------------------
?C_C51STARTUP
  +--> ?PR?MAIN?MAIN
  +--> ?C_INITSEG

?PR?MAIN?MAIN
  +--> ?PR?_UART_HW_INIT?UART
  +--> ?CO?MAIN
  +--> ?PR?_PRINT_STR?UART
BL51 BANKED LINKER/LOCATER V6.22.2.0                                                  04/10/2021  00:07:44  PAGE 6


  +--> ?PR?_USER_MAIN?USER_MAIN

?PR?_UART_HW_INIT?UART
  +--> ?PR?_SETTIMER2BAUDRAYE?UART
  +--> ?PR?UART1_CONFIG?UART
  +--> ?PR?UART2_CONFIG?UART
  +--> ?CO?UART
  +--> ?PR?_PRINT_STR?UART

?PR?_USER_MAIN?USER_MAIN
  +--> ?CO?USER_MAIN
  +--> ?PR?_PRINT_STR?UART
  +--> ?PR?USER_INIT?USER_MAIN
  +--> ?PR?SOFT_TIMER_LOOP?SOFT_TIMER
  +--> ?PR?CONTROL_LOOP?CONTROL

?PR?USER_INIT?USER_MAIN
  +--> ?PR?SOFT_TIMER_INIT?SOFT_TIMER
  +--> ?PR?_TIMER_LOG_HANDLE?USER_MAIN
  +--> ?PR?_SOFT_TIMER_REGISTER?SOFT_TIMER
  +--> ?PR?_SOFT_TIMER_START?SOFT_TIMER
  +--> ?PR?CONTROL_USER_INIT?CONTROL
  +--> ?CO?USER_MAIN
  +--> ?PR?_PRINT_STR?UART

?PR?SOFT_TIMER_INIT?SOFT_TIMER
  +--> ?PR?SOFT_TIMER_UPDATE?SOFT_TIMER
  +--> ?PR?GET_TIMER_TICK?SOFT_TIMER
  +--> ?PR?_TK_TIMER_FUNC_INIT?SOFT_TIMER

?PR?SOFT_TIMER_UPDATE?SOFT_TIMER
  +--> ?PR?_HW_TIMER_HANDLE?SOFT_TIMER
  +--> ?PR?_HW_TIMER_INIT?HW_TIMER

?PR?_HW_TIMER_INIT?HW_TIMER
  +--> ?PR?_TIMER0_INIT?HW_TIMER
  +--> ?PR?_TIMER1_INIT?HW_TIMER
  +--> ?PR?_TIMER3_INIT?HW_TIMER

?PR?_TIMER_LOG_HANDLE?USER_MAIN
  +--> ?CO?USER_MAIN
  +--> ?PR?_PRINT_STR?UART

?PR?_SOFT_TIMER_REGISTER?SOFT_TIMER
  +--> ?PR?_TK_TIMER_INIT?SOFT_TIMER

?PR?_TK_TIMER_INIT?SOFT_TIMER
  +--> ?PR?__TK_TIMER_INSERT_NODE_TO_LIST?SO...

?PR?__TK_TIMER_INSERT_NODE_TO_LIST?SO...
  +--> ?PR?__TK_TIMER_FIND_NODE_TAIL?SOFT_TIMER

?PR?_SOFT_TIMER_START?SOFT_TIMER
  +--> ?PR?_TK_TIMER_START?SOFT_TIMER

?PR?_TK_TIMER_START?SOFT_TIMER
  +--> ?PR?__TK_TIMER_SET_START_PARAM?SOFT_T...
BL51 BANKED LINKER/LOCATER V6.22.2.0                                                  04/10/2021  00:07:44  PAGE 7



?PR?CONTROL_USER_INIT?CONTROL
  +--> ?PR?MOTOR_INIT?CONTROL
  +--> ?PR?HOT_INIT?CONTROL
  +--> ?PR?AIR_INIT?CONTROL
  +--> ?PR?RF_INIT?CONTROL
  +--> ?PR?_TIMER_MOTOR_HANDLE?CONTROL
  +--> ?PR?_SOFT_TIMER_REGISTER?SOFT_TIMER
  +--> ?PR?_TIMER_AIR_HANDLE?CONTROL
  +--> ?PR?_TIMER_T_HANDLE?CONTROL
  +--> ?PR?_TIMER_POWER_HANDLE?CONTROL
  +--> ?PR?_TIMER_MP_HANDLE?CONTROL
  +--> ?CO?CONTROL
  +--> ?PR?_PRINT_STR?UART
  +--> ?PR?CONTROL_STATUS_INIT?CONTROL

?PR?MOTOR_INIT?CONTROL
  +--> ?PR?_GPIO_HW_INIT?GPIO
  +--> ?PR?_GPIO_WRITE?GPIO
  +--> ?PR?_PWM_HW_INIT?PWM
  +--> ?PR?_PWM_CHANGE_DUTY?PWM

?PR?_PWM_HW_INIT?PWM
  +--> ?PR?_PWMA_CONFIG?PWM
  +--> ?PR?_PWMB_CONFIG?PWM

?PR?_PWM_CHANGE_DUTY?PWM
  +--> ?PR?_PWMA_DUTY?PWM
  +--> ?PR?_PWMB_DUTY?PWM

?PR?HOT_INIT?CONTROL
  +--> ?PR?_PWM_HW_INIT?PWM
  +--> ?PR?_PWM_CHANGE_DUTY?PWM

?PR?AIR_INIT?CONTROL
  +--> ?PR?_GPIO_HW_INIT?GPIO
  +--> ?PR?_GPIO_WRITE?GPIO

?PR?RF_INIT?CONTROL
  +--> ?PR?_GPIO_HW_INIT?GPIO
  +--> ?PR?RF_IO_READ?CONTROL
  +--> ?PR?_EF_DATA_HANDLE?CONTROL
  +--> ?PR?_EV1527_DECODE_INIT?EV1527

?PR?RF_IO_READ?CONTROL
  +--> ?PR?_GPIO_READ?GPIO

?PR?_EV1527_DECODE_INIT?EV1527
  +--> ?PR?_EV1527_DECODE_HANDLE?EV1527
  +--> ?PR?_HW_TIMER_INIT?HW_TIMER

?PR?_EV1527_DECODE_HANDLE?EV1527
  +--> ?PR?EV1527_DECODE?EV1527

?PR?EV1527_DECODE?EV1527
  +--> ?PR?_EV1527_STATUS_PARSE?EV1527
  +--> ?PR?EV_PARAMS_RESET?EV1527
BL51 BANKED LINKER/LOCATER V6.22.2.0                                                  04/10/2021  00:07:44  PAGE 8



?PR?_EV1527_STATUS_PARSE?EV1527
  +--> ?PR?_ALLOW_RANGE?EV1527

?PR?_TIMER_MOTOR_HANDLE?CONTROL
  +--> ?CO?CONTROL
  +--> ?PR?_PRINT_STR?UART
  +--> ?PR?_GPIO_WRITE?GPIO

?PR?_TIMER_AIR_HANDLE?CONTROL
  +--> ?CO?CONTROL
  +--> ?PR?_PRINT_STR?UART
  +--> ?PR?_GPIO_WRITE?GPIO

?PR?_TIMER_T_HANDLE?CONTROL
  +--> ?CO?CONTROL
  +--> ?PR?_PRINT_STR?UART
  +--> ?PR?_HOT_CHANGE?CONTROL
  +--> ?PR?_SOFT_TIMER_STOP?SOFT_TIMER
  +--> ?PR?_AIR_CHANGE?CONTROL
  +--> ?PR?_MOTOR_CHANGE?CONTROL

?PR?_HOT_CHANGE?CONTROL
  +--> ?CO?CONTROL
  +--> ?PR?_PRINT_STR?UART
  +--> ?PR?_PRINT_HEX?UART
  +--> ?PR?_PWM_CHANGE_DUTY?PWM

?PR?_SOFT_TIMER_STOP?SOFT_TIMER
  +--> ?PR?_TK_TIMER_STOP?SOFT_TIMER

?PR?_AIR_CHANGE?CONTROL
  +--> ?CO?CONTROL
  +--> ?PR?_PRINT_STR?UART
  +--> ?PR?_GPIO_WRITE?GPIO
  +--> ?PR?_SOFT_TIMER_STOP?SOFT_TIMER
  +--> ?PR?_SOFT_TIMER_START?SOFT_TIMER

?PR?_MOTOR_CHANGE?CONTROL
  +--> ?CO?CONTROL
  +--> ?PR?_PRINT_STR?UART
  +--> ?PR?_PWM_CHANGE_DUTY?PWM
  +--> ?PR?_GPIO_WRITE?GPIO
  +--> ?PR?_SOFT_TIMER_STOP?SOFT_TIMER
  +--> ?PR?_SOFT_TIMER_START?SOFT_TIMER

?PR?_TIMER_POWER_HANDLE?CONTROL
  +--> ?CO?CONTROL
  +--> ?PR?_PRINT_STR?UART
  +--> ?PR?_POWER_CHANGE?CONTROL
  +--> ?PR?_SOFT_TIMER_STOP?SOFT_TIMER

?PR?_POWER_CHANGE?CONTROL
  +--> ?CO?CONTROL
  +--> ?PR?_PRINT_STR?UART
  +--> ?PR?_MOTOR_CHANGE?CONTROL
  +--> ?PR?_HOT_CHANGE?CONTROL
BL51 BANKED LINKER/LOCATER V6.22.2.0                                                  04/10/2021  00:07:44  PAGE 9


  +--> ?PR?_AIR_CHANGE?CONTROL
  +--> ?PR?_SOFT_TIMER_START?SOFT_TIMER
  +--> ?PR?_TIMER_CHANGE?CONTROL

?PR?_TIMER_CHANGE?CONTROL
  +--> ?CO?CONTROL
  +--> ?PR?_PRINT_STR?UART
  +--> ?PR?_SOFT_TIMER_START?SOFT_TIMER
  +--> ?PR?_SOFT_TIMER_STOP?SOFT_TIMER

?PR?_TIMER_MP_HANDLE?CONTROL
  +--> ?CO?CONTROL
  +--> ?PR?_PRINT_STR?UART
  +--> ?PR?_GPIO_WRITE?GPIO
  +--> ?PR?_PWM_CHANGE_DUTY?PWM
  +--> ?PR?_SOFT_TIMER_STOP?SOFT_TIMER

?PR?CONTROL_STATUS_INIT?CONTROL
  +--> ?PR?READ_CONTROL_PARAMS?CONTROL
  +--> ?PR?READ_CONTROL_ID?CONTROL
  +--> ?PR?_POWER_CHANGE?CONTROL

?PR?READ_CONTROL_PARAMS?CONTROL
  +--> ?PR?_E2PROM_READ?E2PROM
  +--> ?PR?_PRINT_HEX?UART
  +--> ?PR?_CALC_CRC?CONTROL
  +--> ?CO?CONTROL
  +--> ?PR?_PRINT_STR?UART

?PR?_E2PROM_READ?E2PROM
  +--> ?PR?_EEPROM_READ_N?E2PROM

?PR?_EEPROM_READ_N?E2PROM
  +--> ?PR?EEPROM_TRIG?E2PROM
  +--> ?PR?DISABLEEEPROM?E2PROM

?PR?READ_CONTROL_ID?CONTROL
  +--> ?PR?_E2PROM_READ?E2PROM
  +--> ?PR?_PRINT_HEX?UART
  +--> ?PR?_CALC_CRC?CONTROL
  +--> ?CO?CONTROL
  +--> ?PR?_PRINT_STR?UART

?PR?SOFT_TIMER_LOOP?SOFT_TIMER
  +--> ?PR?TK_TIMER_LOOP_HANDLER?SOFT_TIMER

?PR?TK_TIMER_LOOP_HANDLER?SOFT_TIMER
  +--> ?PR?_TK_TIMER_RESTART?SOFT_TIMER

?PR?_TK_TIMER_RESTART?SOFT_TIMER
  +--> ?PR?__TK_TIMER_SET_START_PARAM?SOFT_T...

?PR?CONTROL_LOOP?CONTROL
  +--> ?PR?_RF_DATA_PARSE?CONTROL
  +--> ?CO?CONTROL
  +--> ?PR?_PRINT_STR?UART
  +--> ?PR?_CHANGE_MODE_LEVEL?CONTROL
BL51 BANKED LINKER/LOCATER V6.22.2.0                                                  04/10/2021  00:07:44  PAGE 10



?PR?_RF_DATA_PARSE?CONTROL
  +--> ?PR?_PRINT_HEX?UART
  +--> ?CO?CONTROL
  +--> ?PR?_PRINT_STR?UART

?PR?_CHANGE_MODE_LEVEL?CONTROL
  +--> ?PR?_POWER_CHANGE?CONTROL
  +--> ?PR?WRITE_CONTROL_PARAMS?CONTROL
  +--> ?PR?_TIMER_CHANGE?CONTROL
  +--> ?PR?_MOTOR_CHANGE?CONTROL
  +--> ?PR?_HOT_CHANGE?CONTROL
  +--> ?PR?_AIR_CHANGE?CONTROL
  +--> ?PR?_MATCH_ID?CONTROL
  +--> ?PR?WRITE_CONTROL_ID?CONTROL
  +--> ?CO?CONTROL
  +--> ?PR?_PRINT_STR?UART

?PR?WRITE_CONTROL_PARAMS?CONTROL
  +--> ?PR?_CALC_CRC?CONTROL
  +--> ?PR?_PRINT_HEX?UART
  +--> ?PR?_E2PROM_WRITE?E2PROM
  +--> ?CO?CONTROL
  +--> ?PR?_PRINT_STR?UART

?PR?_E2PROM_WRITE?E2PROM
  +--> ?PR?_EEPROM_SECTORERASE?E2PROM
  +--> ?PR?_EEPROM_WRITE_N?E2PROM

?PR?_EEPROM_SECTORERASE?E2PROM
  +--> ?PR?EEPROM_TRIG?E2PROM
  +--> ?PR?DISABLEEEPROM?E2PROM

?PR?_EEPROM_WRITE_N?E2PROM
  +--> ?PR?EEPROM_TRIG?E2PROM
  +--> ?PR?DISABLEEEPROM?E2PROM

?PR?_MATCH_ID?CONTROL
  +--> ?PR?WRITE_CONTROL_ID?CONTROL
  +--> ?PR?_PRINT_HEX?UART
  +--> ?PR?_SOFT_TIMER_START?SOFT_TIMER

?PR?WRITE_CONTROL_ID?CONTROL
  +--> ?PR?_CALC_CRC?CONTROL
  +--> ?PR?_PRINT_HEX?UART
  +--> ?PR?_E2PROM_WRITE?E2PROM
  +--> ?CO?CONTROL
  +--> ?PR?_PRINT_STR?UART



SYMBOL TABLE OF MODULE:  .\Objects\20ma_control (?C_STARTUP)

  VALUE           TYPE          NAME
  ----------------------------------

  -------         MODULE        ?C_STARTUP
BL51 BANKED LINKER/LOCATER V6.22.2.0                                                  04/10/2021  00:07:44  PAGE 11


  C:2F8CH         SEGMENT       ?C_C51STARTUP
  I:0021H         SEGMENT       ?STACK
  C:0000H         PUBLIC        ?C_STARTUP
  D:00E0H         SYMBOL        ACC
  D:00F0H         SYMBOL        B
  D:0083H         SYMBOL        DPH
  D:0082H         SYMBOL        DPL
  N:0000H         SYMBOL        IBPSTACK
  N:0100H         SYMBOL        IBPSTACKTOP
  N:0080H         SYMBOL        IDATALEN
  C:2F8FH         SYMBOL        IDATALOOP
  N:0000H         SYMBOL        PBPSTACK
  N:0100H         SYMBOL        PBPSTACKTOP
  N:0000H         SYMBOL        PDATALEN
  N:0000H         SYMBOL        PDATASTART
  N:0000H         SYMBOL        PPAGE
  N:0000H         SYMBOL        PPAGEENABLE
  D:00A0H         SYMBOL        PPAGE_SFR
  D:0081H         SYMBOL        SP
  C:2F8CH         SYMBOL        STARTUP1
  N:0000H         SYMBOL        XBPSTACK
  N:0000H         SYMBOL        XBPSTACKTOP
  N:0000H         SYMBOL        XDATALEN
  N:0000H         SYMBOL        XDATASTART
  C:0000H         LINE#         126
  C:2F8CH         LINE#         133
  C:2F8EH         LINE#         134
  C:2F8FH         LINE#         135
  C:2F90H         LINE#         136
  C:2F92H         LINE#         185
  C:2F95H         LINE#         196
  -------         ENDMOD        ?C_STARTUP

  -------         MODULE        USER_MAIN
  C:0000H         SYMBOL        _ICE_DUMMY_
  C:3EA1H         SYMBOL        _timer_log_handle
  X:011FH         SYMBOL        timer_log
  C:3DF7H         PUBLIC        _user_main
  C:37F8H         SYMBOL        user_init
  -------         PROC          _TIMER_LOG_HANDLE
  X:01CAH         SYMBOL        timer
  C:3EA1H         LINE#         36
  C:3EACH         LINE#         37
  C:3EACH         LINE#         38
  C:3EB5H         LINE#         39
  -------         ENDPROC       _TIMER_LOG_HANDLE
  -------         PROC          USER_INIT
  -------         DO            
  X:022DH         SYMBOL        ret
  -------         ENDDO         
  C:37F8H         LINE#         41
  C:37F8H         LINE#         42
  C:37F8H         LINE#         43
  C:3800H         LINE#         45
  C:3803H         LINE#         46
  C:3829H         LINE#         47
  C:383EH         LINE#         49
BL51 BANKED LINKER/LOCATER V6.22.2.0                                                  04/10/2021  00:07:44  PAGE 12


  C:3841H         LINE#         51
  C:384AH         LINE#         53
  C:384FH         LINE#         54
  -------         ENDPROC       USER_INIT
  -------         PROC          _USER_MAIN
  X:01CDH         SYMBOL        p
  C:3DF7H         LINE#         63
  C:3E02H         LINE#         64
  C:3E02H         LINE#         65
  C:3E0BH         LINE#         67
  C:3E0EH         LINE#         69
  C:3E0EH         LINE#         71
  C:3E11H         LINE#         74
  C:3E14H         LINE#         75
  -------         ENDPROC       _USER_MAIN
  -------         ENDMOD        USER_MAIN

  -------         MODULE        CONTROL
  C:0000H         SYMBOL        _ICE_DUMMY_
  C:1F12H         SYMBOL        _motor_change
  C:3A4DH         SYMBOL        _timer_power_handle
  C:223FH         SYMBOL        _air_change
  C:1BB1H         SYMBOL        _timer_motor_handle
  C:0003H         SYMBOL        rf_io_read
  C:111DH         SYMBOL        _timer_air_handle
  C:2A09H         SYMBOL        _hot_change
  C:38A7H         SYMBOL        _ef_data_handle
  C:3850H         PUBLIC        control_loop
  C:3E36H         SYMBOL        control_status_init
  X:0008H         SYMBOL        ctl_params
  C:3233H         SYMBOL        _calc_crc
  C:3744H         SYMBOL        read_control_id
  C:2947H         SYMBOL        _timer_mp_handle
  X:001CH         SYMBOL        power_timer
  X:0030H         SYMBOL        e2_buf
  X:0036H         SYMBOL        motor_timer
  C:3633H         SYMBOL        _match_id
  C:26D4H         PUBLIC        control_user_init
  X:004AH         SYMBOL        rf_params
  X:0059H         SYMBOL        air_timer
  C:38F5H         SYMBOL        write_control_id
  C:312EH         SYMBOL        _timer_t_handle
  C:3B48H         SYMBOL        motor_init
  C:3941H         SYMBOL        read_chip_id
  C:27ABH         SYMBOL        _rf_data_parse
  C:3D6FH         SYMBOL        air_init
  X:006DH         SYMBOL        mp_timer
  C:3EDEH         SYMBOL        hot_init
  C:31B1H         SYMBOL        read_control_params
  C:2DD5H         SYMBOL        _change_mode_level
  C:3018H         SYMBOL        _timer_change
  C:3A8DH         SYMBOL        rf_init
  X:0081H         SYMBOL        t_timer
  C:287BH         SYMBOL        _power_change
  C:2EFEH         SYMBOL        write_control_params
  X:0095H         SYMBOL        mode_pwm_map
  -------         PROC          MOTOR_INIT
BL51 BANKED LINKER/LOCATER V6.22.2.0                                                  04/10/2021  00:07:44  PAGE 13


  C:3B48H         LINE#         104
  C:3B48H         LINE#         105
  C:3B48H         LINE#         112
  C:3B51H         LINE#         113
  C:3B5AH         LINE#         115
  C:3B63H         LINE#         116
  C:3B6CH         LINE#         118
  C:3B75H         LINE#         119
  C:3B7EH         LINE#         120
  -------         ENDPROC       MOTOR_INIT
  -------         PROC          HOT_INIT
  C:3EDEH         LINE#         122
  C:3EDEH         LINE#         123
  C:3EDEH         LINE#         124
  C:3EE7H         LINE#         125
  C:3EF0H         LINE#         126
  -------         ENDPROC       HOT_INIT
  -------         PROC          AIR_INIT
  C:3D6FH         LINE#         128
  C:3D6FH         LINE#         129
  C:3D6FH         LINE#         130
  C:3D78H         LINE#         131
  C:3D81H         LINE#         136
  C:3D8AH         LINE#         137
  C:3D93H         LINE#         138
  -------         ENDPROC       AIR_INIT
  -------         PROC          RF_IO_READ
  C:0003H         LINE#         140
  C:0003H         LINE#         141
  C:0003H         LINE#         142
  C:000AH         LINE#         143
  -------         ENDPROC       RF_IO_READ
  -------         PROC          _EF_DATA_HANDLE
  X:01D0H         SYMBOL        ev_buf
  C:38A7H         LINE#         145
  C:38B2H         LINE#         146
  C:38B2H         LINE#         147
  C:38BFH         LINE#         148
  C:38BFH         LINE#         149
  C:38C2H         LINE#         150
  C:38C2H         LINE#         152
  C:38ECH         LINE#         153
  C:38F2H         LINE#         155
  C:38F4H         LINE#         156
  -------         ENDPROC       _EF_DATA_HANDLE
  -------         PROC          RF_INIT
  C:3A8DH         LINE#         158
  C:3A8DH         LINE#         159
  C:3A8DH         LINE#         160
  C:3A9CH         LINE#         162
  C:3AA5H         LINE#         164
  C:3ACBH         LINE#         165
  -------         ENDPROC       RF_INIT
  -------         PROC          _CALC_CRC
  X:01AFH         SYMBOL        buf
  X:01B2H         SYMBOL        len
  -------         DO            
BL51 BANKED LINKER/LOCATER V6.22.2.0                                                  04/10/2021  00:07:44  PAGE 14


  X:0000H         SYMBOL        i
  X:0002H         SYMBOL        crc
  -------         ENDDO         
  C:3233H         LINE#         167
  C:3246H         LINE#         168
  C:3246H         LINE#         171
  C:324EH         LINE#         172
  C:326DH         LINE#         173
  C:3296H         LINE#         174
  C:32A6H         LINE#         176
  C:32B2H         LINE#         177
  -------         ENDPROC       _CALC_CRC
  -------         PROC          _RF_DATA_PARSE
  X:0185H         SYMBOL        mode
  X:0188H         SYMBOL        level
  -------         DO            
  X:0004H         SYMBOL        crc
  -------         ENDDO         
  C:27ABH         LINE#         179
  C:27B6H         LINE#         180
  C:27B6H         LINE#         184
  C:27C1H         LINE#         186
  C:27CCH         LINE#         191
  C:27D9H         LINE#         192
  C:27D9H         LINE#         193
  C:27E2H         LINE#         194
  C:27E5H         LINE#         195
  C:27E5H         LINE#         199
  C:27FFH         LINE#         200
  C:280DH         LINE#         201
  C:280DH         LINE#         202
  C:2816H         LINE#         203
  C:2819H         LINE#         204
  C:2819H         LINE#         234
  C:283FH         LINE#         235
  C:283FH         LINE#         236
  C:2848H         LINE#         237
  C:284BH         LINE#         238
  C:284BH         LINE#         243
  C:2855H         LINE#         244
  C:285FH         LINE#         246
  C:286AH         LINE#         247
  C:2875H         LINE#         249
  C:287AH         LINE#         250
  -------         ENDPROC       _RF_DATA_PARSE
  -------         PROC          _TIMER_MOTOR_HANDLE
  X:01D3H         SYMBOL        timer
  C:1BB1H         LINE#         252
  C:1BBCH         LINE#         253
  C:1BBCH         LINE#         254
  C:1BC5H         LINE#         256
  C:1BCBH         LINE#         258
  C:1BDBH         LINE#         259
  C:1BDBH         LINE#         260
  C:1BDBH         LINE#         261
  C:1BE8H         LINE#         262
  C:1BE8H         LINE#         263
BL51 BANKED LINKER/LOCATER V6.22.2.0                                                  04/10/2021  00:07:44  PAGE 15


  C:1BFAH         LINE#         264
  C:1BFAH         LINE#         265
  C:1BFFH         LINE#         268
  C:1C08H         LINE#         269
  C:1C11H         LINE#         270
  C:1C12H         LINE#         272
  C:1C12H         LINE#         275
  C:1C1BH         LINE#         276
  C:1C24H         LINE#         277
  C:1C24H         LINE#         278
  C:1C25H         LINE#         279
  C:1C35H         LINE#         280
  C:1C35H         LINE#         281
  C:1C47H         LINE#         282
  C:1C47H         LINE#         283
  C:1C4CH         LINE#         286
  C:1C55H         LINE#         287
  C:1C5EH         LINE#         288
  C:1C5FH         LINE#         289
  C:1C6CH         LINE#         290
  C:1C6CH         LINE#         293
  C:1C75H         LINE#         294
  C:1C7EH         LINE#         295
  C:1C7FH         LINE#         296
  C:1C91H         LINE#         297
  C:1C91H         LINE#         300
  C:1C9AH         LINE#         301
  C:1CA3H         LINE#         302
  C:1CA4H         LINE#         303
  C:1CC8H         LINE#         304
  C:1CC8H         LINE#         307
  C:1CD1H         LINE#         308
  C:1CDAH         LINE#         309
  C:1CDAH         LINE#         311
  C:1CDAH         LINE#         312
  C:1CDAH         LINE#         313
  C:1CDAH         LINE#         315
  C:1CDAH         LINE#         316
  -------         ENDPROC       _TIMER_MOTOR_HANDLE
  -------         PROC          _MOTOR_CHANGE
  X:0237H         SYMBOL        level
  C:1F12H         LINE#         318
  C:1F17H         LINE#         319
  C:1F17H         LINE#         320
  C:1F24H         LINE#         321
  C:1F24H         LINE#         322
  C:1F2EH         LINE#         324
  C:1F2EH         LINE#         326
  C:1F39H         LINE#         327
  C:1F39H         LINE#         328
  C:1F43H         LINE#         330
  C:1F43H         LINE#         332
  C:1F55H         LINE#         333
  C:1F55H         LINE#         334
  C:1F5FH         LINE#         336
  C:1F5FH         LINE#         338
  C:1F6CH         LINE#         339
BL51 BANKED LINKER/LOCATER V6.22.2.0                                                  04/10/2021  00:07:44  PAGE 16


  C:1F6CH         LINE#         340
  C:1F75H         LINE#         341
  C:1F77H         LINE#         342
  C:1F84H         LINE#         343
  C:1F84H         LINE#         344
  C:1F8DH         LINE#         345
  C:1F8FH         LINE#         346
  C:1F9CH         LINE#         347
  C:1F9CH         LINE#         348
  C:1FA5H         LINE#         349
  C:1FA5H         LINE#         351
  C:1FA5H         LINE#         353
  C:1FAEH         LINE#         359
  C:1FC9H         LINE#         361
  C:1FD4H         LINE#         362
  C:1FD4H         LINE#         365
  C:1FDDH         LINE#         366
  C:1FE6H         LINE#         368
  C:1FEBH         LINE#         369
  C:1FF4H         LINE#         370
  C:1FF5H         LINE#         372
  C:1FF5H         LINE#         375
  C:1FFEH         LINE#         376
  C:2007H         LINE#         378
  C:200CH         LINE#         379
  C:2021H         LINE#         380
  C:2021H         LINE#         382
  -------         ENDPROC       _MOTOR_CHANGE
  -------         PROC          _HOT_CHANGE
  X:0238H         SYMBOL        level
  C:2A09H         LINE#         384
  C:2A0EH         LINE#         385
  C:2A0EH         LINE#         386
  C:2A1BH         LINE#         387
  C:2A1BH         LINE#         388
  C:2A25H         LINE#         390
  C:2A25H         LINE#         392
  C:2A37H         LINE#         393
  C:2A37H         LINE#         394
  C:2A41H         LINE#         396
  C:2A41H         LINE#         398
  C:2A4EH         LINE#         399
  C:2A4EH         LINE#         400
  C:2A57H         LINE#         401
  C:2A59H         LINE#         402
  C:2A66H         LINE#         403
  C:2A66H         LINE#         404
  C:2A6FH         LINE#         405
  C:2A71H         LINE#         406
  C:2A7EH         LINE#         407
  C:2A7EH         LINE#         408
  C:2A87H         LINE#         409
  C:2A87H         LINE#         411
  C:2A87H         LINE#         413
  C:2A92H         LINE#         415
  C:2A9BH         LINE#         416
  C:2AB6H         LINE#         417
BL51 BANKED LINKER/LOCATER V6.22.2.0                                                  04/10/2021  00:07:44  PAGE 17


  -------         ENDPROC       _HOT_CHANGE
  -------         PROC          _TIMER_AIR_HANDLE
  X:01D6H         SYMBOL        timer
  -------         DO            
  X:0005H         SYMBOL        level
  -------         ENDDO         
  C:111DH         LINE#         423
  C:1128H         LINE#         424
  C:1128H         LINE#         427
  C:1131H         LINE#         429
  C:113CH         LINE#         430
  C:113CH         LINE#         431
  C:1146H         LINE#         432
  C:1146H         LINE#         434
  C:114CH         LINE#         436
  C:1176H         LINE#         437
  C:1176H         LINE#         438
  C:117BH         LINE#         439
  C:1184H         LINE#         441
  C:118DH         LINE#         442
  C:1196H         LINE#         443
  C:1197H         LINE#         444
  C:11B9H         LINE#         445
  C:11B9H         LINE#         446
  C:11C2H         LINE#         448
  C:11CBH         LINE#         449
  C:11D4H         LINE#         450
  C:11D5H         LINE#         451
  C:1221H         LINE#         452
  C:1221H         LINE#         453
  C:122AH         LINE#         455
  C:1233H         LINE#         456
  C:123CH         LINE#         457
  C:123DH         LINE#         458
  C:1291H         LINE#         459
  C:1291H         LINE#         460
  C:129AH         LINE#         462
  C:12A3H         LINE#         463
  C:12ACH         LINE#         464
  C:12ACH         LINE#         466
  C:12ACH         LINE#         467
  -------         ENDPROC       _TIMER_AIR_HANDLE
  -------         PROC          _AIR_CHANGE
  X:0239H         SYMBOL        level
  C:223FH         LINE#         469
  C:2244H         LINE#         470
  C:2244H         LINE#         471
  C:2251H         LINE#         472
  C:2251H         LINE#         473
  C:225BH         LINE#         475
  C:225BH         LINE#         477
  C:2266H         LINE#         478
  C:2266H         LINE#         479
  C:2270H         LINE#         481
  C:2270H         LINE#         483
  C:2282H         LINE#         484
  C:2282H         LINE#         485
BL51 BANKED LINKER/LOCATER V6.22.2.0                                                  04/10/2021  00:07:44  PAGE 18


  C:228CH         LINE#         487
  C:228CH         LINE#         489
  C:2299H         LINE#         490
  C:2299H         LINE#         491
  C:22A2H         LINE#         492
  C:22A4H         LINE#         493
  C:22B1H         LINE#         494
  C:22B1H         LINE#         495
  C:22BAH         LINE#         496
  C:22BCH         LINE#         497
  C:22C9H         LINE#         498
  C:22C9H         LINE#         499
  C:22D2H         LINE#         500
  C:22D2H         LINE#         502
  C:22D2H         LINE#         504
  C:22DDH         LINE#         505
  C:22DDH         LINE#         506
  C:22E6H         LINE#         507
  C:22EFH         LINE#         509
  C:22F8H         LINE#         511
  C:22FDH         LINE#         512
  C:2306H         LINE#         513
  C:2307H         LINE#         515
  C:2307H         LINE#         516
  C:2310H         LINE#         517
  C:2319H         LINE#         519
  C:2322H         LINE#         522
  C:232DH         LINE#         523
  C:232DH         LINE#         524
  C:2342H         LINE#         525
  C:2342H         LINE#         526
  C:2342H         LINE#         527
  -------         ENDPROC       _AIR_CHANGE
  -------         PROC          _TIMER_POWER_HANDLE
  X:01D9H         SYMBOL        timer
  C:3A4DH         LINE#         529
  C:3A58H         LINE#         530
  C:3A58H         LINE#         531
  C:3A61H         LINE#         533
  C:3A67H         LINE#         535
  C:3A79H         LINE#         536
  C:3A79H         LINE#         537
  C:3A7EH         LINE#         538
  C:3A83H         LINE#         539
  C:3A8CH         LINE#         540
  C:3A8CH         LINE#         541
  -------         ENDPROC       _TIMER_POWER_HANDLE
  -------         PROC          _TIMER_MP_HANDLE
  X:01DCH         SYMBOL        timer
  C:2947H         LINE#         543
  C:2952H         LINE#         544
  C:2952H         LINE#         545
  C:295BH         LINE#         547
  C:296AH         LINE#         548
  C:296AH         LINE#         551
  C:2973H         LINE#         552
  C:297CH         LINE#         553
BL51 BANKED LINKER/LOCATER V6.22.2.0                                                  04/10/2021  00:07:44  PAGE 19


  C:2989H         LINE#         554
  C:298BH         LINE#         556
  C:298BH         LINE#         559
  C:2994H         LINE#         560
  C:299DH         LINE#         561
  C:29A6H         LINE#         562
  C:29A6H         LINE#         564
  C:29ACH         LINE#         566
  C:29DFH         LINE#         567
  C:29DFH         LINE#         568
  C:29E4H         LINE#         571
  C:29EDH         LINE#         572
  C:29F6H         LINE#         573
  C:29FFH         LINE#         574
  C:2A08H         LINE#         575
  C:2A08H         LINE#         576
  -------         ENDPROC       _TIMER_MP_HANDLE
  -------         PROC          _POWER_CHANGE
  X:023AH         SYMBOL        level
  C:287BH         LINE#         578
  C:2880H         LINE#         579
  C:2880H         LINE#         580
  C:2892H         LINE#         581
  C:2892H         LINE#         582
  C:289CH         LINE#         584
  C:289CH         LINE#         585
  C:28A6H         LINE#         587
  C:28B3H         LINE#         588
  C:28B3H         LINE#         589
  C:28BCH         LINE#         590
  C:28C4H         LINE#         591
  C:28CCH         LINE#         592
  C:28D4H         LINE#         594
  C:28D9H         LINE#         595
  C:28EEH         LINE#         597
  C:28F9H         LINE#         598
  C:28F9H         LINE#         599
  C:290EH         LINE#         600
  C:290EH         LINE#         601
  C:290FH         LINE#         603
  C:290FH         LINE#         604
  C:2914H         LINE#         605
  C:291DH         LINE#         606
  C:2922H         LINE#         607
  C:2927H         LINE#         608
  C:292CH         LINE#         609
  C:2931H         LINE#         611
  C:2946H         LINE#         612
  C:2946H         LINE#         613
  -------         ENDPROC       _POWER_CHANGE
  -------         PROC          _TIMER_T_HANDLE
  X:01DFH         SYMBOL        timer
  C:312EH         LINE#         615
  C:3139H         LINE#         616
  C:3139H         LINE#         617
  C:3142H         LINE#         619
  C:3148H         LINE#         621
BL51 BANKED LINKER/LOCATER V6.22.2.0                                                  04/10/2021  00:07:44  PAGE 20


  C:315AH         LINE#         622
  C:315AH         LINE#         623
  C:315FH         LINE#         624
  C:3167H         LINE#         625
  C:316CH         LINE#         626
  C:3171H         LINE#         627
  C:317AH         LINE#         629
  C:317BH         LINE#         630
  C:3188H         LINE#         631
  C:3188H         LINE#         632
  C:318DH         LINE#         633
  C:3195H         LINE#         635
  C:3196H         LINE#         636
  C:31A3H         LINE#         637
  C:31A3H         LINE#         638
  C:31A8H         LINE#         639
  C:31B0H         LINE#         641
  C:31B0H         LINE#         643
  C:31B0H         LINE#         644
  C:31B0H         LINE#         645
  -------         ENDPROC       _TIMER_T_HANDLE
  -------         PROC          _TIMER_CHANGE
  X:023BH         SYMBOL        level
  C:3018H         LINE#         647
  C:301DH         LINE#         648
  C:301DH         LINE#         649
  C:302AH         LINE#         650
  C:302AH         LINE#         651
  C:3034H         LINE#         653
  C:3034H         LINE#         655
  C:3046H         LINE#         656
  C:3046H         LINE#         657
  C:3050H         LINE#         659
  C:3050H         LINE#         661
  C:305AH         LINE#         662
  C:3067H         LINE#         663
  C:3067H         LINE#         664
  C:306CH         LINE#         665
  C:3081H         LINE#         666
  C:308AH         LINE#         667
  C:308BH         LINE#         669
  C:308BH         LINE#         670
  C:3090H         LINE#         671
  C:3099H         LINE#         672
  C:30A2H         LINE#         673
  C:30A2H         LINE#         674
  -------         ENDPROC       _TIMER_CHANGE
  -------         PROC          _MATCH_ID
  X:023CH         SYMBOL        level
  C:3633H         LINE#         676
  C:3638H         LINE#         677
  C:3638H         LINE#         678
  C:3645H         LINE#         679
  C:3645H         LINE#         680
  C:366AH         LINE#         681
  C:366DH         LINE#         683
  C:3678H         LINE#         685
BL51 BANKED LINKER/LOCATER V6.22.2.0                                                  04/10/2021  00:07:44  PAGE 21


  C:368DH         LINE#         686
  C:368DH         LINE#         687
  -------         ENDPROC       _MATCH_ID
  -------         PROC          _CHANGE_MODE_LEVEL
  X:022FH         SYMBOL        mode
  X:0230H         SYMBOL        level
  C:2DD5H         LINE#         689
  C:2DDFH         LINE#         690
  C:2DDFH         LINE#         692
  C:2DFEH         LINE#         693
  C:2DFEH         LINE#         694
  C:2DFEH         LINE#         696
  C:2E06H         LINE#         697
  C:2E09H         LINE#         698
  C:2E0AH         LINE#         700
  C:2E0AH         LINE#         702
  C:2E12H         LINE#         703
  C:2E13H         LINE#         705
  C:2E13H         LINE#         707
  C:2E1BH         LINE#         708
  C:2E25H         LINE#         709
  C:2E28H         LINE#         710
  C:2E29H         LINE#         712
  C:2E29H         LINE#         714
  C:2E31H         LINE#         715
  C:2E3BH         LINE#         716
  C:2E3EH         LINE#         717
  C:2E3FH         LINE#         719
  C:2E3FH         LINE#         721
  C:2E47H         LINE#         722
  C:2E51H         LINE#         723
  C:2E54H         LINE#         724
  C:2E55H         LINE#         726
  C:2E55H         LINE#         727
  C:2E5DH         LINE#         728
  C:2E60H         LINE#         729
  C:2E61H         LINE#         731
  C:2E61H         LINE#         732
  C:2E6AH         LINE#         733
  C:2E6AH         LINE#         734
  C:2E6AH         LINE#         735
  -------         ENDPROC       _CHANGE_MODE_LEVEL
  -------         PROC          READ_CONTROL_PARAMS
  C:31B1H         LINE#         741
  C:31B1H         LINE#         742
  C:31B1H         LINE#         743
  C:31C0H         LINE#         744
  C:31D6H         LINE#         746
  C:31E1H         LINE#         748
  C:31F7H         LINE#         749
  C:31F7H         LINE#         750
  C:3201H         LINE#         752
  C:3201H         LINE#         754
  C:320BH         LINE#         756
  C:3215H         LINE#         757
  C:321FH         LINE#         758
  C:3229H         LINE#         760
BL51 BANKED LINKER/LOCATER V6.22.2.0                                                  04/10/2021  00:07:44  PAGE 22


  C:3232H         LINE#         761
  -------         ENDPROC       READ_CONTROL_PARAMS
  -------         PROC          WRITE_CONTROL_PARAMS
  C:2EFEH         LINE#         763
  C:2EFEH         LINE#         764
  C:2EFEH         LINE#         765
  C:2F0DH         LINE#         767
  C:2F17H         LINE#         768
  C:2F21H         LINE#         769
  C:2F2BH         LINE#         770
  C:2F35H         LINE#         771
  C:2F3FH         LINE#         772
  C:2F51H         LINE#         774
  C:2F5CH         LINE#         776
  C:2F78H         LINE#         777
  C:2F78H         LINE#         778
  C:2F82H         LINE#         780
  C:2F82H         LINE#         782
  C:2F8BH         LINE#         783
  -------         ENDPROC       WRITE_CONTROL_PARAMS
  -------         PROC          READ_CONTROL_ID
  C:3744H         LINE#         785
  C:3744H         LINE#         786
  C:3744H         LINE#         787
  C:375AH         LINE#         789
  C:3765H         LINE#         791
  C:377BH         LINE#         792
  C:377BH         LINE#         793
  C:378AH         LINE#         794
  C:3794H         LINE#         796
  C:3794H         LINE#         798
  C:379DH         LINE#         799
  -------         ENDPROC       READ_CONTROL_ID
  -------         PROC          WRITE_CONTROL_ID
  C:38F5H         LINE#         801
  C:38F5H         LINE#         802
  C:38F5H         LINE#         803
  C:3907H         LINE#         805
  C:3912H         LINE#         807
  C:392EH         LINE#         808
  C:392EH         LINE#         809
  C:3937H         LINE#         810
  C:3937H         LINE#         812
  C:3940H         LINE#         813
  -------         ENDPROC       WRITE_CONTROL_ID
  -------         PROC          READ_CHIP_ID
  -------         DO            
  X:01E2H         SYMBOL        id_buf
  -------         ENDDO         
  C:3941H         LINE#         815
  C:3941H         LINE#         816
  C:3941H         LINE#         819
  C:3952H         LINE#         821
  C:397CH         LINE#         823
  C:3987H         LINE#         824
  -------         ENDPROC       READ_CHIP_ID
  -------         PROC          CONTROL_STATUS_INIT
BL51 BANKED LINKER/LOCATER V6.22.2.0                                                  04/10/2021  00:07:44  PAGE 23


  C:3E36H         LINE#         826
  C:3E36H         LINE#         827
  C:3E36H         LINE#         828
  C:3E45H         LINE#         829
  C:3E48H         LINE#         830
  C:3E4BH         LINE#         832
  C:3E53H         LINE#         833
  -------         ENDPROC       CONTROL_STATUS_INIT
  -------         PROC          CONTROL_USER_INIT
  C:26D4H         LINE#         835
  C:26D4H         LINE#         836
  C:26D4H         LINE#         837
  C:26D7H         LINE#         838
  C:26DAH         LINE#         839
  C:26DDH         LINE#         841
  C:26E0H         LINE#         843
  C:2706H         LINE#         844
  C:272CH         LINE#         845
  C:2752H         LINE#         846
  C:2778H         LINE#         847
  C:279EH         LINE#         849
  C:27A7H         LINE#         851
  C:27AAH         LINE#         852
  -------         ENDPROC       CONTROL_USER_INIT
  -------         PROC          CONTROL_LOOP
  -------         DO            
  X:0006H         SYMBOL        mode
  X:0007H         SYMBOL        level
  -------         ENDDO         
  C:3850H         LINE#         854
  C:3850H         LINE#         855
  C:3850H         LINE#         858
  C:385DH         LINE#         859
  C:385DH         LINE#         860
  C:3889H         LINE#         861
  C:3889H         LINE#         862
  C:3892H         LINE#         863
  C:3894H         LINE#         865
  C:3894H         LINE#         866
  C:38A1H         LINE#         867
  C:38A1H         LINE#         869
  C:38A6H         LINE#         870
  C:38A6H         LINE#         871
  -------         ENDPROC       CONTROL_LOOP
  -------         ENDMOD        CONTROL

  -------         MODULE        GPIO
  C:0000H         SYMBOL        _ICE_DUMMY_
  D:0093H         PUBLIC        P0M1
  D:0092H         PUBLIC        P1M0
  D:0096H         PUBLIC        P2M0
  D:0091H         PUBLIC        P1M1
  D:0080H         PUBLIC        P0
  D:00B2H         PUBLIC        P3M0
  D:0095H         PUBLIC        P2M1
  D:0090H         PUBLIC        P1
  D:00B4H         PUBLIC        P4M0
BL51 BANKED LINKER/LOCATER V6.22.2.0                                                  04/10/2021  00:07:44  PAGE 24


  D:00B1H         PUBLIC        P3M1
  D:00A0H         PUBLIC        P2
  D:00CAH         PUBLIC        P5M0
  D:00B3H         PUBLIC        P4M1
  D:00B0H         PUBLIC        P3
  D:00CCH         PUBLIC        P6M0
  D:00C9H         PUBLIC        P5M1
  D:00C0H         PUBLIC        P4
  D:00E2H         PUBLIC        P7M0
  D:00CBH         PUBLIC        P6M1
  D:00C8H         PUBLIC        P5
  D:00E8H         PUBLIC        P6
  D:00E1H         PUBLIC        P7M1
  D:00F8H         PUBLIC        P7
  C:12ADH         PUBLIC        _gpio_hw_init
  D:00A8H         PUBLIC        IE
  D:00B8H         PUBLIC        IP
  C:2C0AH         PUBLIC        _gpio_read
  D:0098H         PUBLIC        SCON
  D:0088H         PUBLIC        TCON
  C:2022H         PUBLIC        _gpio_write
  D:00D0H         PUBLIC        PSW
  D:0094H         PUBLIC        P0M0
  -------         PROC          _GPIO_HW_INIT
  X:01E5H         SYMBOL        group
  X:01E6H         SYMBOL        pin
  X:01E7H         SYMBOL        dic
  C:12ADH         LINE#         30
  C:12BCH         LINE#         31
  C:12BCH         LINE#         32
  C:12C2H         LINE#         33
  C:12C8H         LINE#         34
  C:12CEH         LINE#         35
  C:12D4H         LINE#         37
  C:12DFH         LINE#         38
  C:12DFH         LINE#         39
  C:12F8H         LINE#         40
  C:12F8H         LINE#         41
  C:12F8H         LINE#         43
  C:130CH         LINE#         44
  C:130FH         LINE#         45
  C:1310H         LINE#         46
  C:1310H         LINE#         48
  C:1324H         LINE#         49
  C:1327H         LINE#         50
  C:1328H         LINE#         51
  C:1328H         LINE#         53
  C:133CH         LINE#         54
  C:133FH         LINE#         55
  C:1340H         LINE#         56
  C:1340H         LINE#         58
  C:1354H         LINE#         59
  C:1357H         LINE#         60
  C:1358H         LINE#         62
  C:1358H         LINE#         63
  C:1359H         LINE#         64
  C:1359H         LINE#         65
BL51 BANKED LINKER/LOCATER V6.22.2.0                                                  04/10/2021  00:07:44  PAGE 25


  C:135AH         LINE#         66
  C:1367H         LINE#         67
  C:1367H         LINE#         68
  C:1380H         LINE#         69
  C:1380H         LINE#         70
  C:1380H         LINE#         72
  C:1383H         LINE#         73
  C:1397H         LINE#         74
  C:1398H         LINE#         75
  C:1398H         LINE#         77
  C:139BH         LINE#         78
  C:13AFH         LINE#         79
  C:13B0H         LINE#         80
  C:13B0H         LINE#         82
  C:13B3H         LINE#         83
  C:13C7H         LINE#         84
  C:13C8H         LINE#         85
  C:13C8H         LINE#         87
  C:13CBH         LINE#         88
  C:13DFH         LINE#         89
  C:13E0H         LINE#         91
  C:13E0H         LINE#         92
  C:13E1H         LINE#         93
  C:13E1H         LINE#         94
  C:13E2H         LINE#         96
  C:13E2H         LINE#         97
  C:13FBH         LINE#         98
  C:13FBH         LINE#         99
  C:13FBH         LINE#         101
  C:13FEH         LINE#         102
  C:1401H         LINE#         103
  C:1402H         LINE#         104
  C:1402H         LINE#         106
  C:1405H         LINE#         107
  C:1408H         LINE#         108
  C:1409H         LINE#         109
  C:1409H         LINE#         111
  C:140CH         LINE#         112
  C:140FH         LINE#         113
  C:1410H         LINE#         114
  C:1410H         LINE#         116
  C:1413H         LINE#         117
  C:1416H         LINE#         118
  C:1416H         LINE#         120
  C:1416H         LINE#         121
  C:1416H         LINE#         122
  C:1416H         LINE#         123
  C:1416H         LINE#         124
  -------         ENDPROC       _GPIO_HW_INIT
  -------         PROC          _GPIO_READ
  X:01E8H         SYMBOL        group
  X:01E9H         SYMBOL        pin
  -------         DO            
  X:01EAH         SYMBOL        value
  -------         ENDDO         
  C:2C0AH         LINE#         126
  C:2C14H         LINE#         127
BL51 BANKED LINKER/LOCATER V6.22.2.0                                                  04/10/2021  00:07:44  PAGE 26


  C:2C14H         LINE#         128
  C:2C19H         LINE#         130
  C:2C32H         LINE#         131
  C:2C32H         LINE#         132
  C:2C32H         LINE#         134
  C:2C4CH         LINE#         135
  C:2C4EH         LINE#         136
  C:2C4EH         LINE#         138
  C:2C68H         LINE#         139
  C:2C6AH         LINE#         140
  C:2C6AH         LINE#         142
  C:2C84H         LINE#         143
  C:2C86H         LINE#         144
  C:2C86H         LINE#         146
  C:2CA0H         LINE#         147
  C:2CA0H         LINE#         149
  C:2CA0H         LINE#         150
  C:2CA0H         LINE#         151
  C:2CA0H         LINE#         153
  C:2CA5H         LINE#         154
  -------         ENDPROC       _GPIO_READ
  -------         PROC          _GPIO_WRITE
  X:01EBH         SYMBOL        group
  X:01ECH         SYMBOL        pin
  X:01EDH         SYMBOL        value
  C:2022H         LINE#         156
  C:2031H         LINE#         157
  C:2031H         LINE#         158
  C:204AH         LINE#         159
  C:204AH         LINE#         160
  C:204AH         LINE#         162
  C:2057H         LINE#         163
  C:2057H         LINE#         164
  C:206BH         LINE#         165
  C:206CH         LINE#         167
  C:206CH         LINE#         168
  C:2083H         LINE#         169
  C:2083H         LINE#         170
  C:2084H         LINE#         171
  C:2084H         LINE#         173
  C:2091H         LINE#         174
  C:2091H         LINE#         175
  C:20A5H         LINE#         176
  C:20A6H         LINE#         178
  C:20A6H         LINE#         179
  C:20BDH         LINE#         180
  C:20BDH         LINE#         181
  C:20BEH         LINE#         182
  C:20BEH         LINE#         184
  C:20CBH         LINE#         185
  C:20CBH         LINE#         186
  C:20DFH         LINE#         187
  C:20E0H         LINE#         189
  C:20E0H         LINE#         190
  C:20F7H         LINE#         191
  C:20F7H         LINE#         192
  C:20F8H         LINE#         193
BL51 BANKED LINKER/LOCATER V6.22.2.0                                                  04/10/2021  00:07:44  PAGE 27


  C:20F8H         LINE#         195
  C:2105H         LINE#         196
  C:2105H         LINE#         197
  C:2119H         LINE#         198
  C:211AH         LINE#         200
  C:211AH         LINE#         201
  C:2131H         LINE#         202
  C:2131H         LINE#         203
  C:2131H         LINE#         205
  C:2131H         LINE#         206
  C:2131H         LINE#         207
  C:2131H         LINE#         208
  -------         ENDPROC       _GPIO_WRITE
  -------         ENDMOD        GPIO

  -------         MODULE        HW_TIMER
  C:0000H         SYMBOL        _ICE_DUMMY_
  D:0080H         PUBLIC        P0
  D:0090H         PUBLIC        P1
  C:3415H         PUBLIC        timer0_int
  D:00A0H         PUBLIC        P2
  C:3484H         PUBLIC        timer1_int
  D:00B0H         PUBLIC        P3
  D:00C0H         PUBLIC        P4
  C:34F3H         PUBLIC        timer3_int
  D:00C8H         PUBLIC        P5
  D:00E8H         PUBLIC        P6
  D:00F8H         PUBLIC        P7
  D:00A8H         PUBLIC        IE
  C:379EH         PUBLIC        _hw_timer_stop
  D:00B8H         PUBLIC        IP
  X:013EH         SYMBOL        timer0_hander
  X:0141H         SYMBOL        timer1_hander
  X:0144H         SYMBOL        timer3_hander
  D:0098H         PUBLIC        SCON
  D:0089H         PUBLIC        TMOD
  D:0088H         PUBLIC        TCON
  D:00AFH         PUBLIC        IE2
  D:008EH         PUBLIC        AUXR
  B:00A8H.1       PUBLIC        ET0
  B:00A8H.3       PUBLIC        ET1
  C:1810H         SYMBOL        _Timer0_init
  C:1A80H         SYMBOL        _Timer1_init
  D:008CH         PUBLIC        TH0
  D:008DH         PUBLIC        TH1
  C:1CDBH         SYMBOL        _Timer3_init
  D:00D4H         PUBLIC        T3H
  D:008AH         PUBLIC        TL0
  D:008BH         PUBLIC        TL1
  D:00D5H         PUBLIC        T3L
  B:0088H.4       PUBLIC        TR0
  B:0088H.6       PUBLIC        TR1
  C:3F4BH         SYMBOL        Timer0_stop
  D:00D1H         PUBLIC        T4T3M
  C:3F4EH         SYMBOL        Timer1_stop
  C:001EH         SYMBOL        Timer3_stop
  D:008FH         PUBLIC        INT_CLKO
BL51 BANKED LINKER/LOCATER V6.22.2.0                                                  04/10/2021  00:07:44  PAGE 28


  D:00D0H         PUBLIC        PSW
  C:2E6BH         PUBLIC        _hw_timer_init
  -------         PROC          TIMER0_STOP
  C:3F4BH         LINE#         33
  C:3F4BH         LINE#         34
  C:3F4BH         LINE#         35
  C:3F4DH         LINE#         37
  -------         ENDPROC       TIMER0_STOP
  -------         PROC          _TIMER0_INIT
  X:0147H         SYMBOL        tick_us
  -------         DO            
  X:014BH         SYMBOL        tick_clk
  -------         ENDDO         
  C:1810H         LINE#         39
  C:1816H         LINE#         40
  C:1816H         LINE#         41
  C:1820H         LINE#         43
  C:1822H         LINE#         45
  C:1824H         LINE#         47
  C:1827H         LINE#         48
  C:182AH         LINE#         50
  C:182DH         LINE#         52
  C:1830H         LINE#         54
  C:184FH         LINE#         55
  C:186BH         LINE#         56
  C:186BH         LINE#         57
  C:186EH         LINE#         58
  C:1897H         LINE#         59
  C:18C5H         LINE#         60
  C:18C8H         LINE#         62
  C:18C8H         LINE#         63
  C:18CBH         LINE#         64
  C:1907H         LINE#         65
  C:1948H         LINE#         66
  C:1948H         LINE#         68
  C:194AH         LINE#         69
  -------         ENDPROC       _TIMER0_INIT
  -------         PROC          TIMER1_STOP
  C:3F4EH         LINE#         71
  C:3F4EH         LINE#         72
  C:3F4EH         LINE#         73
  C:3F50H         LINE#         74
  -------         ENDPROC       TIMER1_STOP
  -------         PROC          _TIMER1_INIT
  X:014FH         SYMBOL        tick_us
  -------         DO            
  X:0153H         SYMBOL        tick_clk
  -------         ENDDO         
  C:1A80H         LINE#         76
  C:1A86H         LINE#         77
  C:1A86H         LINE#         80
  C:1A88H         LINE#         82
  C:1A8AH         LINE#         84
  C:1A8DH         LINE#         85
  C:1A90H         LINE#         87
  C:1A93H         LINE#         89
  C:1A96H         LINE#         91
BL51 BANKED LINKER/LOCATER V6.22.2.0                                                  04/10/2021  00:07:44  PAGE 29


  C:1AB5H         LINE#         92
  C:1AD1H         LINE#         93
  C:1AD1H         LINE#         94
  C:1AD4H         LINE#         95
  C:1AFDH         LINE#         96
  C:1B2BH         LINE#         97
  C:1B2EH         LINE#         99
  C:1B2EH         LINE#         100
  C:1B31H         LINE#         101
  C:1B6DH         LINE#         102
  C:1BAEH         LINE#         103
  C:1BAEH         LINE#         105
  C:1BB0H         LINE#         106
  -------         ENDPROC       _TIMER1_INIT
  -------         PROC          _TIMER3_INIT
  X:0157H         SYMBOL        tick_us
  -------         DO            
  X:015BH         SYMBOL        tick_clk
  -------         ENDDO         
  C:1CDBH         LINE#         108
  C:1CE1H         LINE#         109
  C:1CE1H         LINE#         112
  C:1CE4H         LINE#         114
  C:1CE7H         LINE#         116
  C:1D06H         LINE#         117
  C:1D22H         LINE#         118
  C:1D22H         LINE#         119
  C:1D25H         LINE#         120
  C:1D4EH         LINE#         121
  C:1D7CH         LINE#         122
  C:1D7EH         LINE#         124
  C:1D7EH         LINE#         125
  C:1DBAH         LINE#         126
  C:1DFBH         LINE#         127
  C:1DFBH         LINE#         129
  C:1DFEH         LINE#         130
  -------         ENDPROC       _TIMER3_INIT
  -------         PROC          TIMER3_STOP
  C:001EH         LINE#         132
  C:001EH         LINE#         133
  C:001EH         LINE#         134
  C:0021H         LINE#         135
  -------         ENDPROC       TIMER3_STOP
  -------         PROC          _HW_TIMER_INIT
  X:015FH         SYMBOL        id
  X:0160H         SYMBOL        tick_us
  X:0164H         SYMBOL        hander
  C:2E6BH         LINE#         137
  C:2E70H         LINE#         138
  C:2E70H         LINE#         139
  C:2E86H         LINE#         140
  C:2E86H         LINE#         141
  C:2E86H         LINE#         143
  C:2E97H         LINE#         144
  C:2EADH         LINE#         145
  C:2EAEH         LINE#         147
  C:2EAEH         LINE#         149
BL51 BANKED LINKER/LOCATER V6.22.2.0                                                  04/10/2021  00:07:44  PAGE 30


  C:2EBFH         LINE#         150
  C:2ED5H         LINE#         151
  C:2ED6H         LINE#         153
  C:2ED6H         LINE#         155
  C:2EE7H         LINE#         156
  C:2EFDH         LINE#         157
  C:2EFDH         LINE#         159
  C:2EFDH         LINE#         160
  C:2EFDH         LINE#         161
  C:2EFDH         LINE#         162
  -------         ENDPROC       _HW_TIMER_INIT
  -------         PROC          _HW_TIMER_STOP
  X:023DH         SYMBOL        id
  C:379EH         LINE#         164
  C:37A3H         LINE#         165
  C:37A3H         LINE#         166
  C:37B9H         LINE#         167
  C:37B9H         LINE#         168
  C:37B9H         LINE#         170
  C:37BCH         LINE#         171
  C:37CDH         LINE#         172
  C:37CEH         LINE#         174
  C:37CEH         LINE#         176
  C:37D1H         LINE#         177
  C:37E2H         LINE#         178
  C:37E3H         LINE#         180
  C:37E3H         LINE#         182
  C:37E6H         LINE#         183
  C:37F7H         LINE#         184
  C:37F7H         LINE#         186
  C:37F7H         LINE#         187
  C:37F7H         LINE#         188
  C:37F7H         LINE#         189
  -------         ENDPROC       _HW_TIMER_STOP
  -------         PROC          TIMER0_INT
  C:3415H         LINE#         191
  C:3432H         LINE#         193
  C:3445H         LINE#         194
  C:3445H         LINE#         195
  C:3469H         LINE#         196
  C:3469H         LINE#         197
  -------         ENDPROC       TIMER0_INT
  -------         PROC          TIMER1_INT
  C:3484H         LINE#         199
  C:34A1H         LINE#         201
  C:34B4H         LINE#         202
  C:34B4H         LINE#         203
  C:34D8H         LINE#         204
  C:34D8H         LINE#         205
  -------         ENDPROC       TIMER1_INT
  -------         PROC          TIMER3_INT
  C:34F3H         LINE#         207
  C:3510H         LINE#         209
  C:3523H         LINE#         210
  C:3523H         LINE#         211
  C:3547H         LINE#         212
  C:3547H         LINE#         213
BL51 BANKED LINKER/LOCATER V6.22.2.0                                                  04/10/2021  00:07:44  PAGE 31


  -------         ENDPROC       TIMER3_INT
  -------         ENDMOD        HW_TIMER

  -------         MODULE        UART
  C:0000H         SYMBOL        _ICE_DUMMY_
  D:0080H         PUBLIC        P0
  D:0090H         PUBLIC        P1
  D:00A0H         PUBLIC        P2
  D:00B0H         PUBLIC        P3
  D:00C0H         PUBLIC        P4
  D:00C8H         PUBLIC        P5
  B:0020H.0       SYMBOL        B_TX1_Busy
  D:00E8H         PUBLIC        P6
  B:00A8H.7       PUBLIC        EA
  D:00F8H         PUBLIC        P7
  D:00A2H         PUBLIC        P_SW1
  D:00A8H         PUBLIC        IE
  C:368EH         PUBLIC        _uart_hw_init
  C:3CB5H         SYMBOL        _SetTimer2Baudraye
  B:00A8H.4       PUBLIC        ES
  D:00B8H         PUBLIC        IP
  B:0098H.0       PUBLIC        RI
  C:000EH         PUBLIC        UART1_int
  B:0098H.1       PUBLIC        TI
  D:0099H         PUBLIC        SBUF
  D:0098H         PUBLIC        SCON
  D:0088H         PUBLIC        TCON
  D:00AFH         PUBLIC        IE2
  D:008EH         PUBLIC        AUXR
  C:3E8AH         SYMBOL        uart1_config
  C:0022H         SYMBOL        uart2_config
  D:00D6H         PUBLIC        TH2
  D:00D7H         PUBLIC        TL2
  C:2343H         PUBLIC        _print_hex
  B:0098H.4       PUBLIC        REN
  C:3988H         PUBLIC        _print_str
  D:00D0H         PUBLIC        PSW
  -------         PROC          _SETTIMER2BAUDRAYE
  X:0231H         SYMBOL        dat
  C:3CB5H         LINE#         34
  C:3CBDH         LINE#         35
  C:3CBDH         LINE#         36
  C:3CC0H         LINE#         37
  C:3CC3H         LINE#         38
  C:3CC6H         LINE#         39
  C:3CD4H         LINE#         40
  C:3CE0H         LINE#         41
  C:3CE3H         LINE#         42
  C:3CE6H         LINE#         43
  -------         ENDPROC       _SETTIMER2BAUDRAYE
  -------         PROC          UART1_CONFIG
  C:3E8AH         LINE#         45
  C:3E8AH         LINE#         46
  C:3E8AH         LINE#         47
  C:3E94H         LINE#         49
  C:3E96H         LINE#         50
  C:3E98H         LINE#         51
BL51 BANKED LINKER/LOCATER V6.22.2.0                                                  04/10/2021  00:07:44  PAGE 32


  C:3E9BH         LINE#         52
  C:3E9EH         LINE#         55
  C:3EA0H         LINE#         56
  -------         ENDPROC       UART1_CONFIG
  -------         PROC          UART2_CONFIG
  C:0022H         LINE#         58
  C:0022H         LINE#         59
  C:0022H         LINE#         61
  -------         ENDPROC       UART2_CONFIG
  -------         PROC          _UART_HW_INIT
  X:01B4H         SYMBOL        id
  X:01B5H         SYMBOL        band
  C:368EH         LINE#         63
  C:3693H         LINE#         64
  C:3693H         LINE#         65
  C:3696H         LINE#         66
  C:36B9H         LINE#         68
  C:36CCH         LINE#         69
  C:36CCH         LINE#         70
  C:36CCH         LINE#         72
  C:36CFH         LINE#         73
  C:36D1H         LINE#         75
  C:36D1H         LINE#         77
  C:36D4H         LINE#         78
  C:36D4H         LINE#         80
  C:36D4H         LINE#         81
  C:36D4H         LINE#         82
  C:36D4H         LINE#         84
  C:36D6H         LINE#         86
  C:36DFH         LINE#         87
  C:36E8H         LINE#         88
  -------         ENDPROC       _UART_HW_INIT
  -------         PROC          _PRINT_STR
  X:01EEH         SYMBOL        puts
  C:3988H         LINE#         90
  C:3993H         LINE#         91
  C:3993H         LINE#         92
  C:39A8H         LINE#         93
  C:39A8H         LINE#         94
  C:39B9H         LINE#         95
  C:39BBH         LINE#         96
  C:39BEH         LINE#         97
  C:39CAH         LINE#         98
  -------         ENDPROC       _PRINT_STR
  -------         PROC          _PRINT_HEX
  X:01B9H         SYMBOL        puts
  X:01BCH         SYMBOL        len
  -------         DO            
  X:01BDH         SYMBOL        i
  -------         ENDDO         
  C:2343H         LINE#         100
  C:2353H         LINE#         101
  C:2353H         LINE#         102
  C:2358H         LINE#         103
  C:236FH         LINE#         104
  C:236FH         LINE#         105
  C:2390H         LINE#         106
BL51 BANKED LINKER/LOCATER V6.22.2.0                                                  04/10/2021  00:07:44  PAGE 33


  C:23ABH         LINE#         108
  C:23C4H         LINE#         109
  C:23C6H         LINE#         110
  C:23C9H         LINE#         112
  C:23E9H         LINE#         113
  C:2403H         LINE#         115
  C:241BH         LINE#         116
  C:241DH         LINE#         117
  C:2420H         LINE#         118
  C:242AH         LINE#         119
  C:2433H         LINE#         121
  C:2436H         LINE#         122
  C:2438H         LINE#         123
  C:243BH         LINE#         124
  -------         ENDPROC       _PRINT_HEX
  -------         PROC          UART1_INT
  C:000EH         LINE#         134
  C:000EH         LINE#         136
  C:0011H         LINE#         137
  C:0011H         LINE#         138
  C:0013H         LINE#         139
  C:0013H         LINE#         141
  C:0016H         LINE#         142
  C:0016H         LINE#         143
  C:0018H         LINE#         144
  C:001AH         LINE#         145
  C:001AH         LINE#         146
  -------         ENDPROC       UART1_INT
  -------         ENDMOD        UART

  -------         MODULE        E2PROM
  C:0000H         SYMBOL        _ICE_DUMMY_
  D:0080H         PUBLIC        P0
  D:0090H         PUBLIC        P1
  D:00A0H         PUBLIC        P2
  D:00B0H         PUBLIC        P3
  C:3EF1H         SYMBOL        DisableEEPROM
  D:00C0H         PUBLIC        P4
  D:00C8H         PUBLIC        P5
  D:00E8H         PUBLIC        P6
  B:00A8H.7       PUBLIC        EA
  D:00F8H         PUBLIC        P7
  D:00A8H         PUBLIC        IE
  D:00C5H         PUBLIC        IAP_CMD
  C:3CE7H         SYMBOL        _EEPROM_SectorErase
  C:3562H         SYMBOL        _EEPROM_read_n
  D:00B8H         PUBLIC        IP
  D:00C3H         PUBLIC        IAP_ADDRH
  D:00C4H         PUBLIC        IAP_ADDRL
  C:16CAH         SYMBOL        _EEPROM_write_n
  C:3F51H         PUBLIC        e2prom_hw_init
  D:00F5H         PUBLIC        IAP_TPS
  D:0098H         PUBLIC        SCON
  D:0088H         PUBLIC        TCON
  C:3EB6H         SYMBOL        EEPROM_Trig
  D:00C7H         PUBLIC        IAP_CONTR
  D:00C2H         PUBLIC        IAP_DATA
BL51 BANKED LINKER/LOCATER V6.22.2.0                                                  04/10/2021  00:07:44  PAGE 34


  C:3B7FH         PUBLIC        _e2prom_read
  C:35D1H         PUBLIC        _e2prom_write
  D:00C6H         PUBLIC        IAP_TRIG
  B:00D0H.5       PUBLIC        F0
  D:00D0H         PUBLIC        PSW
  -------         PROC          DISABLEEEPROM
  C:3EF1H         LINE#         49
  C:3EF1H         LINE#         50
  C:3EF1H         LINE#         51
  C:3EF4H         LINE#         52
  C:3EF7H         LINE#         53
  C:3EFAH         LINE#         54
  C:3EFDH         LINE#         55
  C:3F00H         LINE#         56
  -------         ENDPROC       DISABLEEEPROM
  -------         PROC          EEPROM_TRIG
  C:3EB6H         LINE#         65
  C:3EB6H         LINE#         66
  C:3EB6H         LINE#         67
  C:3EBAH         LINE#         68
  C:3EBCH         LINE#         69
  C:3EBFH         LINE#         70
  C:3EC2H         LINE#         73
  C:3EC3H         LINE#         74
  C:3EC4H         LINE#         75
  C:3EC5H         LINE#         76
  C:3EC9H         LINE#         77
  -------         ENDPROC       EEPROM_TRIG
  -------         PROC          _EEPROM_SECTORERASE
  X:0233H         SYMBOL        EE_address
  C:3CE7H         LINE#         86
  C:3CEFH         LINE#         87
  C:3CEFH         LINE#         88
  C:3CF5H         LINE#         89
  C:3CF8H         LINE#         92
  C:3D06H         LINE#         93
  C:3D12H         LINE#         94
  C:3D15H         LINE#         95
  C:3D18H         LINE#         96
  -------         ENDPROC       _EEPROM_SECTORERASE
  -------         PROC          _EEPROM_READ_N
  X:018BH         SYMBOL        EE_address
  X:018DH         SYMBOL        DataAddress
  X:0190H         SYMBOL        length
  C:3562H         LINE#         107
  C:3575H         LINE#         108
  C:3575H         LINE#         109
  C:357BH         LINE#         110
  C:357EH         LINE#         112
[...]
  -------         ENDPROC       EV1527_ENCODE
  -------         PROC          _EV1527_ENCODE_HANDLE
  X:0206H         SYMBOL        p
  C:3F10H         LINE#         336
  C:3F1BH         LINE#         337
  C:3F1BH         LINE#         338
  C:3F1EH         LINE#         339
  -------         ENDPROC       _EV1527_ENCODE_HANDLE
  -------         PROC          _ENCODE_TIMER_RESTART
  X:01C6H         SYMBOL        time_us
  C:3BEAH         LINE#         341
  C:3BF0H         LINE#         342
  C:3BF0H         LINE#         343
  C:3C1AH         LINE#         345
  C:3C1CH         LINE#         346
  -------         ENDPROC       _ENCODE_TIMER_RESTART
  -------         PROC          ENCODE_TIMER_STOP
  C:3F3DH         LINE#         348
BL51 BANKED LINKER/LOCATER V6.22.2.0                                                  04/10/2021  00:07:44  PAGE 46


  C:3F3DH         LINE#         349
  C:3F3DH         LINE#         350
  C:3F42H         LINE#         352
  C:3F44H         LINE#         353
  -------         ENDPROC       ENCODE_TIMER_STOP
  -------         PROC          _EV1527_ENCODE_POST
  X:0133H         SYMBOL        write
  X:0136H         SYMBOL        id_t
  X:0139H         SYMBOL        id_len
  X:013AH         SYMBOL        key_t
  X:013DH         SYMBOL        key_len
  C:157CH         LINE#         355
  C:1587H         LINE#         356
  C:1587H         LINE#         357
  C:15EAH         LINE#         359
  C:15EAH         LINE#         360
  C:15EFH         LINE#         361
  C:15EFH         LINE#         368
  C:15FEH         LINE#         370
  C:1614H         LINE#         371
  C:1625H         LINE#         372
  C:1636H         LINE#         373
  C:1663H         LINE#         374
  C:1690H         LINE#         376
  C:16A4H         LINE#         377
  C:16AAH         LINE#         378
  C:16C4H         LINE#         380
  C:16C9H         LINE#         381
  -------         ENDPROC       _EV1527_ENCODE_POST
  -------         ENDMOD        EV1527

  -------         MODULE        SOFT_TIMER
  C:0000H         SYMBOL        _ICE_DUMMY_
  C:0026H         PUBLIC        _tk_timer_func_init
  C:3DB5H         PUBLIC        _tk_timer_get_state
  C:3C1DH         PUBLIC        _tk_timer_stop
  C:3D94H         PUBLIC        _tk_timer_get_mode
  C:3ACCH         PUBLIC        _soft_timer_register
  X:0101H         SYMBOL        tk_timer_get_tick
  C:33A4H         SYMBOL        __tk_timer_insert_node_to_list
  C:3DD6H         PUBLIC        soft_timer_update
  C:3C50H         PUBLIC        _tk_timer_continue
  X:0104H         SYMBOL        timer_tick
  C:2CA6H         PUBLIC        _tk_timer_detach
  C:3BB6H         PUBLIC        _hw_timer_handle
  C:1417H         PUBLIC        tk_timer_loop_handler
  C:3E70H         PUBLIC        _tk_timer_restart
  C:3F1FH         SYMBOL        get_timer_tick
  C:3B0AH         PUBLIC        _soft_timer_start
  C:3F2EH         PUBLIC        soft_timer_init
  C:30A3H         SYMBOL        __tk_timer_find_node_tail
  C:3F45H         PUBLIC        soft_timer_loop
  X:0108H         SYMBOL        tk_timer_head_node
  C:3E54H         PUBLIC        _soft_timer_stop
  X:010BH         SYMBOL        tk_timer_node
  C:36E9H         PUBLIC        _tk_timer_start
  C:2AB7H         SYMBOL        __tk_timer_set_start_param
BL51 BANKED LINKER/LOCATER V6.22.2.0                                                  04/10/2021  00:07:44  PAGE 47


  C:1DFFH         PUBLIC        _tk_timer_init
  -------         PROC          __TK_TIMER_FIND_NODE_TAIL
  X:0209H         SYMBOL        tk_timer_start_node
  -------         DO            
  X:00F5H         SYMBOL        node_curr
  X:00F8H         SYMBOL        node_next
  -------         ENDDO         
  C:30A3H         LINE#         46
  C:30AEH         LINE#         47
  C:30AEH         LINE#         52
  C:30C4H         LINE#         53
  C:30DAH         LINE#         55
  C:30DAH         LINE#         56
  C:30F0H         LINE#         57
  C:310FH         LINE#         58
  C:3122H         LINE#         59
  C:312DH         LINE#         60
  -------         ENDPROC       __TK_TIMER_FIND_NODE_TAIL
  -------         PROC          __TK_TIMER_INSERT_NODE_TO_LIST
  X:020CH         SYMBOL        tk_timer_node
  -------         DO            
  X:00FBH         SYMBOL        node_tail
  -------         ENDDO         
  C:33A4H         LINE#         69
  C:33AFH         LINE#         70
  C:33AFH         LINE#         73
  C:33C8H         LINE#         74
  C:33EDH         LINE#         75
  C:3412H         LINE#         76
  C:3414H         LINE#         77
  -------         ENDPROC       __TK_TIMER_INSERT_NODE_TO_LIST
  -------         PROC          _TK_TIMER_FUNC_INIT
  X:020FH         SYMBOL        get_tick_func
  C:0026H         LINE#         86
  C:0031H         LINE#         87
  C:0031H         LINE#         96
  C:0042H         LINE#         98
  C:0062H         LINE#         99
  C:0082H         LINE#         100
  C:0098H         LINE#         101
  C:009AH         LINE#         102
  -------         ENDPROC       _TK_TIMER_FUNC_INIT
  -------         PROC          _TK_TIMER_INIT
  X:01A3H         SYMBOL        timer
  X:01A6H         SYMBOL        timeout_callback
  C:1DFFH         LINE#         112
  C:1E0AH         LINE#         113
  C:1E0AH         LINE#         117
  C:1E30H         LINE#         118
  C:1E33H         LINE#         119
  C:1E42H         LINE#         120
  C:1E58H         LINE#         121
  C:1E6EH         LINE#         122
  C:1E86H         LINE#         123
  C:1E9EH         LINE#         124
  C:1EBEH         LINE#         125
  C:1EDEH         LINE#         127
BL51 BANKED LINKER/LOCATER V6.22.2.0                                                  04/10/2021  00:07:44  PAGE 48


  C:1F03H         LINE#         130
  C:1F11H         LINE#         131
  -------         ENDPROC       _TK_TIMER_INIT
  -------         PROC          _TK_TIMER_DETACH
  X:0212H         SYMBOL        timer
  C:2CA6H         LINE#         140
  C:2CB1H         LINE#         141
  C:2CB1H         LINE#         144
  C:2CE8H         LINE#         145
  C:2D04H         LINE#         146
  C:2D3BH         LINE#         147
  C:2D3DH         LINE#         148
  -------         ENDPROC       _TK_TIMER_DETACH
  -------         PROC          __TK_TIMER_SET_START_PARAM
  X:0215H         SYMBOL        timer
  C:2AB7H         LINE#         206
  C:2AC2H         LINE#         207
  C:2AC2H         LINE#         209
  C:2AF7H         LINE#         210
  C:2AFAH         LINE#         211
  C:2B3CH         LINE#         212
  C:2B4CH         LINE#         213
  C:2B61H         LINE#         214
  C:2B63H         LINE#         215
  -------         ENDPROC       __TK_TIMER_SET_START_PARAM
  -------         PROC          _TK_TIMER_START
  X:0167H         SYMBOL        timer
  X:016AH         SYMBOL        mode
  X:016BH         SYMBOL        delay_tick
  C:36E9H         LINE#         226
  C:36F9H         LINE#         227
  C:36F9H         LINE#         230
  C:3713H         LINE#         231
  C:3735H         LINE#         232
  C:3743H         LINE#         233
  -------         ENDPROC       _TK_TIMER_START
  -------         PROC          _TK_TIMER_STOP
  X:0218H         SYMBOL        timer
  C:3C1DH         LINE#         242
  C:3C28H         LINE#         243
  C:3C28H         LINE#         245
  C:3C37H         LINE#         246
  C:3C4DH         LINE#         247
  C:3C4FH         LINE#         248
  -------         ENDPROC       _TK_TIMER_STOP
  -------         PROC          _TK_TIMER_CONTINUE
  X:021BH         SYMBOL        timer
  C:3C50H         LINE#         257
  C:3C5BH         LINE#         258
  C:3C5BH         LINE#         260
  C:3C6BH         LINE#         261
  C:3C80H         LINE#         262
  C:3C82H         LINE#         263
  -------         ENDPROC       _TK_TIMER_CONTINUE
  -------         PROC          _TK_TIMER_RESTART
  X:021EH         SYMBOL        timer
  C:3E70H         LINE#         272
BL51 BANKED LINKER/LOCATER V6.22.2.0                                                  04/10/2021  00:07:44  PAGE 49


  C:3E7BH         LINE#         273
  C:3E7BH         LINE#         275
  C:3E89H         LINE#         276
  -------         ENDPROC       _TK_TIMER_RESTART
  -------         PROC          _TK_TIMER_GET_MODE
  X:0221H         SYMBOL        timer
  C:3D94H         LINE#         284
  C:3D9FH         LINE#         285
  C:3D9FH         LINE#         287
  C:3DB4H         LINE#         288
  -------         ENDPROC       _TK_TIMER_GET_MODE
  -------         PROC          _TK_TIMER_GET_STATE
  X:0224H         SYMBOL        timer
  C:3DB5H         LINE#         297
  C:3DC0H         LINE#         298
  C:3DC0H         LINE#         300
  C:3DD5H         LINE#         301
  -------         ENDPROC       _TK_TIMER_GET_STATE
  -------         PROC          TK_TIMER_LOOP_HANDLER
  -------         DO            
  X:00FEH         SYMBOL        timer
  -------         ENDDO         
  C:1417H         LINE#         309
  C:1417H         LINE#         310
  C:1417H         LINE#         313
  C:142AH         LINE#         314
  C:144BH         LINE#         316
  C:144EH         LINE#         318
  C:1464H         LINE#         319
  C:1464H         LINE#         320
  C:14B9H         LINE#         321
  C:14B9H         LINE#         322
  C:14C8H         LINE#         323
  C:14DEH         LINE#         325
  C:14FBH         LINE#         326
  C:1509H         LINE#         329
  C:1525H         LINE#         330
  C:1557H         LINE#         336
  C:1557H         LINE#         337
  C:1576H         LINE#         338
  C:1579H         LINE#         340
  C:157BH         LINE#         341
  -------         ENDPROC       TK_TIMER_LOOP_HANDLER
  -------         PROC          _HW_TIMER_HANDLE
  X:0227H         SYMBOL        p
  C:3BB6H         LINE#         347
  C:3BC1H         LINE#         348
  C:3BC1H         LINE#         349
  C:3BE9H         LINE#         350
  -------         ENDPROC       _HW_TIMER_HANDLE
  -------         PROC          GET_TIMER_TICK
  C:3F1FH         LINE#         352
  C:3F1FH         LINE#         353
  C:3F1FH         LINE#         354
  C:3F2DH         LINE#         355
  -------         ENDPROC       GET_TIMER_TICK
  -------         PROC          SOFT_TIMER_UPDATE
BL51 BANKED LINKER/LOCATER V6.22.2.0                                                  04/10/2021  00:07:44  PAGE 50


  C:3DD6H         LINE#         357
  C:3DD6H         LINE#         358
  C:3DD6H         LINE#         359
  C:3DF6H         LINE#         360
  -------         ENDPROC       SOFT_TIMER_UPDATE
  -------         PROC          SOFT_TIMER_INIT
  C:3F2EH         LINE#         362
  C:3F2EH         LINE#         363
  C:3F2EH         LINE#         364
  C:3F31H         LINE#         367
  C:3F3CH         LINE#         368
  -------         ENDPROC       SOFT_TIMER_INIT
  -------         PROC          SOFT_TIMER_LOOP
  C:3F45H         LINE#         370
  C:3F45H         LINE#         371
  C:3F45H         LINE#         372
  C:3F4AH         LINE#         373
  -------         ENDPROC       SOFT_TIMER_LOOP
  -------         PROC          _SOFT_TIMER_REGISTER
  X:01A9H         SYMBOL        timer
  X:01ACH         SYMBOL        timeout_callback
  C:3ACCH         LINE#         375
  C:3AD7H         LINE#         376
  C:3AD7H         LINE#         377
  C:3B09H         LINE#         378
  -------         ENDPROC       _SOFT_TIMER_REGISTER
  -------         PROC          _SOFT_TIMER_START
  X:016FH         SYMBOL        timer
  X:0172H         SYMBOL        mode
  X:0173H         SYMBOL        delay_tick
  C:3B0AH         LINE#         380
  C:3B1AH         LINE#         381
  C:3B1AH         LINE#         382
  C:3B47H         LINE#         383
  -------         ENDPROC       _SOFT_TIMER_START
  -------         PROC          _SOFT_TIMER_STOP
  X:022AH         SYMBOL        timer
  C:3E54H         LINE#         385
  C:3E5FH         LINE#         386
  C:3E5FH         LINE#         387
  C:3E6FH         LINE#         388
  -------         ENDPROC       _SOFT_TIMER_STOP
  -------         ENDMOD        SOFT_TIMER

  -------         MODULE        MAIN
  C:0000H         SYMBOL        _ICE_DUMMY_
  D:0080H         PUBLIC        P0
  D:0090H         PUBLIC        P1
  D:00A0H         PUBLIC        P2
  D:00B0H         PUBLIC        P3
  D:00C0H         PUBLIC        P4
  D:00C8H         PUBLIC        P5
  D:00E8H         PUBLIC        P6
  D:00F8H         PUBLIC        P7
  D:00A8H         PUBLIC        IE
  D:00B8H         PUBLIC        IP
  C:3D48H         PUBLIC        main
BL51 BANKED LINKER/LOCATER V6.22.2.0                                                  04/10/2021  00:07:44  PAGE 51


  D:0098H         PUBLIC        SCON
  D:0088H         PUBLIC        TCON
  D:00D0H         PUBLIC        PSW
  -------         PROC          MAIN
  C:3D48H         LINE#         40
  C:3D48H         LINE#         41
  C:3D48H         LINE#         60
  C:3D57H         LINE#         62
  C:3D60H         LINE#         66
  C:3D69H         LINE#         68
  C:3D6EH         LINE#         69
  -------         ENDPROC       MAIN
  -------         ENDMOD        MAIN

  -------         MODULE        ?C?COPY
  C:016EH         PUBLIC        ?C?COPY
  -------         ENDMOD        ?C?COPY

  -------         MODULE        ?C?CLDPTR
  C:0194H         PUBLIC        ?C?CLDPTR
  -------         ENDMOD        ?C?CLDPTR

  -------         MODULE        ?C?CLDOPTR
  C:01ADH         PUBLIC        ?C?CLDOPTR
  -------         ENDMOD        ?C?CLDOPTR

  -------         MODULE        ?C?CSTPTR
  C:01DAH         PUBLIC        ?C?CSTPTR
  -------         ENDMOD        ?C?CSTPTR

  -------         MODULE        ?C?CSTOPTR
  C:01ECH         PUBLIC        ?C?CSTOPTR
  -------         ENDMOD        ?C?CSTOPTR

  -------         MODULE        ?C?IMUL
  C:020EH         PUBLIC        ?C?IMUL
  -------         ENDMOD        ?C?IMUL

  -------         MODULE        ?C?UIDIV
  C:0220H         PUBLIC        ?C?UIDIV
  -------         ENDMOD        ?C?UIDIV

  -------         MODULE        ?C?IILDX
  C:0275H         PUBLIC        ?C?IILDX
  -------         ENDMOD        ?C?IILDX

  -------         MODULE        ?C?LMUL
  C:028BH         PUBLIC        ?C?LMUL
  -------         ENDMOD        ?C?LMUL

  -------         MODULE        ?C?ULDIV
  C:0316H         PUBLIC        ?C?ULDIV
  -------         ENDMOD        ?C?ULDIV

  -------         MODULE        ?C?ULCMP
  C:03A8H         PUBLIC        ?C?ULCMP
  -------         ENDMOD        ?C?ULCMP
BL51 BANKED LINKER/LOCATER V6.22.2.0                                                  04/10/2021  00:07:44  PAGE 52



  -------         MODULE        ?C?LLDOPTR
  C:03B9H         PUBLIC        ?C?LLDOPTR
  -------         ENDMOD        ?C?LLDOPTR

  -------         MODULE        ?C?LSTOPTR
  C:03E9H         PUBLIC        ?C?LSTOPTR
  -------         ENDMOD        ?C?LSTOPTR

  -------         MODULE        ?C?LLDOPTR0
  C:040DH         PUBLIC        ?C?LLDOPTR0
  -------         ENDMOD        ?C?LLDOPTR0

  -------         MODULE        ?C?LSTXDATA
  C:043DH         PUBLIC        ?C?LSTXDATA
  -------         ENDMOD        ?C?LSTXDATA

  -------         MODULE        ?C?LSTKXDATA
  C:0449H         PUBLIC        ?C?LSTKXDATA
  -------         ENDMOD        ?C?LSTKXDATA

  -------         MODULE        ?C?LSTKOPTR
  C:047AH         PUBLIC        ?C?LSTKOPTR
  -------         ENDMOD        ?C?LSTKOPTR

  -------         MODULE        ?C?PLDOPTR
  C:049EH         PUBLIC        ?C?PLDOPTR
  -------         ENDMOD        ?C?PLDOPTR

  -------         MODULE        ?C?PSTOPTR
  C:04CEH         PUBLIC        ?C?PSTOPTR
  -------         ENDMOD        ?C?PSTOPTR

  -------         MODULE        ?C?CCASE
  C:0527H         PUBLIC        ?C?CCASE
  -------         ENDMOD        ?C?CCASE

  -------         MODULE        ?C?ICALL
  C:054DH         PUBLIC        ?C?ICALL
  C:0551H         PUBLIC        ?C?ICALL2
  -------         ENDMOD        ?C?ICALL

  -------         MODULE        ?C?MEMSET
  C:0553H         PUBLIC        ?C?MEMSET
  -------         ENDMOD        ?C?MEMSET

  -------         MODULE        ?C?LLDIDATA
  C:057FH         PUBLIC        ?C?LLDIDATA
  -------         ENDMOD        ?C?LLDIDATA

  -------         MODULE        ?C?LLDXDATA
  C:058BH         PUBLIC        ?C?LLDXDATA
  -------         ENDMOD        ?C?LLDXDATA

  -------         MODULE        ?C?LLDPDATA
  C:0597H         PUBLIC        ?C?LLDPDATA
  -------         ENDMOD        ?C?LLDPDATA
BL51 BANKED LINKER/LOCATER V6.22.2.0                                                  04/10/2021  00:07:44  PAGE 53



  -------         MODULE        ?C?LLDCODE
  C:05A3H         PUBLIC        ?C?LLDCODE
  -------         ENDMOD        ?C?LLDCODE

  -------         MODULE        ?C?LLDIDATA0
  C:05B3H         PUBLIC        ?C?LLDIDATA0
  -------         ENDMOD        ?C?LLDIDATA0

  -------         MODULE        ?C?LLDXDATA0
  C:05C0H         PUBLIC        ?C?LLDXDATA0
  -------         ENDMOD        ?C?LLDXDATA0

  -------         MODULE        ?C?LLDPDATA0
  C:05CCH         PUBLIC        ?C?LLDPDATA0
  -------         ENDMOD        ?C?LLDPDATA0

  -------         MODULE        ?C?LLDCODE0
  C:05D9H         PUBLIC        ?C?LLDCODE0
  -------         ENDMOD        ?C?LLDCODE0

  -------         MODULE        ?C?LSTIDATA
  C:05E9H         PUBLIC        ?C?LSTIDATA
  -------         ENDMOD        ?C?LSTIDATA

  -------         MODULE        ?C?LSTPDATA
  C:05F5H         PUBLIC        ?C?LSTPDATA
  -------         ENDMOD        ?C?LSTPDATA

  -------         MODULE        ?C?LSTKIDATA
  C:0601H         PUBLIC        ?C?LSTKIDATA
  -------         ENDMOD        ?C?LSTKIDATA

  -------         MODULE        ?C?LSTKPDATA
  C:061AH         PUBLIC        ?C?LSTKPDATA
  -------         ENDMOD        ?C?LSTKPDATA

  -------         MODULE        ?C?PLDIDATA
  C:0633H         PUBLIC        ?C?PLDIDATA
  -------         ENDMOD        ?C?PLDIDATA

  -------         MODULE        ?C?PSTIDATA
  C:063CH         PUBLIC        ?C?PSTIDATA
  -------         ENDMOD        ?C?PSTIDATA

  -------         MODULE        ?C?PLDXDATA
  C:0645H         PUBLIC        ?C?PLDXDATA
  -------         ENDMOD        ?C?PLDXDATA

  -------         MODULE        ?C?PSTXDATA
  C:064EH         PUBLIC        ?C?PSTXDATA
  -------         ENDMOD        ?C?PSTXDATA

  -------         MODULE        ?C?PLDPDATA
  C:0657H         PUBLIC        ?C?PLDPDATA
  -------         ENDMOD        ?C?PLDPDATA

BL51 BANKED LINKER/LOCATER V6.22.2.0                                                  04/10/2021  00:07:44  PAGE 54


  -------         MODULE        ?C?PSTPDATA
  C:0660H         PUBLIC        ?C?PSTPDATA
  -------         ENDMOD        ?C?PSTPDATA

  -------         MODULE        ?C?PLDCODE
  C:0669H         PUBLIC        ?C?PLDCODE
  -------         ENDMOD        ?C?PLDCODE

*** WARNING L16: UNCALLED SEGMENT, IGNORED FOR OVERLAY PROCESS
    SEGMENT: ?PR?READ_CHIP_ID?CONTROL

*** WARNING L16: UNCALLED SEGMENT, IGNORED FOR OVERLAY PROCESS
    SEGMENT: ?PR?E2PROM_HW_INIT?E2PROM

*** WARNING L16: UNCALLED SEGMENT, IGNORED FOR OVERLAY PROCESS
    SEGMENT: ?PR?_RCC_HW_INIT?RCC

*** WARNING L16: UNCALLED SEGMENT, IGNORED FOR OVERLAY PROCESS
    SEGMENT: ?PR?_EV1527_ENCODE_POST?EV1527

*** WARNING L16: UNCALLED SEGMENT, IGNORED FOR OVERLAY PROCESS
    SEGMENT: ?PR?_TK_TIMER_DETACH?SOFT_TIMER

*** WARNING L16: UNCALLED SEGMENT, IGNORED FOR OVERLAY PROCESS
    SEGMENT: ?PR?_TK_TIMER_CONTINUE?SOFT_TIMER

*** WARNING L16: UNCALLED SEGMENT, IGNORED FOR OVERLAY PROCESS
    SEGMENT: ?PR?_TK_TIMER_GET_MODE?SOFT_TIMER

*** WARNING L16: UNCALLED SEGMENT, IGNORED FOR OVERLAY PROCESS
    SEGMENT: ?PR?_TK_TIMER_GET_STATE?SOFT_TIMER

Program Size: data=9.1 xdata=576 code=16210
LINK/LOCATE RUN COMPLETE.  8 WARNING(S),  0 ERROR(S)
